[0.185s] DEBUG:colcon:Command line arguments: ['/usr/bin/colcon', 'build']
[0.185s] DEBUG:colcon:Parsed command line arguments: Namespace(log_base=None, log_level=None, verb_name='build', build_base='build', install_base='install', merge_install=False, symlink_install=False, test_result_base=None, continue_on_error=False, executor='parallel', parallel_workers=16, event_handlers=None, ignore_user_meta=False, metas=['./colcon.meta'], base_paths=['.'], packages_ignore=None, packages_ignore_regex=None, paths=None, packages_up_to=None, packages_up_to_regex=None, packages_above=None, packages_above_and_dependencies=None, packages_above_depth=None, packages_select_by_dep=None, packages_skip_by_dep=None, packages_skip_up_to=None, packages_select_build_failed=False, packages_skip_build_finished=False, packages_select_test_failures=False, packages_skip_test_passed=False, packages_select=None, packages_skip=None, packages_select_regex=None, packages_skip_regex=None, packages_start=None, packages_end=None, allow_overriding=[], cmake_args=None, cmake_target=None, cmake_target_skip_unavailable=False, cmake_clean_cache=False, cmake_clean_first=False, cmake_force_configure=False, ament_cmake_args=None, catkin_cmake_args=None, catkin_skip_building_tests=False, mixin_files=None, mixin=None, verb_parser=<colcon_mixin.mixin.mixin_argument.MixinArgumentDecorator object at 0x794cd1956290>, verb_extension=<colcon_core.verb.build.BuildVerb object at 0x794cd1955b70>, main=<bound method BuildVerb.main of <colcon_core.verb.build.BuildVerb object at 0x794cd1955b70>>, mixin_verb=('build',))
[0.437s] Level 1:colcon.colcon_core.package_discovery:discover_packages(colcon_meta) check parameters
[0.438s] Level 1:colcon.colcon_core.package_discovery:discover_packages(recursive) check parameters
[0.438s] Level 1:colcon.colcon_core.package_discovery:discover_packages(ignore) check parameters
[0.438s] Level 1:colcon.colcon_core.package_discovery:discover_packages(path) check parameters
[0.438s] Level 1:colcon.colcon_core.package_discovery:discover_packages(colcon_meta) discover
[0.438s] Level 1:colcon.colcon_core.package_discovery:discover_packages(recursive) discover
[0.438s] INFO:colcon.colcon_core.package_discovery:Crawling recursively for packages in '/home/nicolas/ws_ros2'
[0.438s] Level 1:colcon.colcon_core.package_identification:_identify(.) by extensions ['ignore', 'ignore_ament_install']
[0.438s] Level 1:colcon.colcon_core.package_identification:_identify(.) by extension 'ignore'
[0.438s] Level 1:colcon.colcon_core.package_identification:_identify(.) by extension 'ignore_ament_install'
[0.438s] Level 1:colcon.colcon_core.package_identification:_identify(.) by extensions ['colcon_pkg']
[0.438s] Level 1:colcon.colcon_core.package_identification:_identify(.) by extension 'colcon_pkg'
[0.438s] Level 1:colcon.colcon_core.package_identification:_identify(.) by extensions ['colcon_meta']
[0.438s] Level 1:colcon.colcon_core.package_identification:_identify(.) by extension 'colcon_meta'
[0.439s] Level 1:colcon.colcon_core.package_identification:_identify(.) by extensions ['ros']
[0.439s] Level 1:colcon.colcon_core.package_identification:_identify(.) by extension 'ros'
[0.452s] Level 1:colcon.colcon_core.package_identification:_identify(.) by extensions ['cmake', 'python']
[0.452s] Level 1:colcon.colcon_core.package_identification:_identify(.) by extension 'cmake'
[0.453s] Level 1:colcon.colcon_core.package_identification:_identify(.) by extension 'python'
[0.453s] Level 1:colcon.colcon_core.package_identification:_identify(.) by extensions ['python_setup_py']
[0.453s] Level 1:colcon.colcon_core.package_identification:_identify(.) by extension 'python_setup_py'
[0.453s] Level 1:colcon.colcon_core.package_identification:_identify(build) by extensions ['ignore', 'ignore_ament_install']
[0.453s] Level 1:colcon.colcon_core.package_identification:_identify(build) by extension 'ignore'
[0.453s] Level 1:colcon.colcon_core.package_identification:_identify(build) ignored
[0.453s] Level 1:colcon.colcon_core.package_identification:_identify(install) by extensions ['ignore', 'ignore_ament_install']
[0.453s] Level 1:colcon.colcon_core.package_identification:_identify(install) by extension 'ignore'
[0.453s] Level 1:colcon.colcon_core.package_identification:_identify(install) ignored
[0.453s] Level 1:colcon.colcon_core.package_identification:_identify(log) by extensions ['ignore', 'ignore_ament_install']
[0.453s] Level 1:colcon.colcon_core.package_identification:_identify(log) by extension 'ignore'
[0.454s] Level 1:colcon.colcon_core.package_identification:_identify(log) ignored
[0.454s] Level 1:colcon.colcon_core.package_identification:_identify(src) by extensions ['ignore', 'ignore_ament_install']
[0.454s] Level 1:colcon.colcon_core.package_identification:_identify(src) by extension 'ignore'
[0.454s] Level 1:colcon.colcon_core.package_identification:_identify(src) by extension 'ignore_ament_install'
[0.454s] Level 1:colcon.colcon_core.package_identification:_identify(src) by extensions ['colcon_pkg']
[0.454s] Level 1:colcon.colcon_core.package_identification:_identify(src) by extension 'colcon_pkg'
[0.454s] Level 1:colcon.colcon_core.package_identification:_identify(src) by extensions ['colcon_meta']
[0.454s] Level 1:colcon.colcon_core.package_identification:_identify(src) by extension 'colcon_meta'
[0.454s] Level 1:colcon.colcon_core.package_identification:_identify(src) by extensions ['ros']
[0.454s] Level 1:colcon.colcon_core.package_identification:_identify(src) by extension 'ros'
[0.454s] Level 1:colcon.colcon_core.package_identification:_identify(src) by extensions ['cmake', 'python']
[0.454s] Level 1:colcon.colcon_core.package_identification:_identify(src) by extension 'cmake'
[0.454s] Level 1:colcon.colcon_core.package_identification:_identify(src) by extension 'python'
[0.454s] Level 1:colcon.colcon_core.package_identification:_identify(src) by extensions ['python_setup_py']
[0.454s] Level 1:colcon.colcon_core.package_identification:_identify(src) by extension 'python_setup_py'
[0.454s] Level 1:colcon.colcon_core.package_identification:_identify(src/my_tf2_package) by extensions ['ignore', 'ignore_ament_install']
[0.455s] Level 1:colcon.colcon_core.package_identification:_identify(src/my_tf2_package) by extension 'ignore'
[0.455s] Level 1:colcon.colcon_core.package_identification:_identify(src/my_tf2_package) by extension 'ignore_ament_install'
[0.455s] Level 1:colcon.colcon_core.package_identification:_identify(src/my_tf2_package) by extensions ['colcon_pkg']
[0.455s] Level 1:colcon.colcon_core.package_identification:_identify(src/my_tf2_package) by extension 'colcon_pkg'
[0.455s] Level 1:colcon.colcon_core.package_identification:_identify(src/my_tf2_package) by extensions ['colcon_meta']
[0.455s] Level 1:colcon.colcon_core.package_identification:_identify(src/my_tf2_package) by extension 'colcon_meta'
[0.455s] Level 1:colcon.colcon_core.package_identification:_identify(src/my_tf2_package) by extensions ['ros']
[0.455s] Level 1:colcon.colcon_core.package_identification:_identify(src/my_tf2_package) by extension 'ros'
[0.459s] DEBUG:colcon.colcon_core.package_identification:Package 'src/my_tf2_package' with type 'ros.ament_python' and name 'my_tf2_package'
[0.459s] Level 1:colcon.colcon_core.package_identification:_identify(src/px4_msgs) by extensions ['ignore', 'ignore_ament_install']
[0.459s] Level 1:colcon.colcon_core.package_identification:_identify(src/px4_msgs) by extension 'ignore'
[0.459s] Level 1:colcon.colcon_core.package_identification:_identify(src/px4_msgs) by extension 'ignore_ament_install'
[0.459s] Level 1:colcon.colcon_core.package_identification:_identify(src/px4_msgs) by extensions ['colcon_pkg']
[0.459s] Level 1:colcon.colcon_core.package_identification:_identify(src/px4_msgs) by extension 'colcon_pkg'
[0.459s] Level 1:colcon.colcon_core.package_identification:_identify(src/px4_msgs) by extensions ['colcon_meta']
[0.459s] Level 1:colcon.colcon_core.package_identification:_identify(src/px4_msgs) by extension 'colcon_meta'
[0.460s] Level 1:colcon.colcon_core.package_identification:_identify(src/px4_msgs) by extensions ['ros']
[0.460s] Level 1:colcon.colcon_core.package_identification:_identify(src/px4_msgs) by extension 'ros'
[0.461s] DEBUG:colcon.colcon_core.package_identification:Package 'src/px4_msgs' with type 'ros.ament_cmake' and name 'px4_msgs'
[0.461s] Level 1:colcon.colcon_core.package_identification:_identify(src/px4_ros_com) by extensions ['ignore', 'ignore_ament_install']
[0.461s] Level 1:colcon.colcon_core.package_identification:_identify(src/px4_ros_com) by extension 'ignore'
[0.461s] Level 1:colcon.colcon_core.package_identification:_identify(src/px4_ros_com) by extension 'ignore_ament_install'
[0.461s] Level 1:colcon.colcon_core.package_identification:_identify(src/px4_ros_com) by extensions ['colcon_pkg']
[0.461s] Level 1:colcon.colcon_core.package_identification:_identify(src/px4_ros_com) by extension 'colcon_pkg'
[0.461s] Level 1:colcon.colcon_core.package_identification:_identify(src/px4_ros_com) by extensions ['colcon_meta']
[0.461s] Level 1:colcon.colcon_core.package_identification:_identify(src/px4_ros_com) by extension 'colcon_meta'
[0.461s] Level 1:colcon.colcon_core.package_identification:_identify(src/px4_ros_com) by extensions ['ros']
[0.461s] Level 1:colcon.colcon_core.package_identification:_identify(src/px4_ros_com) by extension 'ros'
[0.462s] DEBUG:colcon.colcon_core.package_identification:Package 'src/px4_ros_com' with type 'ros.ament_cmake' and name 'px4_ros_com'
[0.463s] Level 1:colcon.colcon_core.package_identification:_identify(src/rtabmap_slam_pkg) by extensions ['ignore', 'ignore_ament_install']
[0.463s] Level 1:colcon.colcon_core.package_identification:_identify(src/rtabmap_slam_pkg) by extension 'ignore'
[0.463s] Level 1:colcon.colcon_core.package_identification:_identify(src/rtabmap_slam_pkg) by extension 'ignore_ament_install'
[0.463s] Level 1:colcon.colcon_core.package_identification:_identify(src/rtabmap_slam_pkg) by extensions ['colcon_pkg']
[0.463s] Level 1:colcon.colcon_core.package_identification:_identify(src/rtabmap_slam_pkg) by extension 'colcon_pkg'
[0.463s] Level 1:colcon.colcon_core.package_identification:_identify(src/rtabmap_slam_pkg) by extensions ['colcon_meta']
[0.463s] Level 1:colcon.colcon_core.package_identification:_identify(src/rtabmap_slam_pkg) by extension 'colcon_meta'
[0.463s] Level 1:colcon.colcon_core.package_identification:_identify(src/rtabmap_slam_pkg) by extensions ['ros']
[0.463s] Level 1:colcon.colcon_core.package_identification:_identify(src/rtabmap_slam_pkg) by extension 'ros'
[0.464s] DEBUG:colcon.colcon_core.package_identification:Package 'src/rtabmap_slam_pkg' with type 'ros.ament_cmake' and name 'rtabmap_slam_pkg'
[0.464s] Level 1:colcon.colcon_core.package_discovery:discover_packages(recursive) using defaults
[0.464s] Level 1:colcon.colcon_core.package_discovery:discover_packages(ignore) discover
[0.464s] Level 1:colcon.colcon_core.package_discovery:discover_packages(ignore) using defaults
[0.464s] Level 1:colcon.colcon_core.package_discovery:discover_packages(path) discover
[0.464s] Level 1:colcon.colcon_core.package_discovery:discover_packages(path) using defaults
[0.509s] Level 1:colcon.colcon_core.package_discovery:discover_packages(prefix_path) check parameters
[0.509s] Level 1:colcon.colcon_core.package_discovery:discover_packages(prefix_path) discover
[0.514s] DEBUG:colcon.colcon_installed_package_information.package_discovery:Found 362 installed packages in /opt/ros/humble
[0.517s] Level 1:colcon.colcon_core.package_discovery:discover_packages(prefix_path) using defaults
[0.564s] Level 5:colcon.colcon_core.verb:set package 'my_tf2_package' build argument 'cmake_args' from command line to 'None'
[0.564s] Level 5:colcon.colcon_core.verb:set package 'my_tf2_package' build argument 'cmake_target' from command line to 'None'
[0.564s] Level 5:colcon.colcon_core.verb:set package 'my_tf2_package' build argument 'cmake_target_skip_unavailable' from command line to 'False'
[0.564s] Level 5:colcon.colcon_core.verb:set package 'my_tf2_package' build argument 'cmake_clean_cache' from command line to 'False'
[0.564s] Level 5:colcon.colcon_core.verb:set package 'my_tf2_package' build argument 'cmake_clean_first' from command line to 'False'
[0.564s] Level 5:colcon.colcon_core.verb:set package 'my_tf2_package' build argument 'cmake_force_configure' from command line to 'False'
[0.564s] Level 5:colcon.colcon_core.verb:set package 'my_tf2_package' build argument 'ament_cmake_args' from command line to 'None'
[0.564s] Level 5:colcon.colcon_core.verb:set package 'my_tf2_package' build argument 'catkin_cmake_args' from command line to 'None'
[0.564s] Level 5:colcon.colcon_core.verb:set package 'my_tf2_package' build argument 'catkin_skip_building_tests' from command line to 'False'
[0.564s] DEBUG:colcon.colcon_core.verb:Building package 'my_tf2_package' with the following arguments: {'ament_cmake_args': None, 'build_base': '/home/nicolas/ws_ros2/build/my_tf2_package', 'catkin_cmake_args': None, 'catkin_skip_building_tests': False, 'cmake_args': None, 'cmake_clean_cache': False, 'cmake_clean_first': False, 'cmake_force_configure': False, 'cmake_target': None, 'cmake_target_skip_unavailable': False, 'install_base': '/home/nicolas/ws_ros2/install/my_tf2_package', 'merge_install': False, 'path': '/home/nicolas/ws_ros2/src/my_tf2_package', 'symlink_install': False, 'test_result_base': None}
[0.565s] Level 5:colcon.colcon_core.verb:set package 'px4_msgs' build argument 'cmake_args' from command line to 'None'
[0.565s] Level 5:colcon.colcon_core.verb:set package 'px4_msgs' build argument 'cmake_target' from command line to 'None'
[0.565s] Level 5:colcon.colcon_core.verb:set package 'px4_msgs' build argument 'cmake_target_skip_unavailable' from command line to 'False'
[0.565s] Level 5:colcon.colcon_core.verb:set package 'px4_msgs' build argument 'cmake_clean_cache' from command line to 'False'
[0.565s] Level 5:colcon.colcon_core.verb:set package 'px4_msgs' build argument 'cmake_clean_first' from command line to 'False'
[0.565s] Level 5:colcon.colcon_core.verb:set package 'px4_msgs' build argument 'cmake_force_configure' from command line to 'False'
[0.565s] Level 5:colcon.colcon_core.verb:set package 'px4_msgs' build argument 'ament_cmake_args' from command line to 'None'
[0.565s] Level 5:colcon.colcon_core.verb:set package 'px4_msgs' build argument 'catkin_cmake_args' from command line to 'None'
[0.565s] Level 5:colcon.colcon_core.verb:set package 'px4_msgs' build argument 'catkin_skip_building_tests' from command line to 'False'
[0.565s] DEBUG:colcon.colcon_core.verb:Building package 'px4_msgs' with the following arguments: {'ament_cmake_args': None, 'build_base': '/home/nicolas/ws_ros2/build/px4_msgs', 'catkin_cmake_args': None, 'catkin_skip_building_tests': False, 'cmake_args': None, 'cmake_clean_cache': False, 'cmake_clean_first': False, 'cmake_force_configure': False, 'cmake_target': None, 'cmake_target_skip_unavailable': False, 'install_base': '/home/nicolas/ws_ros2/install/px4_msgs', 'merge_install': False, 'path': '/home/nicolas/ws_ros2/src/px4_msgs', 'symlink_install': False, 'test_result_base': None}
[0.565s] Level 5:colcon.colcon_core.verb:set package 'rtabmap_slam_pkg' build argument 'cmake_args' from command line to 'None'
[0.565s] Level 5:colcon.colcon_core.verb:set package 'rtabmap_slam_pkg' build argument 'cmake_target' from command line to 'None'
[0.565s] Level 5:colcon.colcon_core.verb:set package 'rtabmap_slam_pkg' build argument 'cmake_target_skip_unavailable' from command line to 'False'
[0.565s] Level 5:colcon.colcon_core.verb:set package 'rtabmap_slam_pkg' build argument 'cmake_clean_cache' from command line to 'False'
[0.565s] Level 5:colcon.colcon_core.verb:set package 'rtabmap_slam_pkg' build argument 'cmake_clean_first' from command line to 'False'
[0.565s] Level 5:colcon.colcon_core.verb:set package 'rtabmap_slam_pkg' build argument 'cmake_force_configure' from command line to 'False'
[0.565s] Level 5:colcon.colcon_core.verb:set package 'rtabmap_slam_pkg' build argument 'ament_cmake_args' from command line to 'None'
[0.565s] Level 5:colcon.colcon_core.verb:set package 'rtabmap_slam_pkg' build argument 'catkin_cmake_args' from command line to 'None'
[0.565s] Level 5:colcon.colcon_core.verb:set package 'rtabmap_slam_pkg' build argument 'catkin_skip_building_tests' from command line to 'False'
[0.565s] DEBUG:colcon.colcon_core.verb:Building package 'rtabmap_slam_pkg' with the following arguments: {'ament_cmake_args': None, 'build_base': '/home/nicolas/ws_ros2/build/rtabmap_slam_pkg', 'catkin_cmake_args': None, 'catkin_skip_building_tests': False, 'cmake_args': None, 'cmake_clean_cache': False, 'cmake_clean_first': False, 'cmake_force_configure': False, 'cmake_target': None, 'cmake_target_skip_unavailable': False, 'install_base': '/home/nicolas/ws_ros2/install/rtabmap_slam_pkg', 'merge_install': False, 'path': '/home/nicolas/ws_ros2/src/rtabmap_slam_pkg', 'symlink_install': False, 'test_result_base': None}
[0.566s] Level 5:colcon.colcon_core.verb:set package 'px4_ros_com' build argument 'cmake_args' from command line to 'None'
[0.566s] Level 5:colcon.colcon_core.verb:set package 'px4_ros_com' build argument 'cmake_target' from command line to 'None'
[0.566s] Level 5:colcon.colcon_core.verb:set package 'px4_ros_com' build argument 'cmake_target_skip_unavailable' from command line to 'False'
[0.566s] Level 5:colcon.colcon_core.verb:set package 'px4_ros_com' build argument 'cmake_clean_cache' from command line to 'False'
[0.566s] Level 5:colcon.colcon_core.verb:set package 'px4_ros_com' build argument 'cmake_clean_first' from command line to 'False'
[0.566s] Level 5:colcon.colcon_core.verb:set package 'px4_ros_com' build argument 'cmake_force_configure' from command line to 'False'
[0.566s] Level 5:colcon.colcon_core.verb:set package 'px4_ros_com' build argument 'ament_cmake_args' from command line to 'None'
[0.566s] Level 5:colcon.colcon_core.verb:set package 'px4_ros_com' build argument 'catkin_cmake_args' from command line to 'None'
[0.566s] Level 5:colcon.colcon_core.verb:set package 'px4_ros_com' build argument 'catkin_skip_building_tests' from command line to 'False'
[0.566s] DEBUG:colcon.colcon_core.verb:Building package 'px4_ros_com' with the following arguments: {'ament_cmake_args': None, 'build_base': '/home/nicolas/ws_ros2/build/px4_ros_com', 'catkin_cmake_args': None, 'catkin_skip_building_tests': False, 'cmake_args': None, 'cmake_clean_cache': False, 'cmake_clean_first': False, 'cmake_force_configure': False, 'cmake_target': None, 'cmake_target_skip_unavailable': False, 'install_base': '/home/nicolas/ws_ros2/install/px4_ros_com', 'merge_install': False, 'path': '/home/nicolas/ws_ros2/src/px4_ros_com', 'symlink_install': False, 'test_result_base': None}
[0.566s] INFO:colcon.colcon_core.executor:Executing jobs using 'parallel' executor
[0.568s] DEBUG:colcon.colcon_parallel_executor.executor.parallel:run_until_complete
[0.568s] INFO:colcon.colcon_ros.task.ament_cmake.build:Building ROS package in '/home/nicolas/ws_ros2/src/px4_msgs' with build type 'ament_cmake'
[0.568s] INFO:colcon.colcon_cmake.task.cmake.build:Building CMake package in '/home/nicolas/ws_ros2/src/px4_msgs'
[0.572s] INFO:colcon.colcon_core.plugin_system:Skipping extension 'colcon_core.shell.bat': Not used on non-Windows systems
[0.572s] INFO:colcon.colcon_core.shell:Skip shell extension 'powershell' for command environment: Not usable outside of PowerShell
[0.572s] DEBUG:colcon.colcon_core.shell:Skip shell extension 'dsv' for command environment
[0.576s] INFO:colcon.colcon_ros.task.ament_python.build:Building ROS package in '/home/nicolas/ws_ros2/src/my_tf2_package' with build type 'ament_python'
[0.576s] Level 1:colcon.colcon_core.shell:create_environment_hook('my_tf2_package', 'ament_prefix_path')
[0.577s] INFO:colcon.colcon_core.shell:Creating environment hook '/home/nicolas/ws_ros2/install/my_tf2_package/share/my_tf2_package/hook/ament_prefix_path.ps1'
[0.578s] INFO:colcon.colcon_core.shell:Creating environment descriptor '/home/nicolas/ws_ros2/install/my_tf2_package/share/my_tf2_package/hook/ament_prefix_path.dsv'
[0.579s] INFO:colcon.colcon_core.shell:Creating environment hook '/home/nicolas/ws_ros2/install/my_tf2_package/share/my_tf2_package/hook/ament_prefix_path.sh'
[0.580s] INFO:colcon.colcon_core.shell:Skip shell extension 'powershell' for command environment: Not usable outside of PowerShell
[0.580s] DEBUG:colcon.colcon_core.shell:Skip shell extension 'dsv' for command environment
[0.583s] INFO:colcon.colcon_ros.task.ament_cmake.build:Building ROS package in '/home/nicolas/ws_ros2/src/rtabmap_slam_pkg' with build type 'ament_cmake'
[0.583s] INFO:colcon.colcon_cmake.task.cmake.build:Building CMake package in '/home/nicolas/ws_ros2/src/rtabmap_slam_pkg'
[0.583s] INFO:colcon.colcon_core.shell:Skip shell extension 'powershell' for command environment: Not usable outside of PowerShell
[0.583s] DEBUG:colcon.colcon_core.shell:Skip shell extension 'dsv' for command environment
[0.591s] DEBUG:colcon.colcon_core.event_handler.log_command:Invoking command in '/home/nicolas/ws_ros2/build/px4_msgs': CMAKE_PREFIX_PATH=/opt/ros/humble /usr/bin/cmake --build /home/nicolas/ws_ros2/build/px4_msgs -- -j16 -l16
[0.902s] INFO:colcon.colcon_core.task.python.build:Building Python package in '/home/nicolas/ws_ros2/src/my_tf2_package'
[0.903s] INFO:colcon.colcon_core.shell:Skip shell extension 'powershell' for command environment: Not usable outside of PowerShell
[0.903s] DEBUG:colcon.colcon_core.shell:Skip shell extension 'dsv' for command environment
[0.914s] DEBUG:colcon.colcon_core.event_handler.log_command:Invoking command in '/home/nicolas/ws_ros2/build/rtabmap_slam_pkg': CMAKE_PREFIX_PATH=/opt/ros/humble /usr/bin/cmake --build /home/nicolas/ws_ros2/build/rtabmap_slam_pkg -- -j16 -l16
[0.970s] DEBUG:colcon.colcon_core.event_handler.log_command:Invoked command in '/home/nicolas/ws_ros2/build/rtabmap_slam_pkg' returned '0': CMAKE_PREFIX_PATH=/opt/ros/humble /usr/bin/cmake --build /home/nicolas/ws_ros2/build/rtabmap_slam_pkg -- -j16 -l16
[0.985s] DEBUG:colcon.colcon_core.event_handler.log_command:Invoking command in '/home/nicolas/ws_ros2/build/rtabmap_slam_pkg': CMAKE_PREFIX_PATH=/opt/ros/humble /usr/bin/cmake --install /home/nicolas/ws_ros2/build/rtabmap_slam_pkg
[0.998s] Level 1:colcon.colcon_core.environment:create_environment_scripts_only(rtabmap_slam_pkg)
[0.999s] DEBUG:colcon.colcon_core.event_handler.log_command:Invoked command in '/home/nicolas/ws_ros2/build/rtabmap_slam_pkg' returned '0': CMAKE_PREFIX_PATH=/opt/ros/humble /usr/bin/cmake --install /home/nicolas/ws_ros2/build/rtabmap_slam_pkg
[1.004s] Level 1:colcon.colcon_core.environment:checking '/home/nicolas/ws_ros2/install/rtabmap_slam_pkg' for CMake module files
[1.005s] Level 1:colcon.colcon_core.environment:checking '/home/nicolas/ws_ros2/install/rtabmap_slam_pkg' for CMake config files
[1.006s] Level 1:colcon.colcon_core.shell:create_environment_hook('rtabmap_slam_pkg', 'cmake_prefix_path')
[1.007s] INFO:colcon.colcon_core.shell:Creating environment hook '/home/nicolas/ws_ros2/install/rtabmap_slam_pkg/share/rtabmap_slam_pkg/hook/cmake_prefix_path.ps1'
[1.008s] INFO:colcon.colcon_core.shell:Creating environment descriptor '/home/nicolas/ws_ros2/install/rtabmap_slam_pkg/share/rtabmap_slam_pkg/hook/cmake_prefix_path.dsv'
[1.009s] INFO:colcon.colcon_core.shell:Creating environment hook '/home/nicolas/ws_ros2/install/rtabmap_slam_pkg/share/rtabmap_slam_pkg/hook/cmake_prefix_path.sh'
[1.010s] Level 1:colcon.colcon_core.environment:checking '/home/nicolas/ws_ros2/install/rtabmap_slam_pkg/bin'
[1.010s] Level 1:colcon.colcon_core.environment:checking '/home/nicolas/ws_ros2/install/rtabmap_slam_pkg/lib/pkgconfig/rtabmap_slam_pkg.pc'
[1.010s] Level 1:colcon.colcon_core.environment:checking '/home/nicolas/ws_ros2/install/rtabmap_slam_pkg/lib/python3.10/site-packages'
[1.011s] Level 1:colcon.colcon_core.environment:checking '/home/nicolas/ws_ros2/install/rtabmap_slam_pkg/bin'
[1.011s] INFO:colcon.colcon_core.shell:Creating package script '/home/nicolas/ws_ros2/install/rtabmap_slam_pkg/share/rtabmap_slam_pkg/package.ps1'
[1.013s] INFO:colcon.colcon_core.shell:Creating package descriptor '/home/nicolas/ws_ros2/install/rtabmap_slam_pkg/share/rtabmap_slam_pkg/package.dsv'
[1.014s] INFO:colcon.colcon_core.shell:Creating package script '/home/nicolas/ws_ros2/install/rtabmap_slam_pkg/share/rtabmap_slam_pkg/package.sh'
[1.015s] INFO:colcon.colcon_core.shell:Creating package script '/home/nicolas/ws_ros2/install/rtabmap_slam_pkg/share/rtabmap_slam_pkg/package.bash'
[1.017s] INFO:colcon.colcon_core.shell:Creating package script '/home/nicolas/ws_ros2/install/rtabmap_slam_pkg/share/rtabmap_slam_pkg/package.zsh'
[1.018s] Level 1:colcon.colcon_core.environment:create_file_with_runtime_dependencies(/home/nicolas/ws_ros2/install/rtabmap_slam_pkg/share/colcon-core/packages/rtabmap_slam_pkg)
[1.019s] Level 1:colcon.colcon_core.environment:create_environment_scripts_only(rtabmap_slam_pkg)
[1.019s] Level 1:colcon.colcon_core.environment:checking '/home/nicolas/ws_ros2/install/rtabmap_slam_pkg' for CMake module files
[1.020s] Level 1:colcon.colcon_core.environment:checking '/home/nicolas/ws_ros2/install/rtabmap_slam_pkg' for CMake config files
[1.020s] Level 1:colcon.colcon_core.shell:create_environment_hook('rtabmap_slam_pkg', 'cmake_prefix_path')
[1.020s] INFO:colcon.colcon_core.shell:Creating environment hook '/home/nicolas/ws_ros2/install/rtabmap_slam_pkg/share/rtabmap_slam_pkg/hook/cmake_prefix_path.ps1'
[1.021s] INFO:colcon.colcon_core.shell:Creating environment descriptor '/home/nicolas/ws_ros2/install/rtabmap_slam_pkg/share/rtabmap_slam_pkg/hook/cmake_prefix_path.dsv'
[1.022s] INFO:colcon.colcon_core.shell:Creating environment hook '/home/nicolas/ws_ros2/install/rtabmap_slam_pkg/share/rtabmap_slam_pkg/hook/cmake_prefix_path.sh'
[1.023s] Level 1:colcon.colcon_core.environment:checking '/home/nicolas/ws_ros2/install/rtabmap_slam_pkg/bin'
[1.023s] Level 1:colcon.colcon_core.environment:checking '/home/nicolas/ws_ros2/install/rtabmap_slam_pkg/lib/pkgconfig/rtabmap_slam_pkg.pc'
[1.023s] Level 1:colcon.colcon_core.environment:checking '/home/nicolas/ws_ros2/install/rtabmap_slam_pkg/lib/python3.10/site-packages'
[1.023s] Level 1:colcon.colcon_core.environment:checking '/home/nicolas/ws_ros2/install/rtabmap_slam_pkg/bin'
[1.024s] INFO:colcon.colcon_core.shell:Creating package script '/home/nicolas/ws_ros2/install/rtabmap_slam_pkg/share/rtabmap_slam_pkg/package.ps1'
[1.024s] INFO:colcon.colcon_core.shell:Creating package descriptor '/home/nicolas/ws_ros2/install/rtabmap_slam_pkg/share/rtabmap_slam_pkg/package.dsv'
[1.025s] INFO:colcon.colcon_core.shell:Creating package script '/home/nicolas/ws_ros2/install/rtabmap_slam_pkg/share/rtabmap_slam_pkg/package.sh'
[1.025s] INFO:colcon.colcon_core.shell:Creating package script '/home/nicolas/ws_ros2/install/rtabmap_slam_pkg/share/rtabmap_slam_pkg/package.bash'
[1.025s] INFO:colcon.colcon_core.shell:Creating package script '/home/nicolas/ws_ros2/install/rtabmap_slam_pkg/share/rtabmap_slam_pkg/package.zsh'
[1.026s] Level 1:colcon.colcon_core.environment:create_file_with_runtime_dependencies(/home/nicolas/ws_ros2/install/rtabmap_slam_pkg/share/colcon-core/packages/rtabmap_slam_pkg)
[1.373s] DEBUG:colcon.colcon_core.event_handler.log_command:Invoking command in '/home/nicolas/ws_ros2/src/my_tf2_package': PYTHONPATH=/home/nicolas/ws_ros2/build/my_tf2_package/prefix_override:/usr/lib/python3/dist-packages/colcon_core/task/python/colcon_distutils_commands:/home/nicolas/ws_ros2/install/my_tf2_package/lib/python3.10/site-packages:${PYTHONPATH} /usr/bin/python3 -W ignore:setup.py install is deprecated -W ignore:easy_install command is deprecated setup.py egg_info --egg-base ../../build/my_tf2_package build --build-base /home/nicolas/ws_ros2/build/my_tf2_package/build install --record /home/nicolas/ws_ros2/build/my_tf2_package/install.log --single-version-externally-managed install_data
[1.802s] Level 1:colcon.colcon_core.environment:checking '/home/nicolas/ws_ros2/install/my_tf2_package' for CMake module files
[1.803s] DEBUG:colcon.colcon_core.event_handler.log_command:Invoked command in '/home/nicolas/ws_ros2/src/my_tf2_package' returned '0': PYTHONPATH=/home/nicolas/ws_ros2/build/my_tf2_package/prefix_override:/usr/lib/python3/dist-packages/colcon_core/task/python/colcon_distutils_commands:/home/nicolas/ws_ros2/install/my_tf2_package/lib/python3.10/site-packages:${PYTHONPATH} /usr/bin/python3 -W ignore:setup.py install is deprecated -W ignore:easy_install command is deprecated setup.py egg_info --egg-base ../../build/my_tf2_package build --build-base /home/nicolas/ws_ros2/build/my_tf2_package/build install --record /home/nicolas/ws_ros2/build/my_tf2_package/install.log --single-version-externally-managed install_data
[1.803s] Level 1:colcon.colcon_core.environment:checking '/home/nicolas/ws_ros2/install/my_tf2_package' for CMake config files
[1.805s] Level 1:colcon.colcon_core.environment:checking '/home/nicolas/ws_ros2/install/my_tf2_package/lib'
[1.806s] Level 1:colcon.colcon_core.environment:checking '/home/nicolas/ws_ros2/install/my_tf2_package/bin'
[1.806s] Level 1:colcon.colcon_core.environment:checking '/home/nicolas/ws_ros2/install/my_tf2_package/lib/pkgconfig/my_tf2_package.pc'
[1.806s] Level 1:colcon.colcon_core.environment:checking '/home/nicolas/ws_ros2/install/my_tf2_package/lib/python3.10/site-packages'
[1.807s] Level 1:colcon.colcon_core.shell:create_environment_hook('my_tf2_package', 'pythonpath')
[1.807s] INFO:colcon.colcon_core.shell:Creating environment hook '/home/nicolas/ws_ros2/install/my_tf2_package/share/my_tf2_package/hook/pythonpath.ps1'
[1.808s] INFO:colcon.colcon_core.shell:Creating environment descriptor '/home/nicolas/ws_ros2/install/my_tf2_package/share/my_tf2_package/hook/pythonpath.dsv'
[1.808s] INFO:colcon.colcon_core.shell:Creating environment hook '/home/nicolas/ws_ros2/install/my_tf2_package/share/my_tf2_package/hook/pythonpath.sh'
[1.810s] Level 1:colcon.colcon_core.environment:checking '/home/nicolas/ws_ros2/install/my_tf2_package/bin'
[1.810s] Level 1:colcon.colcon_core.environment:create_environment_scripts_only(my_tf2_package)
[1.810s] INFO:colcon.colcon_core.shell:Creating package script '/home/nicolas/ws_ros2/install/my_tf2_package/share/my_tf2_package/package.ps1'
[1.811s] INFO:colcon.colcon_core.shell:Creating package descriptor '/home/nicolas/ws_ros2/install/my_tf2_package/share/my_tf2_package/package.dsv'
[1.812s] INFO:colcon.colcon_core.shell:Creating package script '/home/nicolas/ws_ros2/install/my_tf2_package/share/my_tf2_package/package.sh'
[1.814s] INFO:colcon.colcon_core.shell:Creating package script '/home/nicolas/ws_ros2/install/my_tf2_package/share/my_tf2_package/package.bash'
[1.815s] INFO:colcon.colcon_core.shell:Creating package script '/home/nicolas/ws_ros2/install/my_tf2_package/share/my_tf2_package/package.zsh'
[1.815s] Level 1:colcon.colcon_core.environment:create_file_with_runtime_dependencies(/home/nicolas/ws_ros2/install/my_tf2_package/share/colcon-core/packages/my_tf2_package)
[1.881s] DEBUG:colcon.colcon_core.event_handler.log_command:Invoked command in '/home/nicolas/ws_ros2/build/px4_msgs' returned '0': CMAKE_PREFIX_PATH=/opt/ros/humble /usr/bin/cmake --build /home/nicolas/ws_ros2/build/px4_msgs -- -j16 -l16
[1.884s] DEBUG:colcon.colcon_core.event_handler.log_command:Invoking command in '/home/nicolas/ws_ros2/build/px4_msgs': CMAKE_PREFIX_PATH=/opt/ros/humble /usr/bin/cmake --install /home/nicolas/ws_ros2/build/px4_msgs
[2.324s] Level 1:colcon.colcon_core.environment:create_environment_scripts_only(px4_msgs)
[2.325s] DEBUG:colcon.colcon_core.event_handler.log_command:Invoked command in '/home/nicolas/ws_ros2/build/px4_msgs' returned '0': CMAKE_PREFIX_PATH=/opt/ros/humble /usr/bin/cmake --install /home/nicolas/ws_ros2/build/px4_msgs
[2.325s] Level 1:colcon.colcon_core.environment:checking '/home/nicolas/ws_ros2/install/px4_msgs' for CMake module files
[2.326s] Level 1:colcon.colcon_core.environment:checking '/home/nicolas/ws_ros2/install/px4_msgs' for CMake config files
[2.332s] Level 1:colcon.colcon_core.shell:create_environment_hook('px4_msgs', 'cmake_prefix_path')
[2.333s] INFO:colcon.colcon_core.shell:Creating environment hook '/home/nicolas/ws_ros2/install/px4_msgs/share/px4_msgs/hook/cmake_prefix_path.ps1'
[2.334s] INFO:colcon.colcon_core.shell:Creating environment descriptor '/home/nicolas/ws_ros2/install/px4_msgs/share/px4_msgs/hook/cmake_prefix_path.dsv'
[2.334s] INFO:colcon.colcon_core.shell:Creating environment hook '/home/nicolas/ws_ros2/install/px4_msgs/share/px4_msgs/hook/cmake_prefix_path.sh'
[2.334s] Level 1:colcon.colcon_core.environment:checking '/home/nicolas/ws_ros2/install/px4_msgs/lib'
[2.335s] Level 1:colcon.colcon_core.shell:create_environment_hook('px4_msgs', 'ld_library_path_lib')
[2.335s] INFO:colcon.colcon_core.shell:Creating environment hook '/home/nicolas/ws_ros2/install/px4_msgs/share/px4_msgs/hook/ld_library_path_lib.ps1'
[2.335s] INFO:colcon.colcon_core.shell:Creating environment descriptor '/home/nicolas/ws_ros2/install/px4_msgs/share/px4_msgs/hook/ld_library_path_lib.dsv'
[2.336s] INFO:colcon.colcon_core.shell:Creating environment hook '/home/nicolas/ws_ros2/install/px4_msgs/share/px4_msgs/hook/ld_library_path_lib.sh'
[2.336s] Level 1:colcon.colcon_core.environment:checking '/home/nicolas/ws_ros2/install/px4_msgs/bin'
[2.336s] Level 1:colcon.colcon_core.environment:checking '/home/nicolas/ws_ros2/install/px4_msgs/lib/pkgconfig/px4_msgs.pc'
[2.336s] Level 1:colcon.colcon_core.environment:checking '/home/nicolas/ws_ros2/install/px4_msgs/lib/python3.10/site-packages'
[2.337s] Level 1:colcon.colcon_core.environment:checking '/home/nicolas/ws_ros2/install/px4_msgs/bin'
[2.337s] INFO:colcon.colcon_core.shell:Creating package script '/home/nicolas/ws_ros2/install/px4_msgs/share/px4_msgs/package.ps1'
[2.338s] INFO:colcon.colcon_core.shell:Creating package descriptor '/home/nicolas/ws_ros2/install/px4_msgs/share/px4_msgs/package.dsv'
[2.338s] INFO:colcon.colcon_core.shell:Creating package script '/home/nicolas/ws_ros2/install/px4_msgs/share/px4_msgs/package.sh'
[2.339s] INFO:colcon.colcon_core.shell:Creating package script '/home/nicolas/ws_ros2/install/px4_msgs/share/px4_msgs/package.bash'
[2.339s] INFO:colcon.colcon_core.shell:Creating package script '/home/nicolas/ws_ros2/install/px4_msgs/share/px4_msgs/package.zsh'
[2.339s] Level 1:colcon.colcon_core.environment:create_file_with_runtime_dependencies(/home/nicolas/ws_ros2/install/px4_msgs/share/colcon-core/packages/px4_msgs)
[2.340s] Level 1:colcon.colcon_core.environment:create_environment_scripts_only(px4_msgs)
[2.340s] Level 1:colcon.colcon_core.environment:checking '/home/nicolas/ws_ros2/install/px4_msgs' for CMake module files
[2.341s] Level 1:colcon.colcon_core.environment:checking '/home/nicolas/ws_ros2/install/px4_msgs' for CMake config files
[2.345s] Level 1:colcon.colcon_core.shell:create_environment_hook('px4_msgs', 'cmake_prefix_path')
[2.346s] INFO:colcon.colcon_core.shell:Creating environment hook '/home/nicolas/ws_ros2/install/px4_msgs/share/px4_msgs/hook/cmake_prefix_path.ps1'
[2.347s] INFO:colcon.colcon_core.shell:Creating environment descriptor '/home/nicolas/ws_ros2/install/px4_msgs/share/px4_msgs/hook/cmake_prefix_path.dsv'
[2.348s] INFO:colcon.colcon_core.shell:Creating environment hook '/home/nicolas/ws_ros2/install/px4_msgs/share/px4_msgs/hook/cmake_prefix_path.sh'
[2.349s] Level 1:colcon.colcon_core.environment:checking '/home/nicolas/ws_ros2/install/px4_msgs/lib'
[2.349s] Level 1:colcon.colcon_core.shell:create_environment_hook('px4_msgs', 'ld_library_path_lib')
[2.350s] INFO:colcon.colcon_core.shell:Creating environment hook '/home/nicolas/ws_ros2/install/px4_msgs/share/px4_msgs/hook/ld_library_path_lib.ps1'
[2.350s] INFO:colcon.colcon_core.shell:Creating environment descriptor '/home/nicolas/ws_ros2/install/px4_msgs/share/px4_msgs/hook/ld_library_path_lib.dsv'
[2.351s] INFO:colcon.colcon_core.shell:Creating environment hook '/home/nicolas/ws_ros2/install/px4_msgs/share/px4_msgs/hook/ld_library_path_lib.sh'
[2.351s] Level 1:colcon.colcon_core.environment:checking '/home/nicolas/ws_ros2/install/px4_msgs/bin'
[2.351s] Level 1:colcon.colcon_core.environment:checking '/home/nicolas/ws_ros2/install/px4_msgs/lib/pkgconfig/px4_msgs.pc'
[2.352s] Level 1:colcon.colcon_core.environment:checking '/home/nicolas/ws_ros2/install/px4_msgs/lib/python3.10/site-packages'
[2.352s] Level 1:colcon.colcon_core.environment:checking '/home/nicolas/ws_ros2/install/px4_msgs/bin'
[2.352s] INFO:colcon.colcon_core.shell:Creating package script '/home/nicolas/ws_ros2/install/px4_msgs/share/px4_msgs/package.ps1'
[2.353s] INFO:colcon.colcon_core.shell:Creating package descriptor '/home/nicolas/ws_ros2/install/px4_msgs/share/px4_msgs/package.dsv'
[2.354s] INFO:colcon.colcon_core.shell:Creating package script '/home/nicolas/ws_ros2/install/px4_msgs/share/px4_msgs/package.sh'
[2.354s] INFO:colcon.colcon_core.shell:Creating package script '/home/nicolas/ws_ros2/install/px4_msgs/share/px4_msgs/package.bash'
[2.355s] INFO:colcon.colcon_core.shell:Creating package script '/home/nicolas/ws_ros2/install/px4_msgs/share/px4_msgs/package.zsh'
[2.356s] Level 1:colcon.colcon_core.environment:create_file_with_runtime_dependencies(/home/nicolas/ws_ros2/install/px4_msgs/share/colcon-core/packages/px4_msgs)
[2.356s] INFO:colcon.colcon_ros.task.ament_cmake.build:Building ROS package in '/home/nicolas/ws_ros2/src/px4_ros_com' with build type 'ament_cmake'
[2.356s] INFO:colcon.colcon_cmake.task.cmake.build:Building CMake package in '/home/nicolas/ws_ros2/src/px4_ros_com'
[2.357s] INFO:colcon.colcon_core.shell:Skip shell extension 'powershell' for command environment: Not usable outside of PowerShell
[2.357s] DEBUG:colcon.colcon_core.shell:Skip shell extension 'dsv' for command environment
[2.375s] DEBUG:colcon.colcon_core.event_handler.log_command:Invoking command in '/home/nicolas/ws_ros2/build/px4_ros_com': AMENT_PREFIX_PATH=/home/nicolas/ws_ros2/install/px4_msgs:${AMENT_PREFIX_PATH} CMAKE_PREFIX_PATH=/home/nicolas/ws_ros2/install/px4_msgs:/opt/ros/humble LD_LIBRARY_PATH=/home/nicolas/ws_ros2/install/px4_msgs/lib:${LD_LIBRARY_PATH} PYTHONPATH=/home/nicolas/ws_ros2/install/px4_msgs/local/lib/python3.10/dist-packages:${PYTHONPATH} /usr/bin/cmake --build /home/nicolas/ws_ros2/build/px4_ros_com -- -j16 -l16
[2.811s] DEBUG:colcon.colcon_core.event_handler.log_command:Invoked command in '/home/nicolas/ws_ros2/build/px4_ros_com' returned '0': AMENT_PREFIX_PATH=/home/nicolas/ws_ros2/install/px4_msgs:${AMENT_PREFIX_PATH} CMAKE_PREFIX_PATH=/home/nicolas/ws_ros2/install/px4_msgs:/opt/ros/humble LD_LIBRARY_PATH=/home/nicolas/ws_ros2/install/px4_msgs/lib:${LD_LIBRARY_PATH} PYTHONPATH=/home/nicolas/ws_ros2/install/px4_msgs/local/lib/python3.10/dist-packages:${PYTHONPATH} /usr/bin/cmake --build /home/nicolas/ws_ros2/build/px4_ros_com -- -j16 -l16
[2.815s] DEBUG:colcon.colcon_core.event_handler.log_command:Invoking command in '/home/nicolas/ws_ros2/build/px4_ros_com': AMENT_PREFIX_PATH=/home/nicolas/ws_ros2/install/px4_msgs:${AMENT_PREFIX_PATH} CMAKE_PREFIX_PATH=/home/nicolas/ws_ros2/install/px4_msgs:/opt/ros/humble LD_LIBRARY_PATH=/home/nicolas/ws_ros2/install/px4_msgs/lib:${LD_LIBRARY_PATH} PYTHONPATH=/home/nicolas/ws_ros2/install/px4_msgs/local/lib/python3.10/dist-packages:${PYTHONPATH} /usr/bin/cmake --install /home/nicolas/ws_ros2/build/px4_ros_com
[2.882s] Level 1:colcon.colcon_core.environment:create_environment_scripts_only(px4_ros_com)
[2.883s] Level 1:colcon.colcon_core.environment:checking '/home/nicolas/ws_ros2/install/px4_ros_com' for CMake module files
[2.884s] DEBUG:colcon.colcon_core.event_handler.log_command:Invoked command in '/home/nicolas/ws_ros2/build/px4_ros_com' returned '0': AMENT_PREFIX_PATH=/home/nicolas/ws_ros2/install/px4_msgs:${AMENT_PREFIX_PATH} CMAKE_PREFIX_PATH=/home/nicolas/ws_ros2/install/px4_msgs:/opt/ros/humble LD_LIBRARY_PATH=/home/nicolas/ws_ros2/install/px4_msgs/lib:${LD_LIBRARY_PATH} PYTHONPATH=/home/nicolas/ws_ros2/install/px4_msgs/local/lib/python3.10/dist-packages:${PYTHONPATH} /usr/bin/cmake --install /home/nicolas/ws_ros2/build/px4_ros_com
[2.885s] Level 1:colcon.colcon_core.environment:checking '/home/nicolas/ws_ros2/install/px4_ros_com' for CMake config files
[2.888s] Level 1:colcon.colcon_core.shell:create_environment_hook('px4_ros_com', 'cmake_prefix_path')
[2.889s] INFO:colcon.colcon_core.shell:Creating environment hook '/home/nicolas/ws_ros2/install/px4_ros_com/share/px4_ros_com/hook/cmake_prefix_path.ps1'
[2.890s] INFO:colcon.colcon_core.shell:Creating environment descriptor '/home/nicolas/ws_ros2/install/px4_ros_com/share/px4_ros_com/hook/cmake_prefix_path.dsv'
[2.890s] INFO:colcon.colcon_core.shell:Creating environment hook '/home/nicolas/ws_ros2/install/px4_ros_com/share/px4_ros_com/hook/cmake_prefix_path.sh'
[2.891s] Level 1:colcon.colcon_core.environment:checking '/home/nicolas/ws_ros2/install/px4_ros_com/lib'
[2.891s] Level 1:colcon.colcon_core.shell:create_environment_hook('px4_ros_com', 'ld_library_path_lib')
[2.891s] INFO:colcon.colcon_core.shell:Creating environment hook '/home/nicolas/ws_ros2/install/px4_ros_com/share/px4_ros_com/hook/ld_library_path_lib.ps1'
[2.891s] INFO:colcon.colcon_core.shell:Creating environment descriptor '/home/nicolas/ws_ros2/install/px4_ros_com/share/px4_ros_com/hook/ld_library_path_lib.dsv'
[2.891s] INFO:colcon.colcon_core.shell:Creating environment hook '/home/nicolas/ws_ros2/install/px4_ros_com/share/px4_ros_com/hook/ld_library_path_lib.sh'
[2.892s] Level 1:colcon.colcon_core.environment:checking '/home/nicolas/ws_ros2/install/px4_ros_com/bin'
[2.892s] Level 1:colcon.colcon_core.environment:checking '/home/nicolas/ws_ros2/install/px4_ros_com/lib/pkgconfig/px4_ros_com.pc'
[2.892s] Level 1:colcon.colcon_core.environment:checking '/home/nicolas/ws_ros2/install/px4_ros_com/lib/python3.10/site-packages'
[2.892s] Level 1:colcon.colcon_core.environment:checking '/home/nicolas/ws_ros2/install/px4_ros_com/bin'
[2.893s] INFO:colcon.colcon_core.shell:Creating package script '/home/nicolas/ws_ros2/install/px4_ros_com/share/px4_ros_com/package.ps1'
[2.893s] INFO:colcon.colcon_core.shell:Creating package descriptor '/home/nicolas/ws_ros2/install/px4_ros_com/share/px4_ros_com/package.dsv'
[2.894s] INFO:colcon.colcon_core.shell:Creating package script '/home/nicolas/ws_ros2/install/px4_ros_com/share/px4_ros_com/package.sh'
[2.894s] INFO:colcon.colcon_core.shell:Creating package script '/home/nicolas/ws_ros2/install/px4_ros_com/share/px4_ros_com/package.bash'
[2.895s] INFO:colcon.colcon_core.shell:Creating package script '/home/nicolas/ws_ros2/install/px4_ros_com/share/px4_ros_com/package.zsh'
[2.895s] Level 1:colcon.colcon_core.environment:create_file_with_runtime_dependencies(/home/nicolas/ws_ros2/install/px4_ros_com/share/colcon-core/packages/px4_ros_com)
[2.895s] Level 1:colcon.colcon_core.environment:create_environment_scripts_only(px4_ros_com)
[2.895s] Level 1:colcon.colcon_core.environment:checking '/home/nicolas/ws_ros2/install/px4_ros_com' for CMake module files
[2.896s] Level 1:colcon.colcon_core.environment:checking '/home/nicolas/ws_ros2/install/px4_ros_com' for CMake config files
[2.896s] Level 1:colcon.colcon_core.shell:create_environment_hook('px4_ros_com', 'cmake_prefix_path')
[2.896s] INFO:colcon.colcon_core.shell:Creating environment hook '/home/nicolas/ws_ros2/install/px4_ros_com/share/px4_ros_com/hook/cmake_prefix_path.ps1'
[2.897s] INFO:colcon.colcon_core.shell:Creating environment descriptor '/home/nicolas/ws_ros2/install/px4_ros_com/share/px4_ros_com/hook/cmake_prefix_path.dsv'
[2.897s] INFO:colcon.colcon_core.shell:Creating environment hook '/home/nicolas/ws_ros2/install/px4_ros_com/share/px4_ros_com/hook/cmake_prefix_path.sh'
[2.898s] Level 1:colcon.colcon_core.environment:checking '/home/nicolas/ws_ros2/install/px4_ros_com/lib'
[2.898s] Level 1:colcon.colcon_core.shell:create_environment_hook('px4_ros_com', 'ld_library_path_lib')
[2.898s] INFO:colcon.colcon_core.shell:Creating environment hook '/home/nicolas/ws_ros2/install/px4_ros_com/share/px4_ros_com/hook/ld_library_path_lib.ps1'
[2.898s] INFO:colcon.colcon_core.shell:Creating environment descriptor '/home/nicolas/ws_ros2/install/px4_ros_com/share/px4_ros_com/hook/ld_library_path_lib.dsv'
[2.899s] INFO:colcon.colcon_core.shell:Creating environment hook '/home/nicolas/ws_ros2/install/px4_ros_com/share/px4_ros_com/hook/ld_library_path_lib.sh'
[2.899s] Level 1:colcon.colcon_core.environment:checking '/home/nicolas/ws_ros2/install/px4_ros_com/bin'
[2.899s] Level 1:colcon.colcon_core.environment:checking '/home/nicolas/ws_ros2/install/px4_ros_com/lib/pkgconfig/px4_ros_com.pc'
[2.899s] Level 1:colcon.colcon_core.environment:checking '/home/nicolas/ws_ros2/install/px4_ros_com/lib/python3.10/site-packages'
[2.900s] Level 1:colcon.colcon_core.environment:checking '/home/nicolas/ws_ros2/install/px4_ros_com/bin'
[2.900s] INFO:colcon.colcon_core.shell:Creating package script '/home/nicolas/ws_ros2/install/px4_ros_com/share/px4_ros_com/package.ps1'
[2.900s] INFO:colcon.colcon_core.shell:Creating package descriptor '/home/nicolas/ws_ros2/install/px4_ros_com/share/px4_ros_com/package.dsv'
[2.901s] INFO:colcon.colcon_core.shell:Creating package script '/home/nicolas/ws_ros2/install/px4_ros_com/share/px4_ros_com/package.sh'
[2.902s] INFO:colcon.colcon_core.shell:Creating package script '/home/nicolas/ws_ros2/install/px4_ros_com/share/px4_ros_com/package.bash'
[2.902s] INFO:colcon.colcon_core.shell:Creating package script '/home/nicolas/ws_ros2/install/px4_ros_com/share/px4_ros_com/package.zsh'
[2.903s] Level 1:colcon.colcon_core.environment:create_file_with_runtime_dependencies(/home/nicolas/ws_ros2/install/px4_ros_com/share/colcon-core/packages/px4_ros_com)
[2.903s] DEBUG:colcon.colcon_parallel_executor.executor.parallel:closing loop
[2.904s] DEBUG:colcon.colcon_parallel_executor.executor.parallel:loop closed
[2.904s] DEBUG:colcon.colcon_parallel_executor.executor.parallel:run_until_complete finished with '0'
[2.904s] DEBUG:colcon.colcon_core.event_reactor:joining thread
[2.912s] INFO:colcon.colcon_core.plugin_system:Skipping extension 'colcon_notification.desktop_notification.terminal_notifier': Not used on non-Darwin systems
[2.912s] INFO:colcon.colcon_core.plugin_system:Skipping extension 'colcon_notification.desktop_notification.win32': Not used on non-Windows systems
[2.913s] INFO:colcon.colcon_notification.desktop_notification:Sending desktop notification using 'notify2'
[2.925s] DEBUG:colcon.colcon_core.event_reactor:joined thread
[2.926s] INFO:colcon.colcon_core.shell:Creating prefix script '/home/nicolas/ws_ros2/install/local_setup.ps1'
[2.927s] INFO:colcon.colcon_core.shell:Creating prefix util module '/home/nicolas/ws_ros2/install/_local_setup_util_ps1.py'
[2.929s] INFO:colcon.colcon_core.shell:Creating prefix chain script '/home/nicolas/ws_ros2/install/setup.ps1'
[2.931s] INFO:colcon.colcon_core.shell:Creating prefix script '/home/nicolas/ws_ros2/install/local_setup.sh'
[2.932s] INFO:colcon.colcon_core.shell:Creating prefix util module '/home/nicolas/ws_ros2/install/_local_setup_util_sh.py'
[2.933s] INFO:colcon.colcon_core.shell:Creating prefix chain script '/home/nicolas/ws_ros2/install/setup.sh'
[2.934s] INFO:colcon.colcon_core.shell:Creating prefix script '/home/nicolas/ws_ros2/install/local_setup.bash'
[2.935s] INFO:colcon.colcon_core.shell:Creating prefix chain script '/home/nicolas/ws_ros2/install/setup.bash'
[2.937s] INFO:colcon.colcon_core.shell:Creating prefix script '/home/nicolas/ws_ros2/install/local_setup.zsh'
[2.938s] INFO:colcon.colcon_core.shell:Creating prefix chain script '/home/nicolas/ws_ros2/install/setup.zsh'
