-- Found ament_cmake: 1.3.12 (/opt/ros/humble/share/ament_cmake/cmake)
-- Found nav_msgs: 4.9.0 (/opt/ros/humble/share/nav_msgs/cmake)
-- Found rosidl_generator_c: 3.1.7 (/opt/ros/humble/share/rosidl_generator_c/cmake)
-- Found rosidl_adapter: 3.1.7 (/opt/ros/humble/share/rosidl_adapter/cmake)
-- Found rosidl_generator_cpp: 3.1.7 (/opt/ros/humble/share/rosidl_generator_cpp/cmake)
-- Using all available rosidl_typesupport_c: rosidl_typesupport_fastrtps_c;rosidl_typesupport_introspection_c
-- Using all available rosidl_typesupport_cpp: rosidl_typesupport_fastrtps_cpp;rosidl_typesupport_introspection_cpp
-- Found tf2_ros: 0.25.16 (/opt/ros/humble/share/tf2_ros/cmake)
-- Found rmw_implementation_cmake: 6.1.2 (/opt/ros/humble/share/rmw_implementation_cmake/cmake)
-- Found rmw_fastrtps_cpp: 6.2.8 (/opt/ros/humble/share/rmw_fastrtps_cpp/cmake)
-- Using RMW implementation 'rmw_fastrtps_cpp' as default
-- Found tf2_geometry_msgs: 0.25.16 (/opt/ros/humble/share/tf2_geometry_msgs/cmake)
-- Found eigen3_cmake_module: 0.1.1 (/opt/ros/humble/share/eigen3_cmake_module/cmake)
-- Ensuring Eigen3 include directory is part of orocos-kdl CMake target
-- Found rtabmap_slam: 0.22.1 (/opt/ros/humble/share/rtabmap_slam/cmake)
-- Eigen found (include: /usr/include/eigen3, version: 3.4.0)
-- FLANN found (include: /usr/include, lib: /usr/lib/x86_64-linux-gnu/libflann_cpp.so)
-- OpenNI found (version: 1.5.4.0, include: /usr/include/ni, lib: /usr/lib/libOpenNI.so;libusb::libusb)
-- OpenNI2 found (version: 2.2.0.33, include: /usr/include/openni2, lib: /usr/lib/x86_64-linux-gnu/libOpenNI2.so;libusb::libusb)
-- Eigen found (include: /usr/include/eigen3, version: 3.4.0)
-- OpenNI found (version: 1.5.4.0, include: /usr/include/ni, lib: /usr/lib/libOpenNI.so;libusb::libusb)
-- OpenNI2 found (version: 2.2.0.33, include: /usr/include/openni2, lib: /usr/lib/x86_64-linux-gnu/libOpenNI2.so;libusb::libusb)
-- Found Qhull version 8.0.2
-- OpenNI found (version: 1.5.4.0, include: /usr/include/ni, lib: /usr/lib/libOpenNI.so;libusb::libusb)
[33mCMake Warning (dev) at /usr/share/cmake-3.22/Modules/CMakeFindDependencyMacro.cmake:47 (find_package):
  Policy CMP0074 is not set: find_package uses <PackageName>_ROOT variables.
  Run "cmake --help-policy CMP0074" for policy details.  Use the cmake_policy
  command to set the policy and suppress this warning.

  CMake variable PCL_ROOT is set to:

    /usr

  For compatibility, CMake is ignoring the variable.
Call Stack (most recent call first):
  /opt/ros/humble/lib/x86_64-linux-gnu/rtabmap-0.22/RTABMapConfig.cmake:7 (find_dependency)
  /opt/ros/humble/share/rtabmap_conversions/cmake/ament_cmake_export_dependencies-extras.cmake:21 (find_package)
  /opt/ros/humble/share/rtabmap_conversions/cmake/rtabmap_conversionsConfig.cmake:41 (include)
  /opt/ros/humble/share/rtabmap_util/cmake/ament_cmake_export_dependencies-extras.cmake:21 (find_package)
  /opt/ros/humble/share/rtabmap_util/cmake/rtabmap_utilConfig.cmake:41 (include)
  /opt/ros/humble/share/rtabmap_slam/cmake/ament_cmake_export_dependencies-extras.cmake:21 (find_package)
  /opt/ros/humble/share/rtabmap_slam/cmake/rtabmap_slamConfig.cmake:41 (include)
  CMakeLists.txt:14 (find_package)
This warning is for project developers.  Use -Wno-dev to suppress it.
[0m
-- Found rtabmap_viz: 0.22.1 (/opt/ros/humble/share/rtabmap_viz/cmake)
-- Found ament_lint_auto: 0.12.14 (/opt/ros/humble/share/ament_lint_auto/cmake)
-- Added test 'flake8' to check Python code syntax and style conventions
-- Added test 'lint_cmake' to check CMake code style
-- Added test 'pep257' to check Python code against some of the docstring style conventions in PEP 257
-- Added test 'xmllint' to check XML markup files
-- Configuring done
-- Generating done
-- Build files have been written to: /home/nicolas/ws_ros2/build/rtabmap_slam_pkg
-- Install configuration: ""
-- Up-to-date: /home/nicolas/ws_ros2/install/rtabmap_slam_pkg/share/rtabmap_slam_pkg/launch
-- Installing: /home/nicolas/ws_ros2/install/rtabmap_slam_pkg/share/rtabmap_slam_pkg/launch/rtabmap_slam.launch.py
-- Up-to-date: /home/nicolas/ws_ros2/install/rtabmap_slam_pkg/share/ament_index/resource_index/package_run_dependencies/rtabmap_slam_pkg
-- Up-to-date: /home/nicolas/ws_ros2/install/rtabmap_slam_pkg/share/ament_index/resource_index/parent_prefix_path/rtabmap_slam_pkg
-- Up-to-date: /home/nicolas/ws_ros2/install/rtabmap_slam_pkg/share/rtabmap_slam_pkg/environment/ament_prefix_path.sh
-- Installing: /home/nicolas/ws_ros2/install/rtabmap_slam_pkg/share/rtabmap_slam_pkg/environment/ament_prefix_path.dsv
-- Up-to-date: /home/nicolas/ws_ros2/install/rtabmap_slam_pkg/share/rtabmap_slam_pkg/environment/path.sh
-- Installing: /home/nicolas/ws_ros2/install/rtabmap_slam_pkg/share/rtabmap_slam_pkg/environment/path.dsv
-- Up-to-date: /home/nicolas/ws_ros2/install/rtabmap_slam_pkg/share/rtabmap_slam_pkg/local_setup.bash
-- Up-to-date: /home/nicolas/ws_ros2/install/rtabmap_slam_pkg/share/rtabmap_slam_pkg/local_setup.sh
-- Up-to-date: /home/nicolas/ws_ros2/install/rtabmap_slam_pkg/share/rtabmap_slam_pkg/local_setup.zsh
-- Installing: /home/nicolas/ws_ros2/install/rtabmap_slam_pkg/share/rtabmap_slam_pkg/local_setup.dsv
-- Installing: /home/nicolas/ws_ros2/install/rtabmap_slam_pkg/share/rtabmap_slam_pkg/package.dsv
-- Up-to-date: /home/nicolas/ws_ros2/install/rtabmap_slam_pkg/share/ament_index/resource_index/packages/rtabmap_slam_pkg
-- Up-to-date: /home/nicolas/ws_ros2/install/rtabmap_slam_pkg/share/rtabmap_slam_pkg/cmake/rtabmap_slam_pkgConfig.cmake
-- Up-to-date: /home/nicolas/ws_ros2/install/rtabmap_slam_pkg/share/rtabmap_slam_pkg/cmake/rtabmap_slam_pkgConfig-version.cmake
-- Up-to-date: /home/nicolas/ws_ros2/install/rtabmap_slam_pkg/share/rtabmap_slam_pkg/package.xml
