[0.253s] Invoking command in '/home/nicolas/ws_ros2/build/rtabmap_slam_pkg': CMAKE_PREFIX_PATH=${CMAKE_PREFIX_PATH}:/home/nicolas/ws_ros2/install/my_tf2_package:/opt/ros/humble /usr/bin/cmake --build /home/nicolas/ws_ros2/build/rtabmap_slam_pkg -- -j16 -l16
[0.279s] -- Found ament_cmake: 1.3.12 (/opt/ros/humble/share/ament_cmake/cmake)
[0.420s] -- Found nav_msgs: 4.9.0 (/opt/ros/humble/share/nav_msgs/cmake)
[0.448s] -- Found rosidl_generator_c: 3.1.7 (/opt/ros/humble/share/rosidl_generator_c/cmake)
[0.450s] -- Found rosidl_adapter: 3.1.7 (/opt/ros/humble/share/rosidl_adapter/cmake)
[0.455s] -- Found rosidl_generator_cpp: 3.1.7 (/opt/ros/humble/share/rosidl_generator_cpp/cmake)
[0.463s] -- Using all available rosidl_typesupport_c: rosidl_typesupport_fastrtps_c;rosidl_typesupport_introspection_c
[0.473s] -- Using all available rosidl_typesupport_cpp: rosidl_typesupport_fastrtps_cpp;rosidl_typesupport_introspection_cpp
[0.524s] -- Found tf2_ros: 0.25.16 (/opt/ros/humble/share/tf2_ros/cmake)
[0.565s] -- Found rmw_implementation_cmake: 6.1.2 (/opt/ros/humble/share/rmw_implementation_cmake/cmake)
[0.566s] -- Found rmw_fastrtps_cpp: 6.2.8 (/opt/ros/humble/share/rmw_fastrtps_cpp/cmake)
[0.673s] -- Using RMW implementation 'rmw_fastrtps_cpp' as default
[0.795s] -- Found tf2_geometry_msgs: 0.25.16 (/opt/ros/humble/share/tf2_geometry_msgs/cmake)
[0.801s] -- Found eigen3_cmake_module: 0.1.1 (/opt/ros/humble/share/eigen3_cmake_module/cmake)
[0.804s] -- Ensuring Eigen3 include directory is part of orocos-kdl CMake target
[0.806s] -- Found rtabmap_slam: 0.22.1 (/opt/ros/humble/share/rtabmap_slam/cmake)
[1.077s] -- Eigen found (include: /usr/include/eigen3, version: 3.4.0)
[1.107s] -- FLANN found (include: /usr/include, lib: /usr/lib/x86_64-linux-gnu/libflann_cpp.so)
[1.455s] -- OpenNI found (version: 1.5.4.0, include: /usr/include/ni, lib: /usr/lib/libOpenNI.so;libusb::libusb)
[1.462s] -- OpenNI2 found (version: 2.2.0.33, include: /usr/include/openni2, lib: /usr/lib/x86_64-linux-gnu/libOpenNI2.so;libusb::libusb)
[1.633s] -- Eigen found (include: /usr/include/eigen3, version: 3.4.0)
[1.641s] -- OpenNI found (version: 1.5.4.0, include: /usr/include/ni, lib: /usr/lib/libOpenNI.so;libusb::libusb)
[1.649s] -- OpenNI2 found (version: 2.2.0.33, include: /usr/include/openni2, lib: /usr/lib/x86_64-linux-gnu/libOpenNI2.so;libusb::libusb)
[1.811s] -- Found Qhull version 8.0.2
[1.968s] -- OpenNI found (version: 1.5.4.0, include: /usr/include/ni, lib: /usr/lib/libOpenNI.so;libusb::libusb)
[2.170s] [33mCMake Warning (dev) at /usr/share/cmake-3.22/Modules/CMakeFindDependencyMacro.cmake:47 (find_package):
[2.170s]   Policy CMP0074 is not set: find_package uses <PackageName>_ROOT variables.
[2.170s]   Run "cmake --help-policy CMP0074" for policy details.  Use the cmake_policy
[2.170s]   command to set the policy and suppress this warning.
[2.170s] 
[2.170s]   CMake variable PCL_ROOT is set to:
[2.170s] 
[2.170s]     /usr
[2.170s] 
[2.170s]   For compatibility, CMake is ignoring the variable.
[2.170s] Call Stack (most recent call first):
[2.170s]   /opt/ros/humble/lib/x86_64-linux-gnu/rtabmap-0.22/RTABMapConfig.cmake:7 (find_dependency)
[2.170s]   /opt/ros/humble/share/rtabmap_conversions/cmake/ament_cmake_export_dependencies-extras.cmake:21 (find_package)
[2.170s]   /opt/ros/humble/share/rtabmap_conversions/cmake/rtabmap_conversionsConfig.cmake:41 (include)
[2.170s]   /opt/ros/humble/share/rtabmap_util/cmake/ament_cmake_export_dependencies-extras.cmake:21 (find_package)
[2.170s]   /opt/ros/humble/share/rtabmap_util/cmake/rtabmap_utilConfig.cmake:41 (include)
[2.171s]   /opt/ros/humble/share/rtabmap_slam/cmake/ament_cmake_export_dependencies-extras.cmake:21 (find_package)
[2.171s]   /opt/ros/humble/share/rtabmap_slam/cmake/rtabmap_slamConfig.cmake:41 (include)
[2.171s]   CMakeLists.txt:14 (find_package)
[2.171s] This warning is for project developers.  Use -Wno-dev to suppress it.
[2.171s] [0m
[2.265s] -- Found rtabmap_viz: 0.22.1 (/opt/ros/humble/share/rtabmap_viz/cmake)
[2.265s] -- Found ament_lint_auto: 0.12.14 (/opt/ros/humble/share/ament_lint_auto/cmake)
[2.334s] -- Added test 'flake8' to check Python code syntax and style conventions
[2.334s] -- Added test 'lint_cmake' to check CMake code style
[2.334s] -- Added test 'pep257' to check Python code against some of the docstring style conventions in PEP 257
[2.335s] -- Added test 'xmllint' to check XML markup files
[2.335s] -- Configuring done
[2.343s] -- Generating done
[2.346s] -- Build files have been written to: /home/nicolas/ws_ros2/build/rtabmap_slam_pkg
[2.375s] Invoked command in '/home/nicolas/ws_ros2/build/rtabmap_slam_pkg' returned '0': CMAKE_PREFIX_PATH=${CMAKE_PREFIX_PATH}:/home/nicolas/ws_ros2/install/my_tf2_package:/opt/ros/humble /usr/bin/cmake --build /home/nicolas/ws_ros2/build/rtabmap_slam_pkg -- -j16 -l16
[2.377s] Invoking command in '/home/nicolas/ws_ros2/build/rtabmap_slam_pkg': CMAKE_PREFIX_PATH=${CMAKE_PREFIX_PATH}:/home/nicolas/ws_ros2/install/my_tf2_package:/opt/ros/humble /usr/bin/cmake --install /home/nicolas/ws_ros2/build/rtabmap_slam_pkg
[2.386s] -- Install configuration: ""
[2.386s] -- Up-to-date: /home/nicolas/ws_ros2/install/rtabmap_slam_pkg/share/rtabmap_slam_pkg/launch
[2.386s] -- Installing: /home/nicolas/ws_ros2/install/rtabmap_slam_pkg/share/rtabmap_slam_pkg/launch/rtabmap_slam.launch.py
[2.387s] -- Up-to-date: /home/nicolas/ws_ros2/install/rtabmap_slam_pkg/share/ament_index/resource_index/package_run_dependencies/rtabmap_slam_pkg
[2.387s] -- Up-to-date: /home/nicolas/ws_ros2/install/rtabmap_slam_pkg/share/ament_index/resource_index/parent_prefix_path/rtabmap_slam_pkg
[2.387s] -- Up-to-date: /home/nicolas/ws_ros2/install/rtabmap_slam_pkg/share/rtabmap_slam_pkg/environment/ament_prefix_path.sh
[2.387s] -- Installing: /home/nicolas/ws_ros2/install/rtabmap_slam_pkg/share/rtabmap_slam_pkg/environment/ament_prefix_path.dsv
[2.387s] -- Up-to-date: /home/nicolas/ws_ros2/install/rtabmap_slam_pkg/share/rtabmap_slam_pkg/environment/path.sh
[2.387s] -- Installing: /home/nicolas/ws_ros2/install/rtabmap_slam_pkg/share/rtabmap_slam_pkg/environment/path.dsv
[2.387s] -- Up-to-date: /home/nicolas/ws_ros2/install/rtabmap_slam_pkg/share/rtabmap_slam_pkg/local_setup.bash
[2.387s] -- Up-to-date: /home/nicolas/ws_ros2/install/rtabmap_slam_pkg/share/rtabmap_slam_pkg/local_setup.sh
[2.387s] -- Up-to-date: /home/nicolas/ws_ros2/install/rtabmap_slam_pkg/share/rtabmap_slam_pkg/local_setup.zsh
[2.387s] -- Installing: /home/nicolas/ws_ros2/install/rtabmap_slam_pkg/share/rtabmap_slam_pkg/local_setup.dsv
[2.388s] -- Installing: /home/nicolas/ws_ros2/install/rtabmap_slam_pkg/share/rtabmap_slam_pkg/package.dsv
[2.388s] -- Up-to-date: /home/nicolas/ws_ros2/install/rtabmap_slam_pkg/share/ament_index/resource_index/packages/rtabmap_slam_pkg
[2.388s] -- Up-to-date: /home/nicolas/ws_ros2/install/rtabmap_slam_pkg/share/rtabmap_slam_pkg/cmake/rtabmap_slam_pkgConfig.cmake
[2.388s] -- Up-to-date: /home/nicolas/ws_ros2/install/rtabmap_slam_pkg/share/rtabmap_slam_pkg/cmake/rtabmap_slam_pkgConfig-version.cmake
[2.388s] -- Up-to-date: /home/nicolas/ws_ros2/install/rtabmap_slam_pkg/share/rtabmap_slam_pkg/package.xml
[2.390s] Invoked command in '/home/nicolas/ws_ros2/build/rtabmap_slam_pkg' returned '0': CMAKE_PREFIX_PATH=${CMAKE_PREFIX_PATH}:/home/nicolas/ws_ros2/install/my_tf2_package:/opt/ros/humble /usr/bin/cmake --install /home/nicolas/ws_ros2/build/rtabmap_slam_pkg
