running egg_info
writing ../../build/torque_calculator/torque_calculator.egg-info/PKG-INFO
writing dependency_links to ../../build/torque_calculator/torque_calculator.egg-info/dependency_links.txt
writing entry points to ../../build/torque_calculator/torque_calculator.egg-info/entry_points.txt
writing requirements to ../../build/torque_calculator/torque_calculator.egg-info/requires.txt
writing top-level names to ../../build/torque_calculator/torque_calculator.egg-info/top_level.txt
reading manifest file '../../build/torque_calculator/torque_calculator.egg-info/SOURCES.txt'
writing manifest file '../../build/torque_calculator/torque_calculator.egg-info/SOURCES.txt'
running build
running build_py
copying torque_calculator/torque_calculator_node.py -> /home/nicolas/ws_ros2/build/torque_calculator/build/lib/torque_calculator
running install
running install_lib
copying /home/nicolas/ws_ros2/build/torque_calculator/build/lib/torque_calculator/torque_calculator_node.py -> /home/nicolas/ws_ros2/install/torque_calculator/lib/python3.10/site-packages/torque_calculator
byte-compiling /home/nicolas/ws_ros2/install/torque_calculator/lib/python3.10/site-packages/torque_calculator/torque_calculator_node.py to torque_calculator_node.cpython-310.pyc
running install_data
running install_egg_info
removing '/home/nicolas/ws_ros2/install/torque_calculator/lib/python3.10/site-packages/torque_calculator-0.0.0-py3.10.egg-info' (and everything under it)
Copying ../../build/torque_calculator/torque_calculator.egg-info to /home/nicolas/ws_ros2/install/torque_calculator/lib/python3.10/site-packages/torque_calculator-0.0.0-py3.10.egg-info
running install_scripts
Installing torque_node script to /home/nicolas/ws_ros2/install/torque_calculator/lib/torque_calculator
writing list of installed files to '/home/nicolas/ws_ros2/build/torque_calculator/install.log'
