[1.194s] Invoking command in '/home/nicolas/ws_ros2/src/torque_calculator': PYTHONPATH=/home/nicolas/ws_ros2/build/torque_calculator/prefix_override:/usr/lib/python3/dist-packages/colcon_core/task/python/colcon_distutils_commands:/home/nicolas/ws_ros2/install/torque_calculator/lib/python3.10/site-packages:${PYTHONPATH} /usr/bin/python3 -W ignore:setup.py install is deprecated -W ignore:easy_install command is deprecated setup.py egg_info --egg-base ../../build/torque_calculator build --build-base /home/nicolas/ws_ros2/build/torque_calculator/build install --record /home/nicolas/ws_ros2/build/torque_calculator/install.log --single-version-externally-managed install_data
[1.645s] running egg_info
[1.645s] writing ../../build/torque_calculator/torque_calculator.egg-info/PKG-INFO
[1.645s] writing dependency_links to ../../build/torque_calculator/torque_calculator.egg-info/dependency_links.txt
[1.645s] writing entry points to ../../build/torque_calculator/torque_calculator.egg-info/entry_points.txt
[1.645s] writing requirements to ../../build/torque_calculator/torque_calculator.egg-info/requires.txt
[1.645s] writing top-level names to ../../build/torque_calculator/torque_calculator.egg-info/top_level.txt
[1.646s] reading manifest file '../../build/torque_calculator/torque_calculator.egg-info/SOURCES.txt'
[1.648s] writing manifest file '../../build/torque_calculator/torque_calculator.egg-info/SOURCES.txt'
[1.649s] running build
[1.649s] running build_py
[1.649s] copying torque_calculator/torque_calculator_node.py -> /home/nicolas/ws_ros2/build/torque_calculator/build/lib/torque_calculator
[1.649s] running install
[1.650s] running install_lib
[1.651s] copying /home/nicolas/ws_ros2/build/torque_calculator/build/lib/torque_calculator/torque_calculator_node.py -> /home/nicolas/ws_ros2/install/torque_calculator/lib/python3.10/site-packages/torque_calculator
[1.652s] byte-compiling /home/nicolas/ws_ros2/install/torque_calculator/lib/python3.10/site-packages/torque_calculator/torque_calculator_node.py to torque_calculator_node.cpython-310.pyc
[1.652s] running install_data
[1.652s] running install_egg_info
[1.653s] removing '/home/nicolas/ws_ros2/install/torque_calculator/lib/python3.10/site-packages/torque_calculator-0.0.0-py3.10.egg-info' (and everything under it)
[1.653s] Copying ../../build/torque_calculator/torque_calculator.egg-info to /home/nicolas/ws_ros2/install/torque_calculator/lib/python3.10/site-packages/torque_calculator-0.0.0-py3.10.egg-info
[1.653s] running install_scripts
[1.663s] Installing torque_node script to /home/nicolas/ws_ros2/install/torque_calculator/lib/torque_calculator
[1.664s] writing list of installed files to '/home/nicolas/ws_ros2/build/torque_calculator/install.log'
[1.681s] Invoked command in '/home/nicolas/ws_ros2/src/torque_calculator' returned '0': PYTHONPATH=/home/nicolas/ws_ros2/build/torque_calculator/prefix_override:/usr/lib/python3/dist-packages/colcon_core/task/python/colcon_distutils_commands:/home/nicolas/ws_ros2/install/torque_calculator/lib/python3.10/site-packages:${PYTHONPATH} /usr/bin/python3 -W ignore:setup.py install is deprecated -W ignore:easy_install command is deprecated setup.py egg_info --egg-base ../../build/torque_calculator build --build-base /home/nicolas/ws_ros2/build/torque_calculator/build install --record /home/nicolas/ws_ros2/build/torque_calculator/install.log --single-version-externally-managed install_data
