[0.201s] Invoking command in '/home/nicolas/ws_ros2/build/teleop': CMAKE_PREFIX_PATH=/opt/ros/humble /usr/bin/cmake /home/nicolas/ws_ros2/src/ros2_px4_teleop_example/src/teleop -DCMAKE_INSTALL_PREFIX=/home/nicolas/ws_ros2/install/teleop
[0.394s] -- The C compiler identification is GNU 11.4.0
[0.394s] -- The CXX compiler identification is GNU 11.4.0
[0.394s] -- Detecting C compiler ABI info
[0.431s] -- Detecting C compiler ABI info - done
[0.438s] -- Check for working C compiler: /usr/bin/cc - skipped
[0.438s] -- Detecting C compile features
[0.439s] -- Detecting C compile features - done
[0.442s] -- Detecting CXX compiler ABI info
[0.516s] -- Detecting CXX compiler ABI info - done
[0.522s] -- Check for working CXX compiler: /usr/bin/c++ - skipped
[0.523s] -- Detecting CXX compile features
[0.523s] -- Detecting CXX compile features - done
[0.527s] -- Found ament_cmake: 1.3.12 (/opt/ros/humble/share/ament_cmake/cmake)
[0.713s] -- Found Python3: /usr/bin/python3 (found version "3.10.12") found components: Interpreter 
[0.827s] -- Found rclcpp: 16.0.15 (/opt/ros/humble/share/rclcpp/cmake)
[0.889s] -- Found rosidl_generator_c: 3.1.7 (/opt/ros/humble/share/rosidl_generator_c/cmake)
[0.897s] -- Found rosidl_adapter: 3.1.7 (/opt/ros/humble/share/rosidl_adapter/cmake)
[0.908s] -- Found rosidl_generator_cpp: 3.1.7 (/opt/ros/humble/share/rosidl_generator_cpp/cmake)
[0.927s] -- Using all available rosidl_typesupport_c: rosidl_typesupport_fastrtps_c;rosidl_typesupport_introspection_c
[0.952s] -- Using all available rosidl_typesupport_cpp: rosidl_typesupport_fastrtps_cpp;rosidl_typesupport_introspection_cpp
[1.091s] -- Found rmw_implementation_cmake: 6.1.2 (/opt/ros/humble/share/rmw_implementation_cmake/cmake)
[1.095s] -- Found rmw_fastrtps_cpp: 6.2.8 (/opt/ros/humble/share/rmw_fastrtps_cpp/cmake)
[1.218s] -- Found OpenSSL: /usr/lib/x86_64-linux-gnu/libcrypto.so (found version "3.0.2")  
[1.218s] -- Found FastRTPS: /opt/ros/humble/include  
[1.226s] -- Using RMW implementation 'rmw_fastrtps_cpp' as default
[1.231s] -- Looking for pthread.h
[1.284s] -- Looking for pthread.h - found
[1.285s] -- Performing Test CMAKE_HAVE_LIBC_PTHREAD
[1.353s] -- Performing Test CMAKE_HAVE_LIBC_PTHREAD - Success
[1.354s] -- Found Threads: TRUE  
[1.432s] [31mCMake Error at CMakeLists.txt:11 (find_package):
[1.432s]   By not providing "Findpx4_ros2_cpp.cmake" in CMAKE_MODULE_PATH this project
[1.432s]   has asked CMake to find a package configuration file provided by
[1.432s]   "px4_ros2_cpp", but CMake did not find one.
[1.432s] 
[1.432s]   Could not find a package configuration file provided by "px4_ros2_cpp" with
[1.432s]   any of the following names:
[1.432s] 
[1.432s]     px4_ros2_cppConfig.cmake
[1.432s]     px4_ros2_cpp-config.cmake
[1.432s] 
[1.432s]   Add the installation prefix of "px4_ros2_cpp" to CMAKE_PREFIX_PATH or set
[1.432s]   "px4_ros2_cpp_DIR" to a directory containing one of the above files.  If
[1.432s]   "px4_ros2_cpp" provides a separate development package or SDK, be sure it
[1.432s]   has been installed.
[1.432s] 
[1.432s] [0m
[1.432s] -- Configuring incomplete, errors occurred!
[1.433s] See also "/home/nicolas/ws_ros2/build/teleop/CMakeFiles/CMakeOutput.log".
[1.440s] Invoked command in '/home/nicolas/ws_ros2/build/teleop' returned '1': CMAKE_PREFIX_PATH=/opt/ros/humble /usr/bin/cmake /home/nicolas/ws_ros2/src/ros2_px4_teleop_example/src/teleop -DCMAKE_INSTALL_PREFIX=/home/nicolas/ws_ros2/install/teleop
