[0.078s] DEBUG:colcon:Command line arguments: ['/usr/bin/colcon', 'build']
[0.079s] DEBUG:colcon:Parsed command line arguments: Namespace(log_base=None, log_level=None, verb_name='build', build_base='build', install_base='install', merge_install=False, symlink_install=False, test_result_base=None, continue_on_error=False, executor='parallel', parallel_workers=16, event_handlers=None, ignore_user_meta=False, metas=['./colcon.meta'], base_paths=['.'], packages_ignore=None, packages_ignore_regex=None, paths=None, packages_up_to=None, packages_up_to_regex=None, packages_above=None, packages_above_and_dependencies=None, packages_above_depth=None, packages_select_by_dep=None, packages_skip_by_dep=None, packages_skip_up_to=None, packages_select_build_failed=False, packages_skip_build_finished=False, packages_select_test_failures=False, packages_skip_test_passed=False, packages_select=None, packages_skip=None, packages_select_regex=None, packages_skip_regex=None, packages_start=None, packages_end=None, allow_overriding=[], cmake_args=None, cmake_target=None, cmake_target_skip_unavailable=False, cmake_clean_cache=False, cmake_clean_first=False, cmake_force_configure=False, ament_cmake_args=None, catkin_cmake_args=None, catkin_skip_building_tests=False, mixin_files=None, mixin=None, verb_parser=<colcon_mixin.mixin.mixin_argument.MixinArgumentDecorator object at 0x7d25d86622c0>, verb_extension=<colcon_core.verb.build.BuildVerb object at 0x7d25d8661ba0>, main=<bound method BuildVerb.main of <colcon_core.verb.build.BuildVerb object at 0x7d25d8661ba0>>, mixin_verb=('build',))
[0.192s] Level 1:colcon.colcon_core.package_discovery:discover_packages(colcon_meta) check parameters
[0.192s] Level 1:colcon.colcon_core.package_discovery:discover_packages(recursive) check parameters
[0.192s] Level 1:colcon.colcon_core.package_discovery:discover_packages(ignore) check parameters
[0.192s] Level 1:colcon.colcon_core.package_discovery:discover_packages(path) check parameters
[0.192s] Level 1:colcon.colcon_core.package_discovery:discover_packages(colcon_meta) discover
[0.192s] Level 1:colcon.colcon_core.package_discovery:discover_packages(recursive) discover
[0.192s] INFO:colcon.colcon_core.package_discovery:Crawling recursively for packages in '/home/nicolas/ws_ros2'
[0.192s] Level 1:colcon.colcon_core.package_identification:_identify(.) by extensions ['ignore', 'ignore_ament_install']
[0.193s] Level 1:colcon.colcon_core.package_identification:_identify(.) by extension 'ignore'
[0.193s] Level 1:colcon.colcon_core.package_identification:_identify(.) by extension 'ignore_ament_install'
[0.193s] Level 1:colcon.colcon_core.package_identification:_identify(.) by extensions ['colcon_pkg']
[0.193s] Level 1:colcon.colcon_core.package_identification:_identify(.) by extension 'colcon_pkg'
[0.193s] Level 1:colcon.colcon_core.package_identification:_identify(.) by extensions ['colcon_meta']
[0.193s] Level 1:colcon.colcon_core.package_identification:_identify(.) by extension 'colcon_meta'
[0.193s] Level 1:colcon.colcon_core.package_identification:_identify(.) by extensions ['ros']
[0.193s] Level 1:colcon.colcon_core.package_identification:_identify(.) by extension 'ros'
[0.200s] Level 1:colcon.colcon_core.package_identification:_identify(.) by extensions ['cmake', 'python']
[0.201s] Level 1:colcon.colcon_core.package_identification:_identify(.) by extension 'cmake'
[0.201s] Level 1:colcon.colcon_core.package_identification:_identify(.) by extension 'python'
[0.201s] Level 1:colcon.colcon_core.package_identification:_identify(.) by extensions ['python_setup_py']
[0.201s] Level 1:colcon.colcon_core.package_identification:_identify(.) by extension 'python_setup_py'
[0.201s] Level 1:colcon.colcon_core.package_identification:_identify(build) by extensions ['ignore', 'ignore_ament_install']
[0.201s] Level 1:colcon.colcon_core.package_identification:_identify(build) by extension 'ignore'
[0.201s] Level 1:colcon.colcon_core.package_identification:_identify(build) ignored
[0.201s] Level 1:colcon.colcon_core.package_identification:_identify(install) by extensions ['ignore', 'ignore_ament_install']
[0.201s] Level 1:colcon.colcon_core.package_identification:_identify(install) by extension 'ignore'
[0.201s] Level 1:colcon.colcon_core.package_identification:_identify(install) ignored
[0.201s] Level 1:colcon.colcon_core.package_identification:_identify(log) by extensions ['ignore', 'ignore_ament_install']
[0.201s] Level 1:colcon.colcon_core.package_identification:_identify(log) by extension 'ignore'
[0.201s] Level 1:colcon.colcon_core.package_identification:_identify(log) ignored
[0.201s] Level 1:colcon.colcon_core.package_identification:_identify(src) by extensions ['ignore', 'ignore_ament_install']
[0.201s] Level 1:colcon.colcon_core.package_identification:_identify(src) by extension 'ignore'
[0.201s] Level 1:colcon.colcon_core.package_identification:_identify(src) by extension 'ignore_ament_install'
[0.201s] Level 1:colcon.colcon_core.package_identification:_identify(src) by extensions ['colcon_pkg']
[0.201s] Level 1:colcon.colcon_core.package_identification:_identify(src) by extension 'colcon_pkg'
[0.201s] Level 1:colcon.colcon_core.package_identification:_identify(src) by extensions ['colcon_meta']
[0.201s] Level 1:colcon.colcon_core.package_identification:_identify(src) by extension 'colcon_meta'
[0.201s] Level 1:colcon.colcon_core.package_identification:_identify(src) by extensions ['ros']
[0.201s] Level 1:colcon.colcon_core.package_identification:_identify(src) by extension 'ros'
[0.201s] Level 1:colcon.colcon_core.package_identification:_identify(src) by extensions ['cmake', 'python']
[0.201s] Level 1:colcon.colcon_core.package_identification:_identify(src) by extension 'cmake'
[0.201s] Level 1:colcon.colcon_core.package_identification:_identify(src) by extension 'python'
[0.201s] Level 1:colcon.colcon_core.package_identification:_identify(src) by extensions ['python_setup_py']
[0.202s] Level 1:colcon.colcon_core.package_identification:_identify(src) by extension 'python_setup_py'
[0.202s] Level 1:colcon.colcon_core.package_identification:_identify(src/my_tf2_package) by extensions ['ignore', 'ignore_ament_install']
[0.202s] Level 1:colcon.colcon_core.package_identification:_identify(src/my_tf2_package) by extension 'ignore'
[0.202s] Level 1:colcon.colcon_core.package_identification:_identify(src/my_tf2_package) by extension 'ignore_ament_install'
[0.202s] Level 1:colcon.colcon_core.package_identification:_identify(src/my_tf2_package) by extensions ['colcon_pkg']
[0.202s] Level 1:colcon.colcon_core.package_identification:_identify(src/my_tf2_package) by extension 'colcon_pkg'
[0.202s] Level 1:colcon.colcon_core.package_identification:_identify(src/my_tf2_package) by extensions ['colcon_meta']
[0.202s] Level 1:colcon.colcon_core.package_identification:_identify(src/my_tf2_package) by extension 'colcon_meta'
[0.202s] Level 1:colcon.colcon_core.package_identification:_identify(src/my_tf2_package) by extensions ['ros']
[0.202s] Level 1:colcon.colcon_core.package_identification:_identify(src/my_tf2_package) by extension 'ros'
[0.204s] DEBUG:colcon.colcon_core.package_identification:Package 'src/my_tf2_package' with type 'ros.ament_python' and name 'my_tf2_package'
[0.204s] Level 1:colcon.colcon_core.package_identification:_identify(src/px4_msgs) by extensions ['ignore', 'ignore_ament_install']
[0.204s] Level 1:colcon.colcon_core.package_identification:_identify(src/px4_msgs) by extension 'ignore'
[0.204s] Level 1:colcon.colcon_core.package_identification:_identify(src/px4_msgs) by extension 'ignore_ament_install'
[0.204s] Level 1:colcon.colcon_core.package_identification:_identify(src/px4_msgs) by extensions ['colcon_pkg']
[0.204s] Level 1:colcon.colcon_core.package_identification:_identify(src/px4_msgs) by extension 'colcon_pkg'
[0.204s] Level 1:colcon.colcon_core.package_identification:_identify(src/px4_msgs) by extensions ['colcon_meta']
[0.204s] Level 1:colcon.colcon_core.package_identification:_identify(src/px4_msgs) by extension 'colcon_meta'
[0.204s] Level 1:colcon.colcon_core.package_identification:_identify(src/px4_msgs) by extensions ['ros']
[0.204s] Level 1:colcon.colcon_core.package_identification:_identify(src/px4_msgs) by extension 'ros'
[0.204s] DEBUG:colcon.colcon_core.package_identification:Package 'src/px4_msgs' with type 'ros.ament_cmake' and name 'px4_msgs'
[0.205s] Level 1:colcon.colcon_core.package_identification:_identify(src/px4_ros_com) by extensions ['ignore', 'ignore_ament_install']
[0.205s] Level 1:colcon.colcon_core.package_identification:_identify(src/px4_ros_com) by extension 'ignore'
[0.205s] Level 1:colcon.colcon_core.package_identification:_identify(src/px4_ros_com) by extension 'ignore_ament_install'
[0.205s] Level 1:colcon.colcon_core.package_identification:_identify(src/px4_ros_com) by extensions ['colcon_pkg']
[0.205s] Level 1:colcon.colcon_core.package_identification:_identify(src/px4_ros_com) by extension 'colcon_pkg'
[0.205s] Level 1:colcon.colcon_core.package_identification:_identify(src/px4_ros_com) by extensions ['colcon_meta']
[0.205s] Level 1:colcon.colcon_core.package_identification:_identify(src/px4_ros_com) by extension 'colcon_meta'
[0.205s] Level 1:colcon.colcon_core.package_identification:_identify(src/px4_ros_com) by extensions ['ros']
[0.205s] Level 1:colcon.colcon_core.package_identification:_identify(src/px4_ros_com) by extension 'ros'
[0.206s] DEBUG:colcon.colcon_core.package_identification:Package 'src/px4_ros_com' with type 'ros.ament_cmake' and name 'px4_ros_com'
[0.206s] Level 1:colcon.colcon_core.package_identification:_identify(src/rtabmap_slam_pkg) by extensions ['ignore', 'ignore_ament_install']
[0.206s] Level 1:colcon.colcon_core.package_identification:_identify(src/rtabmap_slam_pkg) by extension 'ignore'
[0.206s] Level 1:colcon.colcon_core.package_identification:_identify(src/rtabmap_slam_pkg) by extension 'ignore_ament_install'
[0.206s] Level 1:colcon.colcon_core.package_identification:_identify(src/rtabmap_slam_pkg) by extensions ['colcon_pkg']
[0.206s] Level 1:colcon.colcon_core.package_identification:_identify(src/rtabmap_slam_pkg) by extension 'colcon_pkg'
[0.206s] Level 1:colcon.colcon_core.package_identification:_identify(src/rtabmap_slam_pkg) by extensions ['colcon_meta']
[0.206s] Level 1:colcon.colcon_core.package_identification:_identify(src/rtabmap_slam_pkg) by extension 'colcon_meta'
[0.206s] Level 1:colcon.colcon_core.package_identification:_identify(src/rtabmap_slam_pkg) by extensions ['ros']
[0.206s] Level 1:colcon.colcon_core.package_identification:_identify(src/rtabmap_slam_pkg) by extension 'ros'
[0.206s] DEBUG:colcon.colcon_core.package_identification:Package 'src/rtabmap_slam_pkg' with type 'ros.ament_cmake' and name 'rtabmap_slam_pkg'
[0.207s] Level 1:colcon.colcon_core.package_identification:_identify(src/torque_calculator) by extensions ['ignore', 'ignore_ament_install']
[0.207s] Level 1:colcon.colcon_core.package_identification:_identify(src/torque_calculator) by extension 'ignore'
[0.207s] Level 1:colcon.colcon_core.package_identification:_identify(src/torque_calculator) by extension 'ignore_ament_install'
[0.207s] Level 1:colcon.colcon_core.package_identification:_identify(src/torque_calculator) by extensions ['colcon_pkg']
[0.207s] Level 1:colcon.colcon_core.package_identification:_identify(src/torque_calculator) by extension 'colcon_pkg'
[0.207s] Level 1:colcon.colcon_core.package_identification:_identify(src/torque_calculator) by extensions ['colcon_meta']
[0.207s] Level 1:colcon.colcon_core.package_identification:_identify(src/torque_calculator) by extension 'colcon_meta'
[0.207s] Level 1:colcon.colcon_core.package_identification:_identify(src/torque_calculator) by extensions ['ros']
[0.207s] Level 1:colcon.colcon_core.package_identification:_identify(src/torque_calculator) by extension 'ros'
[0.207s] DEBUG:colcon.colcon_core.package_identification:Package 'src/torque_calculator' with type 'ros.ament_python' and name 'torque_calculator'
[0.207s] Level 1:colcon.colcon_core.package_discovery:discover_packages(recursive) using defaults
[0.207s] Level 1:colcon.colcon_core.package_discovery:discover_packages(ignore) discover
[0.207s] Level 1:colcon.colcon_core.package_discovery:discover_packages(ignore) using defaults
[0.207s] Level 1:colcon.colcon_core.package_discovery:discover_packages(path) discover
[0.207s] Level 1:colcon.colcon_core.package_discovery:discover_packages(path) using defaults
[0.227s] Level 1:colcon.colcon_core.package_discovery:discover_packages(prefix_path) check parameters
[0.227s] Level 1:colcon.colcon_core.package_discovery:discover_packages(prefix_path) discover
[0.229s] DEBUG:colcon.colcon_installed_package_information.package_discovery:Found 362 installed packages in /opt/ros/humble
[0.230s] Level 1:colcon.colcon_core.package_discovery:discover_packages(prefix_path) using defaults
[0.260s] Level 5:colcon.colcon_core.verb:set package 'my_tf2_package' build argument 'cmake_args' from command line to 'None'
[0.261s] Level 5:colcon.colcon_core.verb:set package 'my_tf2_package' build argument 'cmake_target' from command line to 'None'
[0.261s] Level 5:colcon.colcon_core.verb:set package 'my_tf2_package' build argument 'cmake_target_skip_unavailable' from command line to 'False'
[0.261s] Level 5:colcon.colcon_core.verb:set package 'my_tf2_package' build argument 'cmake_clean_cache' from command line to 'False'
[0.261s] Level 5:colcon.colcon_core.verb:set package 'my_tf2_package' build argument 'cmake_clean_first' from command line to 'False'
[0.261s] Level 5:colcon.colcon_core.verb:set package 'my_tf2_package' build argument 'cmake_force_configure' from command line to 'False'
[0.261s] Level 5:colcon.colcon_core.verb:set package 'my_tf2_package' build argument 'ament_cmake_args' from command line to 'None'
[0.261s] Level 5:colcon.colcon_core.verb:set package 'my_tf2_package' build argument 'catkin_cmake_args' from command line to 'None'
[0.261s] Level 5:colcon.colcon_core.verb:set package 'my_tf2_package' build argument 'catkin_skip_building_tests' from command line to 'False'
[0.261s] DEBUG:colcon.colcon_core.verb:Building package 'my_tf2_package' with the following arguments: {'ament_cmake_args': None, 'build_base': '/home/nicolas/ws_ros2/build/my_tf2_package', 'catkin_cmake_args': None, 'catkin_skip_building_tests': False, 'cmake_args': None, 'cmake_clean_cache': False, 'cmake_clean_first': False, 'cmake_force_configure': False, 'cmake_target': None, 'cmake_target_skip_unavailable': False, 'install_base': '/home/nicolas/ws_ros2/install/my_tf2_package', 'merge_install': False, 'path': '/home/nicolas/ws_ros2/src/my_tf2_package', 'symlink_install': False, 'test_result_base': None}
[0.261s] Level 5:colcon.colcon_core.verb:set package 'px4_msgs' build argument 'cmake_args' from command line to 'None'
[0.261s] Level 5:colcon.colcon_core.verb:set package 'px4_msgs' build argument 'cmake_target' from command line to 'None'
[0.261s] Level 5:colcon.colcon_core.verb:set package 'px4_msgs' build argument 'cmake_target_skip_unavailable' from command line to 'False'
[0.261s] Level 5:colcon.colcon_core.verb:set package 'px4_msgs' build argument 'cmake_clean_cache' from command line to 'False'
[0.261s] Level 5:colcon.colcon_core.verb:set package 'px4_msgs' build argument 'cmake_clean_first' from command line to 'False'
[0.261s] Level 5:colcon.colcon_core.verb:set package 'px4_msgs' build argument 'cmake_force_configure' from command line to 'False'
[0.261s] Level 5:colcon.colcon_core.verb:set package 'px4_msgs' build argument 'ament_cmake_args' from command line to 'None'
[0.261s] Level 5:colcon.colcon_core.verb:set package 'px4_msgs' build argument 'catkin_cmake_args' from command line to 'None'
[0.261s] Level 5:colcon.colcon_core.verb:set package 'px4_msgs' build argument 'catkin_skip_building_tests' from command line to 'False'
[0.261s] DEBUG:colcon.colcon_core.verb:Building package 'px4_msgs' with the following arguments: {'ament_cmake_args': None, 'build_base': '/home/nicolas/ws_ros2/build/px4_msgs', 'catkin_cmake_args': None, 'catkin_skip_building_tests': False, 'cmake_args': None, 'cmake_clean_cache': False, 'cmake_clean_first': False, 'cmake_force_configure': False, 'cmake_target': None, 'cmake_target_skip_unavailable': False, 'install_base': '/home/nicolas/ws_ros2/install/px4_msgs', 'merge_install': False, 'path': '/home/nicolas/ws_ros2/src/px4_msgs', 'symlink_install': False, 'test_result_base': None}
[0.261s] Level 5:colcon.colcon_core.verb:set package 'rtabmap_slam_pkg' build argument 'cmake_args' from command line to 'None'
[0.262s] Level 5:colcon.colcon_core.verb:set package 'rtabmap_slam_pkg' build argument 'cmake_target' from command line to 'None'
[0.262s] Level 5:colcon.colcon_core.verb:set package 'rtabmap_slam_pkg' build argument 'cmake_target_skip_unavailable' from command line to 'False'
[0.262s] Level 5:colcon.colcon_core.verb:set package 'rtabmap_slam_pkg' build argument 'cmake_clean_cache' from command line to 'False'
[0.262s] Level 5:colcon.colcon_core.verb:set package 'rtabmap_slam_pkg' build argument 'cmake_clean_first' from command line to 'False'
[0.262s] Level 5:colcon.colcon_core.verb:set package 'rtabmap_slam_pkg' build argument 'cmake_force_configure' from command line to 'False'
[0.262s] Level 5:colcon.colcon_core.verb:set package 'rtabmap_slam_pkg' build argument 'ament_cmake_args' from command line to 'None'
[0.262s] Level 5:colcon.colcon_core.verb:set package 'rtabmap_slam_pkg' build argument 'catkin_cmake_args' from command line to 'None'
[0.262s] Level 5:colcon.colcon_core.verb:set package 'rtabmap_slam_pkg' build argument 'catkin_skip_building_tests' from command line to 'False'
[0.262s] DEBUG:colcon.colcon_core.verb:Building package 'rtabmap_slam_pkg' with the following arguments: {'ament_cmake_args': None, 'build_base': '/home/nicolas/ws_ros2/build/rtabmap_slam_pkg', 'catkin_cmake_args': None, 'catkin_skip_building_tests': False, 'cmake_args': None, 'cmake_clean_cache': False, 'cmake_clean_first': False, 'cmake_force_configure': False, 'cmake_target': None, 'cmake_target_skip_unavailable': False, 'install_base': '/home/nicolas/ws_ros2/install/rtabmap_slam_pkg', 'merge_install': False, 'path': '/home/nicolas/ws_ros2/src/rtabmap_slam_pkg', 'symlink_install': False, 'test_result_base': None}
[0.262s] Level 5:colcon.colcon_core.verb:set package 'torque_calculator' build argument 'cmake_args' from command line to 'None'
[0.262s] Level 5:colcon.colcon_core.verb:set package 'torque_calculator' build argument 'cmake_target' from command line to 'None'
[0.262s] Level 5:colcon.colcon_core.verb:set package 'torque_calculator' build argument 'cmake_target_skip_unavailable' from command line to 'False'
[0.262s] Level 5:colcon.colcon_core.verb:set package 'torque_calculator' build argument 'cmake_clean_cache' from command line to 'False'
[0.262s] Level 5:colcon.colcon_core.verb:set package 'torque_calculator' build argument 'cmake_clean_first' from command line to 'False'
[0.262s] Level 5:colcon.colcon_core.verb:set package 'torque_calculator' build argument 'cmake_force_configure' from command line to 'False'
[0.262s] Level 5:colcon.colcon_core.verb:set package 'torque_calculator' build argument 'ament_cmake_args' from command line to 'None'
[0.262s] Level 5:colcon.colcon_core.verb:set package 'torque_calculator' build argument 'catkin_cmake_args' from command line to 'None'
[0.262s] Level 5:colcon.colcon_core.verb:set package 'torque_calculator' build argument 'catkin_skip_building_tests' from command line to 'False'
[0.262s] DEBUG:colcon.colcon_core.verb:Building package 'torque_calculator' with the following arguments: {'ament_cmake_args': None, 'build_base': '/home/nicolas/ws_ros2/build/torque_calculator', 'catkin_cmake_args': None, 'catkin_skip_building_tests': False, 'cmake_args': None, 'cmake_clean_cache': False, 'cmake_clean_first': False, 'cmake_force_configure': False, 'cmake_target': None, 'cmake_target_skip_unavailable': False, 'install_base': '/home/nicolas/ws_ros2/install/torque_calculator', 'merge_install': False, 'path': '/home/nicolas/ws_ros2/src/torque_calculator', 'symlink_install': False, 'test_result_base': None}
[0.262s] Level 5:colcon.colcon_core.verb:set package 'px4_ros_com' build argument 'cmake_args' from command line to 'None'
[0.262s] Level 5:colcon.colcon_core.verb:set package 'px4_ros_com' build argument 'cmake_target' from command line to 'None'
[0.262s] Level 5:colcon.colcon_core.verb:set package 'px4_ros_com' build argument 'cmake_target_skip_unavailable' from command line to 'False'
[0.262s] Level 5:colcon.colcon_core.verb:set package 'px4_ros_com' build argument 'cmake_clean_cache' from command line to 'False'
[0.262s] Level 5:colcon.colcon_core.verb:set package 'px4_ros_com' build argument 'cmake_clean_first' from command line to 'False'
[0.262s] Level 5:colcon.colcon_core.verb:set package 'px4_ros_com' build argument 'cmake_force_configure' from command line to 'False'
[0.262s] Level 5:colcon.colcon_core.verb:set package 'px4_ros_com' build argument 'ament_cmake_args' from command line to 'None'
[0.262s] Level 5:colcon.colcon_core.verb:set package 'px4_ros_com' build argument 'catkin_cmake_args' from command line to 'None'
[0.262s] Level 5:colcon.colcon_core.verb:set package 'px4_ros_com' build argument 'catkin_skip_building_tests' from command line to 'False'
[0.262s] DEBUG:colcon.colcon_core.verb:Building package 'px4_ros_com' with the following arguments: {'ament_cmake_args': None, 'build_base': '/home/nicolas/ws_ros2/build/px4_ros_com', 'catkin_cmake_args': None, 'catkin_skip_building_tests': False, 'cmake_args': None, 'cmake_clean_cache': False, 'cmake_clean_first': False, 'cmake_force_configure': False, 'cmake_target': None, 'cmake_target_skip_unavailable': False, 'install_base': '/home/nicolas/ws_ros2/install/px4_ros_com', 'merge_install': False, 'path': '/home/nicolas/ws_ros2/src/px4_ros_com', 'symlink_install': False, 'test_result_base': None}
[0.263s] INFO:colcon.colcon_core.executor:Executing jobs using 'parallel' executor
[0.263s] DEBUG:colcon.colcon_parallel_executor.executor.parallel:run_until_complete
[0.264s] INFO:colcon.colcon_ros.task.ament_cmake.build:Building ROS package in '/home/nicolas/ws_ros2/src/px4_msgs' with build type 'ament_cmake'
[0.264s] INFO:colcon.colcon_cmake.task.cmake.build:Building CMake package in '/home/nicolas/ws_ros2/src/px4_msgs'
[0.265s] INFO:colcon.colcon_core.plugin_system:Skipping extension 'colcon_core.shell.bat': Not used on non-Windows systems
[0.265s] INFO:colcon.colcon_core.shell:Skip shell extension 'powershell' for command environment: Not usable outside of PowerShell
[0.265s] DEBUG:colcon.colcon_core.shell:Skip shell extension 'dsv' for command environment
[0.268s] INFO:colcon.colcon_ros.task.ament_python.build:Building ROS package in '/home/nicolas/ws_ros2/src/my_tf2_package' with build type 'ament_python'
[0.268s] Level 1:colcon.colcon_core.shell:create_environment_hook('my_tf2_package', 'ament_prefix_path')
[0.268s] INFO:colcon.colcon_core.shell:Creating environment hook '/home/nicolas/ws_ros2/install/my_tf2_package/share/my_tf2_package/hook/ament_prefix_path.ps1'
[0.269s] INFO:colcon.colcon_core.shell:Creating environment descriptor '/home/nicolas/ws_ros2/install/my_tf2_package/share/my_tf2_package/hook/ament_prefix_path.dsv'
[0.270s] INFO:colcon.colcon_core.shell:Creating environment hook '/home/nicolas/ws_ros2/install/my_tf2_package/share/my_tf2_package/hook/ament_prefix_path.sh'
[0.270s] INFO:colcon.colcon_core.shell:Skip shell extension 'powershell' for command environment: Not usable outside of PowerShell
[0.270s] DEBUG:colcon.colcon_core.shell:Skip shell extension 'dsv' for command environment
[0.273s] INFO:colcon.colcon_ros.task.ament_cmake.build:Building ROS package in '/home/nicolas/ws_ros2/src/rtabmap_slam_pkg' with build type 'ament_cmake'
[0.273s] INFO:colcon.colcon_cmake.task.cmake.build:Building CMake package in '/home/nicolas/ws_ros2/src/rtabmap_slam_pkg'
[0.273s] INFO:colcon.colcon_core.shell:Skip shell extension 'powershell' for command environment: Not usable outside of PowerShell
[0.274s] DEBUG:colcon.colcon_core.shell:Skip shell extension 'dsv' for command environment
[0.276s] INFO:colcon.colcon_ros.task.ament_python.build:Building ROS package in '/home/nicolas/ws_ros2/src/torque_calculator' with build type 'ament_python'
[0.276s] Level 1:colcon.colcon_core.shell:create_environment_hook('torque_calculator', 'ament_prefix_path')
[0.276s] INFO:colcon.colcon_core.shell:Creating environment hook '/home/nicolas/ws_ros2/install/torque_calculator/share/torque_calculator/hook/ament_prefix_path.ps1'
[0.277s] INFO:colcon.colcon_core.shell:Creating environment descriptor '/home/nicolas/ws_ros2/install/torque_calculator/share/torque_calculator/hook/ament_prefix_path.dsv'
[0.277s] INFO:colcon.colcon_core.shell:Creating environment hook '/home/nicolas/ws_ros2/install/torque_calculator/share/torque_calculator/hook/ament_prefix_path.sh'
[0.278s] INFO:colcon.colcon_core.shell:Skip shell extension 'powershell' for command environment: Not usable outside of PowerShell
[0.278s] DEBUG:colcon.colcon_core.shell:Skip shell extension 'dsv' for command environment
[0.282s] DEBUG:colcon.colcon_core.event_handler.log_command:Invoking command in '/home/nicolas/ws_ros2/build/px4_msgs': CMAKE_PREFIX_PATH=/opt/ros/humble /usr/bin/cmake --build /home/nicolas/ws_ros2/build/px4_msgs -- -j16 -l16
[0.452s] INFO:colcon.colcon_core.task.python.build:Building Python package in '/home/nicolas/ws_ros2/src/my_tf2_package'
[0.452s] INFO:colcon.colcon_core.shell:Skip shell extension 'powershell' for command environment: Not usable outside of PowerShell
[0.452s] DEBUG:colcon.colcon_core.shell:Skip shell extension 'dsv' for command environment
[0.458s] DEBUG:colcon.colcon_core.event_handler.log_command:Invoking command in '/home/nicolas/ws_ros2/build/rtabmap_slam_pkg': CMAKE_PREFIX_PATH=/opt/ros/humble /usr/bin/cmake --build /home/nicolas/ws_ros2/build/rtabmap_slam_pkg -- -j16 -l16
[0.639s] INFO:colcon.colcon_core.task.python.build:Building Python package in '/home/nicolas/ws_ros2/src/torque_calculator'
[0.640s] INFO:colcon.colcon_core.shell:Skip shell extension 'powershell' for command environment: Not usable outside of PowerShell
[0.640s] DEBUG:colcon.colcon_core.shell:Skip shell extension 'dsv' for command environment
[0.644s] DEBUG:colcon.colcon_core.event_handler.log_command:Invoked command in '/home/nicolas/ws_ros2/build/rtabmap_slam_pkg' returned '0': CMAKE_PREFIX_PATH=/opt/ros/humble /usr/bin/cmake --build /home/nicolas/ws_ros2/build/rtabmap_slam_pkg -- -j16 -l16
[0.652s] DEBUG:colcon.colcon_core.event_handler.log_command:Invoking command in '/home/nicolas/ws_ros2/build/rtabmap_slam_pkg': CMAKE_PREFIX_PATH=/opt/ros/humble /usr/bin/cmake --install /home/nicolas/ws_ros2/build/rtabmap_slam_pkg
[0.660s] Level 1:colcon.colcon_core.environment:create_environment_scripts_only(rtabmap_slam_pkg)
[0.660s] DEBUG:colcon.colcon_core.event_handler.log_command:Invoked command in '/home/nicolas/ws_ros2/build/rtabmap_slam_pkg' returned '0': CMAKE_PREFIX_PATH=/opt/ros/humble /usr/bin/cmake --install /home/nicolas/ws_ros2/build/rtabmap_slam_pkg
[0.662s] Level 1:colcon.colcon_core.environment:checking '/home/nicolas/ws_ros2/install/rtabmap_slam_pkg' for CMake module files
[0.662s] Level 1:colcon.colcon_core.environment:checking '/home/nicolas/ws_ros2/install/rtabmap_slam_pkg' for CMake config files
[0.662s] Level 1:colcon.colcon_core.shell:create_environment_hook('rtabmap_slam_pkg', 'cmake_prefix_path')
[0.663s] INFO:colcon.colcon_core.shell:Creating environment hook '/home/nicolas/ws_ros2/install/rtabmap_slam_pkg/share/rtabmap_slam_pkg/hook/cmake_prefix_path.ps1'
[0.663s] INFO:colcon.colcon_core.shell:Creating environment descriptor '/home/nicolas/ws_ros2/install/rtabmap_slam_pkg/share/rtabmap_slam_pkg/hook/cmake_prefix_path.dsv'
[0.663s] INFO:colcon.colcon_core.shell:Creating environment hook '/home/nicolas/ws_ros2/install/rtabmap_slam_pkg/share/rtabmap_slam_pkg/hook/cmake_prefix_path.sh'
[0.664s] Level 1:colcon.colcon_core.environment:checking '/home/nicolas/ws_ros2/install/rtabmap_slam_pkg/bin'
[0.664s] Level 1:colcon.colcon_core.environment:checking '/home/nicolas/ws_ros2/install/rtabmap_slam_pkg/lib/pkgconfig/rtabmap_slam_pkg.pc'
[0.664s] Level 1:colcon.colcon_core.environment:checking '/home/nicolas/ws_ros2/install/rtabmap_slam_pkg/lib/python3.10/site-packages'
[0.664s] Level 1:colcon.colcon_core.environment:checking '/home/nicolas/ws_ros2/install/rtabmap_slam_pkg/bin'
[0.665s] INFO:colcon.colcon_core.shell:Creating package script '/home/nicolas/ws_ros2/install/rtabmap_slam_pkg/share/rtabmap_slam_pkg/package.ps1'
[0.665s] INFO:colcon.colcon_core.shell:Creating package descriptor '/home/nicolas/ws_ros2/install/rtabmap_slam_pkg/share/rtabmap_slam_pkg/package.dsv'
[0.666s] INFO:colcon.colcon_core.shell:Creating package script '/home/nicolas/ws_ros2/install/rtabmap_slam_pkg/share/rtabmap_slam_pkg/package.sh'
[0.666s] INFO:colcon.colcon_core.shell:Creating package script '/home/nicolas/ws_ros2/install/rtabmap_slam_pkg/share/rtabmap_slam_pkg/package.bash'
[0.667s] INFO:colcon.colcon_core.shell:Creating package script '/home/nicolas/ws_ros2/install/rtabmap_slam_pkg/share/rtabmap_slam_pkg/package.zsh'
[0.667s] Level 1:colcon.colcon_core.environment:create_file_with_runtime_dependencies(/home/nicolas/ws_ros2/install/rtabmap_slam_pkg/share/colcon-core/packages/rtabmap_slam_pkg)
[0.668s] Level 1:colcon.colcon_core.environment:create_environment_scripts_only(rtabmap_slam_pkg)
[0.668s] Level 1:colcon.colcon_core.environment:checking '/home/nicolas/ws_ros2/install/rtabmap_slam_pkg' for CMake module files
[0.668s] Level 1:colcon.colcon_core.environment:checking '/home/nicolas/ws_ros2/install/rtabmap_slam_pkg' for CMake config files
[0.668s] Level 1:colcon.colcon_core.shell:create_environment_hook('rtabmap_slam_pkg', 'cmake_prefix_path')
[0.668s] INFO:colcon.colcon_core.shell:Creating environment hook '/home/nicolas/ws_ros2/install/rtabmap_slam_pkg/share/rtabmap_slam_pkg/hook/cmake_prefix_path.ps1'
[0.669s] INFO:colcon.colcon_core.shell:Creating environment descriptor '/home/nicolas/ws_ros2/install/rtabmap_slam_pkg/share/rtabmap_slam_pkg/hook/cmake_prefix_path.dsv'
[0.669s] INFO:colcon.colcon_core.shell:Creating environment hook '/home/nicolas/ws_ros2/install/rtabmap_slam_pkg/share/rtabmap_slam_pkg/hook/cmake_prefix_path.sh'
[0.669s] Level 1:colcon.colcon_core.environment:checking '/home/nicolas/ws_ros2/install/rtabmap_slam_pkg/bin'
[0.669s] Level 1:colcon.colcon_core.environment:checking '/home/nicolas/ws_ros2/install/rtabmap_slam_pkg/lib/pkgconfig/rtabmap_slam_pkg.pc'
[0.669s] Level 1:colcon.colcon_core.environment:checking '/home/nicolas/ws_ros2/install/rtabmap_slam_pkg/lib/python3.10/site-packages'
[0.670s] Level 1:colcon.colcon_core.environment:checking '/home/nicolas/ws_ros2/install/rtabmap_slam_pkg/bin'
[0.670s] INFO:colcon.colcon_core.shell:Creating package script '/home/nicolas/ws_ros2/install/rtabmap_slam_pkg/share/rtabmap_slam_pkg/package.ps1'
[0.670s] INFO:colcon.colcon_core.shell:Creating package descriptor '/home/nicolas/ws_ros2/install/rtabmap_slam_pkg/share/rtabmap_slam_pkg/package.dsv'
[0.670s] INFO:colcon.colcon_core.shell:Creating package script '/home/nicolas/ws_ros2/install/rtabmap_slam_pkg/share/rtabmap_slam_pkg/package.sh'
[0.671s] INFO:colcon.colcon_core.shell:Creating package script '/home/nicolas/ws_ros2/install/rtabmap_slam_pkg/share/rtabmap_slam_pkg/package.bash'
[0.671s] INFO:colcon.colcon_core.shell:Creating package script '/home/nicolas/ws_ros2/install/rtabmap_slam_pkg/share/rtabmap_slam_pkg/package.zsh'
[0.671s] Level 1:colcon.colcon_core.environment:create_file_with_runtime_dependencies(/home/nicolas/ws_ros2/install/rtabmap_slam_pkg/share/colcon-core/packages/rtabmap_slam_pkg)
[0.924s] DEBUG:colcon.colcon_core.event_handler.log_command:Invoking command in '/home/nicolas/ws_ros2/src/my_tf2_package': PYTHONPATH=/home/nicolas/ws_ros2/build/my_tf2_package/prefix_override:/usr/lib/python3/dist-packages/colcon_core/task/python/colcon_distutils_commands:/home/nicolas/ws_ros2/install/my_tf2_package/lib/python3.10/site-packages:${PYTHONPATH} /usr/bin/python3 -W ignore:setup.py install is deprecated -W ignore:easy_install command is deprecated setup.py egg_info --egg-base ../../build/my_tf2_package build --build-base /home/nicolas/ws_ros2/build/my_tf2_package/build install --record /home/nicolas/ws_ros2/build/my_tf2_package/install.log --single-version-externally-managed install_data
[0.947s] DEBUG:colcon.colcon_core.event_handler.log_command:Invoking command in '/home/nicolas/ws_ros2/src/torque_calculator': PYTHONPATH=/home/nicolas/ws_ros2/build/torque_calculator/prefix_override:/usr/lib/python3/dist-packages/colcon_core/task/python/colcon_distutils_commands:/home/nicolas/ws_ros2/install/torque_calculator/lib/python3.10/site-packages:${PYTHONPATH} /usr/bin/python3 -W ignore:setup.py install is deprecated -W ignore:easy_install command is deprecated setup.py egg_info --egg-base ../../build/torque_calculator build --build-base /home/nicolas/ws_ros2/build/torque_calculator/build install --record /home/nicolas/ws_ros2/build/torque_calculator/install.log --single-version-externally-managed install_data
[1.102s] DEBUG:colcon.colcon_core.event_handler.log_command:Invoked command in '/home/nicolas/ws_ros2/build/px4_msgs' returned '0': CMAKE_PREFIX_PATH=/opt/ros/humble /usr/bin/cmake --build /home/nicolas/ws_ros2/build/px4_msgs -- -j16 -l16
[1.104s] DEBUG:colcon.colcon_core.event_handler.log_command:Invoking command in '/home/nicolas/ws_ros2/build/px4_msgs': CMAKE_PREFIX_PATH=/opt/ros/humble /usr/bin/cmake --install /home/nicolas/ws_ros2/build/px4_msgs
[1.182s] Level 1:colcon.colcon_core.environment:checking '/home/nicolas/ws_ros2/install/my_tf2_package' for CMake module files
[1.186s] Level 1:colcon.colcon_core.environment:checking '/home/nicolas/ws_ros2/install/my_tf2_package' for CMake config files
[1.198s] Level 1:colcon.colcon_core.environment:checking '/home/nicolas/ws_ros2/install/my_tf2_package/lib'
[1.198s] Level 1:colcon.colcon_core.environment:checking '/home/nicolas/ws_ros2/install/my_tf2_package/bin'
[1.198s] Level 1:colcon.colcon_core.environment:checking '/home/nicolas/ws_ros2/install/my_tf2_package/lib/pkgconfig/my_tf2_package.pc'
[1.199s] Level 1:colcon.colcon_core.environment:checking '/home/nicolas/ws_ros2/install/my_tf2_package/lib/python3.10/site-packages'
[1.199s] Level 1:colcon.colcon_core.shell:create_environment_hook('my_tf2_package', 'pythonpath')
[1.199s] INFO:colcon.colcon_core.shell:Creating environment hook '/home/nicolas/ws_ros2/install/my_tf2_package/share/my_tf2_package/hook/pythonpath.ps1'
[1.200s] INFO:colcon.colcon_core.shell:Creating environment descriptor '/home/nicolas/ws_ros2/install/my_tf2_package/share/my_tf2_package/hook/pythonpath.dsv'
[1.200s] INFO:colcon.colcon_core.shell:Creating environment hook '/home/nicolas/ws_ros2/install/my_tf2_package/share/my_tf2_package/hook/pythonpath.sh'
[1.201s] Level 1:colcon.colcon_core.environment:checking '/home/nicolas/ws_ros2/install/my_tf2_package/bin'
[1.201s] Level 1:colcon.colcon_core.environment:create_environment_scripts_only(my_tf2_package)
[1.201s] INFO:colcon.colcon_core.shell:Creating package script '/home/nicolas/ws_ros2/install/my_tf2_package/share/my_tf2_package/package.ps1'
[1.202s] INFO:colcon.colcon_core.shell:Creating package descriptor '/home/nicolas/ws_ros2/install/my_tf2_package/share/my_tf2_package/package.dsv'
[1.203s] INFO:colcon.colcon_core.shell:Creating package script '/home/nicolas/ws_ros2/install/my_tf2_package/share/my_tf2_package/package.sh'
[1.204s] INFO:colcon.colcon_core.shell:Creating package script '/home/nicolas/ws_ros2/install/my_tf2_package/share/my_tf2_package/package.bash'
[1.205s] INFO:colcon.colcon_core.shell:Creating package script '/home/nicolas/ws_ros2/install/my_tf2_package/share/my_tf2_package/package.zsh'
[1.207s] Level 1:colcon.colcon_core.environment:create_file_with_runtime_dependencies(/home/nicolas/ws_ros2/install/my_tf2_package/share/colcon-core/packages/my_tf2_package)
[1.208s] Level 1:colcon.colcon_core.environment:checking '/home/nicolas/ws_ros2/install/torque_calculator' for CMake module files
[1.210s] Level 1:colcon.colcon_core.environment:checking '/home/nicolas/ws_ros2/install/torque_calculator' for CMake config files
[1.223s] Level 1:colcon.colcon_core.environment:checking '/home/nicolas/ws_ros2/install/torque_calculator/lib'
[1.223s] Level 1:colcon.colcon_core.environment:checking '/home/nicolas/ws_ros2/install/torque_calculator/bin'
[1.223s] Level 1:colcon.colcon_core.environment:checking '/home/nicolas/ws_ros2/install/torque_calculator/lib/pkgconfig/torque_calculator.pc'
[1.224s] Level 1:colcon.colcon_core.environment:checking '/home/nicolas/ws_ros2/install/torque_calculator/lib/python3.10/site-packages'
[1.224s] Level 1:colcon.colcon_core.shell:create_environment_hook('torque_calculator', 'pythonpath')
[1.224s] INFO:colcon.colcon_core.shell:Creating environment hook '/home/nicolas/ws_ros2/install/torque_calculator/share/torque_calculator/hook/pythonpath.ps1'
[1.225s] INFO:colcon.colcon_core.shell:Creating environment descriptor '/home/nicolas/ws_ros2/install/torque_calculator/share/torque_calculator/hook/pythonpath.dsv'
[1.229s] INFO:colcon.colcon_core.shell:Creating environment hook '/home/nicolas/ws_ros2/install/torque_calculator/share/torque_calculator/hook/pythonpath.sh'
[1.232s] Level 1:colcon.colcon_core.environment:checking '/home/nicolas/ws_ros2/install/torque_calculator/bin'
[1.233s] Level 1:colcon.colcon_core.environment:create_environment_scripts_only(torque_calculator)
[1.234s] INFO:colcon.colcon_core.shell:Creating package script '/home/nicolas/ws_ros2/install/torque_calculator/share/torque_calculator/package.ps1'
[1.239s] INFO:colcon.colcon_core.shell:Creating package descriptor '/home/nicolas/ws_ros2/install/torque_calculator/share/torque_calculator/package.dsv'
[1.245s] INFO:colcon.colcon_core.shell:Creating package script '/home/nicolas/ws_ros2/install/torque_calculator/share/torque_calculator/package.sh'
[1.250s] INFO:colcon.colcon_core.shell:Creating package script '/home/nicolas/ws_ros2/install/torque_calculator/share/torque_calculator/package.bash'
[1.254s] INFO:colcon.colcon_core.shell:Creating package script '/home/nicolas/ws_ros2/install/torque_calculator/share/torque_calculator/package.zsh'
[1.258s] Level 1:colcon.colcon_core.environment:create_file_with_runtime_dependencies(/home/nicolas/ws_ros2/install/torque_calculator/share/colcon-core/packages/torque_calculator)
[1.333s] DEBUG:colcon.colcon_core.event_handler.log_command:Invoked command in '/home/nicolas/ws_ros2/src/my_tf2_package' returned '0': PYTHONPATH=/home/nicolas/ws_ros2/build/my_tf2_package/prefix_override:/usr/lib/python3/dist-packages/colcon_core/task/python/colcon_distutils_commands:/home/nicolas/ws_ros2/install/my_tf2_package/lib/python3.10/site-packages:${PYTHONPATH} /usr/bin/python3 -W ignore:setup.py install is deprecated -W ignore:easy_install command is deprecated setup.py egg_info --egg-base ../../build/my_tf2_package build --build-base /home/nicolas/ws_ros2/build/my_tf2_package/build install --record /home/nicolas/ws_ros2/build/my_tf2_package/install.log --single-version-externally-managed install_data
[1.342s] DEBUG:colcon.colcon_core.event_handler.log_command:Invoked command in '/home/nicolas/ws_ros2/src/torque_calculator' returned '0': PYTHONPATH=/home/nicolas/ws_ros2/build/torque_calculator/prefix_override:/usr/lib/python3/dist-packages/colcon_core/task/python/colcon_distutils_commands:/home/nicolas/ws_ros2/install/torque_calculator/lib/python3.10/site-packages:${PYTHONPATH} /usr/bin/python3 -W ignore:setup.py install is deprecated -W ignore:easy_install command is deprecated setup.py egg_info --egg-base ../../build/torque_calculator build --build-base /home/nicolas/ws_ros2/build/torque_calculator/build install --record /home/nicolas/ws_ros2/build/torque_calculator/install.log --single-version-externally-managed install_data
[1.381s] Level 1:colcon.colcon_core.environment:create_environment_scripts_only(px4_msgs)
[1.382s] Level 1:colcon.colcon_core.environment:checking '/home/nicolas/ws_ros2/install/px4_msgs' for CMake module files
[1.382s] DEBUG:colcon.colcon_core.event_handler.log_command:Invoked command in '/home/nicolas/ws_ros2/build/px4_msgs' returned '0': CMAKE_PREFIX_PATH=/opt/ros/humble /usr/bin/cmake --install /home/nicolas/ws_ros2/build/px4_msgs
[1.382s] Level 1:colcon.colcon_core.environment:checking '/home/nicolas/ws_ros2/install/px4_msgs' for CMake config files
[1.385s] Level 1:colcon.colcon_core.shell:create_environment_hook('px4_msgs', 'cmake_prefix_path')
[1.385s] INFO:colcon.colcon_core.shell:Creating environment hook '/home/nicolas/ws_ros2/install/px4_msgs/share/px4_msgs/hook/cmake_prefix_path.ps1'
[1.386s] INFO:colcon.colcon_core.shell:Creating environment descriptor '/home/nicolas/ws_ros2/install/px4_msgs/share/px4_msgs/hook/cmake_prefix_path.dsv'
[1.386s] INFO:colcon.colcon_core.shell:Creating environment hook '/home/nicolas/ws_ros2/install/px4_msgs/share/px4_msgs/hook/cmake_prefix_path.sh'
[1.386s] Level 1:colcon.colcon_core.environment:checking '/home/nicolas/ws_ros2/install/px4_msgs/lib'
[1.386s] Level 1:colcon.colcon_core.shell:create_environment_hook('px4_msgs', 'ld_library_path_lib')
[1.387s] INFO:colcon.colcon_core.shell:Creating environment hook '/home/nicolas/ws_ros2/install/px4_msgs/share/px4_msgs/hook/ld_library_path_lib.ps1'
[1.387s] INFO:colcon.colcon_core.shell:Creating environment descriptor '/home/nicolas/ws_ros2/install/px4_msgs/share/px4_msgs/hook/ld_library_path_lib.dsv'
[1.387s] INFO:colcon.colcon_core.shell:Creating environment hook '/home/nicolas/ws_ros2/install/px4_msgs/share/px4_msgs/hook/ld_library_path_lib.sh'
[1.387s] Level 1:colcon.colcon_core.environment:checking '/home/nicolas/ws_ros2/install/px4_msgs/bin'
[1.387s] Level 1:colcon.colcon_core.environment:checking '/home/nicolas/ws_ros2/install/px4_msgs/lib/pkgconfig/px4_msgs.pc'
[1.388s] Level 1:colcon.colcon_core.environment:checking '/home/nicolas/ws_ros2/install/px4_msgs/lib/python3.10/site-packages'
[1.388s] Level 1:colcon.colcon_core.environment:checking '/home/nicolas/ws_ros2/install/px4_msgs/bin'
[1.388s] INFO:colcon.colcon_core.shell:Creating package script '/home/nicolas/ws_ros2/install/px4_msgs/share/px4_msgs/package.ps1'
[1.389s] INFO:colcon.colcon_core.shell:Creating package descriptor '/home/nicolas/ws_ros2/install/px4_msgs/share/px4_msgs/package.dsv'
[1.389s] INFO:colcon.colcon_core.shell:Creating package script '/home/nicolas/ws_ros2/install/px4_msgs/share/px4_msgs/package.sh'
[1.389s] INFO:colcon.colcon_core.shell:Creating package script '/home/nicolas/ws_ros2/install/px4_msgs/share/px4_msgs/package.bash'
[1.389s] INFO:colcon.colcon_core.shell:Creating package script '/home/nicolas/ws_ros2/install/px4_msgs/share/px4_msgs/package.zsh'
[1.390s] Level 1:colcon.colcon_core.environment:create_file_with_runtime_dependencies(/home/nicolas/ws_ros2/install/px4_msgs/share/colcon-core/packages/px4_msgs)
[1.390s] Level 1:colcon.colcon_core.environment:create_environment_scripts_only(px4_msgs)
[1.390s] Level 1:colcon.colcon_core.environment:checking '/home/nicolas/ws_ros2/install/px4_msgs' for CMake module files
[1.391s] Level 1:colcon.colcon_core.environment:checking '/home/nicolas/ws_ros2/install/px4_msgs' for CMake config files
[1.393s] Level 1:colcon.colcon_core.shell:create_environment_hook('px4_msgs', 'cmake_prefix_path')
[1.394s] INFO:colcon.colcon_core.shell:Creating environment hook '/home/nicolas/ws_ros2/install/px4_msgs/share/px4_msgs/hook/cmake_prefix_path.ps1'
[1.394s] INFO:colcon.colcon_core.shell:Creating environment descriptor '/home/nicolas/ws_ros2/install/px4_msgs/share/px4_msgs/hook/cmake_prefix_path.dsv'
[1.394s] INFO:colcon.colcon_core.shell:Creating environment hook '/home/nicolas/ws_ros2/install/px4_msgs/share/px4_msgs/hook/cmake_prefix_path.sh'
[1.395s] Level 1:colcon.colcon_core.environment:checking '/home/nicolas/ws_ros2/install/px4_msgs/lib'
[1.395s] Level 1:colcon.colcon_core.shell:create_environment_hook('px4_msgs', 'ld_library_path_lib')
[1.395s] INFO:colcon.colcon_core.shell:Creating environment hook '/home/nicolas/ws_ros2/install/px4_msgs/share/px4_msgs/hook/ld_library_path_lib.ps1'
[1.395s] INFO:colcon.colcon_core.shell:Creating environment descriptor '/home/nicolas/ws_ros2/install/px4_msgs/share/px4_msgs/hook/ld_library_path_lib.dsv'
[1.395s] INFO:colcon.colcon_core.shell:Creating environment hook '/home/nicolas/ws_ros2/install/px4_msgs/share/px4_msgs/hook/ld_library_path_lib.sh'
[1.396s] Level 1:colcon.colcon_core.environment:checking '/home/nicolas/ws_ros2/install/px4_msgs/bin'
[1.396s] Level 1:colcon.colcon_core.environment:checking '/home/nicolas/ws_ros2/install/px4_msgs/lib/pkgconfig/px4_msgs.pc'
[1.396s] Level 1:colcon.colcon_core.environment:checking '/home/nicolas/ws_ros2/install/px4_msgs/lib/python3.10/site-packages'
[1.396s] Level 1:colcon.colcon_core.environment:checking '/home/nicolas/ws_ros2/install/px4_msgs/bin'
[1.396s] INFO:colcon.colcon_core.shell:Creating package script '/home/nicolas/ws_ros2/install/px4_msgs/share/px4_msgs/package.ps1'
[1.397s] INFO:colcon.colcon_core.shell:Creating package descriptor '/home/nicolas/ws_ros2/install/px4_msgs/share/px4_msgs/package.dsv'
[1.397s] INFO:colcon.colcon_core.shell:Creating package script '/home/nicolas/ws_ros2/install/px4_msgs/share/px4_msgs/package.sh'
[1.397s] INFO:colcon.colcon_core.shell:Creating package script '/home/nicolas/ws_ros2/install/px4_msgs/share/px4_msgs/package.bash'
[1.398s] INFO:colcon.colcon_core.shell:Creating package script '/home/nicolas/ws_ros2/install/px4_msgs/share/px4_msgs/package.zsh'
[1.398s] Level 1:colcon.colcon_core.environment:create_file_with_runtime_dependencies(/home/nicolas/ws_ros2/install/px4_msgs/share/colcon-core/packages/px4_msgs)
[1.398s] INFO:colcon.colcon_ros.task.ament_cmake.build:Building ROS package in '/home/nicolas/ws_ros2/src/px4_ros_com' with build type 'ament_cmake'
[1.398s] INFO:colcon.colcon_cmake.task.cmake.build:Building CMake package in '/home/nicolas/ws_ros2/src/px4_ros_com'
[1.398s] INFO:colcon.colcon_core.shell:Skip shell extension 'powershell' for command environment: Not usable outside of PowerShell
[1.398s] DEBUG:colcon.colcon_core.shell:Skip shell extension 'dsv' for command environment
[1.407s] DEBUG:colcon.colcon_core.event_handler.log_command:Invoking command in '/home/nicolas/ws_ros2/build/px4_ros_com': AMENT_PREFIX_PATH=/home/nicolas/ws_ros2/install/px4_msgs:${AMENT_PREFIX_PATH} CMAKE_PREFIX_PATH=/home/nicolas/ws_ros2/install/px4_msgs:/opt/ros/humble LD_LIBRARY_PATH=/home/nicolas/ws_ros2/install/px4_msgs/lib:${LD_LIBRARY_PATH} PYTHONPATH=/home/nicolas/ws_ros2/install/px4_msgs/local/lib/python3.10/dist-packages:${PYTHONPATH} /usr/bin/cmake --build /home/nicolas/ws_ros2/build/px4_ros_com -- -j16 -l16
[1.677s] DEBUG:colcon.colcon_core.event_handler.log_command:Invoked command in '/home/nicolas/ws_ros2/build/px4_ros_com' returned '0': AMENT_PREFIX_PATH=/home/nicolas/ws_ros2/install/px4_msgs:${AMENT_PREFIX_PATH} CMAKE_PREFIX_PATH=/home/nicolas/ws_ros2/install/px4_msgs:/opt/ros/humble LD_LIBRARY_PATH=/home/nicolas/ws_ros2/install/px4_msgs/lib:${LD_LIBRARY_PATH} PYTHONPATH=/home/nicolas/ws_ros2/install/px4_msgs/local/lib/python3.10/dist-packages:${PYTHONPATH} /usr/bin/cmake --build /home/nicolas/ws_ros2/build/px4_ros_com -- -j16 -l16
[1.682s] DEBUG:colcon.colcon_core.event_handler.log_command:Invoking command in '/home/nicolas/ws_ros2/build/px4_ros_com': AMENT_PREFIX_PATH=/home/nicolas/ws_ros2/install/px4_msgs:${AMENT_PREFIX_PATH} CMAKE_PREFIX_PATH=/home/nicolas/ws_ros2/install/px4_msgs:/opt/ros/humble LD_LIBRARY_PATH=/home/nicolas/ws_ros2/install/px4_msgs/lib:${LD_LIBRARY_PATH} PYTHONPATH=/home/nicolas/ws_ros2/install/px4_msgs/local/lib/python3.10/dist-packages:${PYTHONPATH} /usr/bin/cmake --install /home/nicolas/ws_ros2/build/px4_ros_com
[1.777s] Level 1:colcon.colcon_core.environment:create_environment_scripts_only(px4_ros_com)
[1.777s] Level 1:colcon.colcon_core.environment:checking '/home/nicolas/ws_ros2/install/px4_ros_com' for CMake module files
[1.777s] DEBUG:colcon.colcon_core.event_handler.log_command:Invoked command in '/home/nicolas/ws_ros2/build/px4_ros_com' returned '0': AMENT_PREFIX_PATH=/home/nicolas/ws_ros2/install/px4_msgs:${AMENT_PREFIX_PATH} CMAKE_PREFIX_PATH=/home/nicolas/ws_ros2/install/px4_msgs:/opt/ros/humble LD_LIBRARY_PATH=/home/nicolas/ws_ros2/install/px4_msgs/lib:${LD_LIBRARY_PATH} PYTHONPATH=/home/nicolas/ws_ros2/install/px4_msgs/local/lib/python3.10/dist-packages:${PYTHONPATH} /usr/bin/cmake --install /home/nicolas/ws_ros2/build/px4_ros_com
[1.780s] Level 1:colcon.colcon_core.environment:checking '/home/nicolas/ws_ros2/install/px4_ros_com' for CMake config files
[1.805s] Level 1:colcon.colcon_core.shell:create_environment_hook('px4_ros_com', 'cmake_prefix_path')
[1.806s] INFO:colcon.colcon_core.shell:Creating environment hook '/home/nicolas/ws_ros2/install/px4_ros_com/share/px4_ros_com/hook/cmake_prefix_path.ps1'
[1.806s] INFO:colcon.colcon_core.shell:Creating environment descriptor '/home/nicolas/ws_ros2/install/px4_ros_com/share/px4_ros_com/hook/cmake_prefix_path.dsv'
[1.806s] INFO:colcon.colcon_core.shell:Creating environment hook '/home/nicolas/ws_ros2/install/px4_ros_com/share/px4_ros_com/hook/cmake_prefix_path.sh'
[1.807s] Level 1:colcon.colcon_core.environment:checking '/home/nicolas/ws_ros2/install/px4_ros_com/lib'
[1.807s] Level 1:colcon.colcon_core.shell:create_environment_hook('px4_ros_com', 'ld_library_path_lib')
[1.807s] INFO:colcon.colcon_core.shell:Creating environment hook '/home/nicolas/ws_ros2/install/px4_ros_com/share/px4_ros_com/hook/ld_library_path_lib.ps1'
[1.807s] INFO:colcon.colcon_core.shell:Creating environment descriptor '/home/nicolas/ws_ros2/install/px4_ros_com/share/px4_ros_com/hook/ld_library_path_lib.dsv'
[1.808s] INFO:colcon.colcon_core.shell:Creating environment hook '/home/nicolas/ws_ros2/install/px4_ros_com/share/px4_ros_com/hook/ld_library_path_lib.sh'
[1.808s] Level 1:colcon.colcon_core.environment:checking '/home/nicolas/ws_ros2/install/px4_ros_com/bin'
[1.808s] Level 1:colcon.colcon_core.environment:checking '/home/nicolas/ws_ros2/install/px4_ros_com/lib/pkgconfig/px4_ros_com.pc'
[1.808s] Level 1:colcon.colcon_core.environment:checking '/home/nicolas/ws_ros2/install/px4_ros_com/lib/python3.10/site-packages'
[1.808s] Level 1:colcon.colcon_core.environment:checking '/home/nicolas/ws_ros2/install/px4_ros_com/bin'
[1.809s] INFO:colcon.colcon_core.shell:Creating package script '/home/nicolas/ws_ros2/install/px4_ros_com/share/px4_ros_com/package.ps1'
[1.809s] INFO:colcon.colcon_core.shell:Creating package descriptor '/home/nicolas/ws_ros2/install/px4_ros_com/share/px4_ros_com/package.dsv'
[1.809s] INFO:colcon.colcon_core.shell:Creating package script '/home/nicolas/ws_ros2/install/px4_ros_com/share/px4_ros_com/package.sh'
[1.809s] INFO:colcon.colcon_core.shell:Creating package script '/home/nicolas/ws_ros2/install/px4_ros_com/share/px4_ros_com/package.bash'
[1.810s] INFO:colcon.colcon_core.shell:Creating package script '/home/nicolas/ws_ros2/install/px4_ros_com/share/px4_ros_com/package.zsh'
[1.810s] Level 1:colcon.colcon_core.environment:create_file_with_runtime_dependencies(/home/nicolas/ws_ros2/install/px4_ros_com/share/colcon-core/packages/px4_ros_com)
[1.810s] Level 1:colcon.colcon_core.environment:create_environment_scripts_only(px4_ros_com)
[1.811s] Level 1:colcon.colcon_core.environment:checking '/home/nicolas/ws_ros2/install/px4_ros_com' for CMake module files
[1.811s] Level 1:colcon.colcon_core.environment:checking '/home/nicolas/ws_ros2/install/px4_ros_com' for CMake config files
[1.811s] Level 1:colcon.colcon_core.shell:create_environment_hook('px4_ros_com', 'cmake_prefix_path')
[1.811s] INFO:colcon.colcon_core.shell:Creating environment hook '/home/nicolas/ws_ros2/install/px4_ros_com/share/px4_ros_com/hook/cmake_prefix_path.ps1'
[1.812s] INFO:colcon.colcon_core.shell:Creating environment descriptor '/home/nicolas/ws_ros2/install/px4_ros_com/share/px4_ros_com/hook/cmake_prefix_path.dsv'
[1.812s] INFO:colcon.colcon_core.shell:Creating environment hook '/home/nicolas/ws_ros2/install/px4_ros_com/share/px4_ros_com/hook/cmake_prefix_path.sh'
[1.812s] Level 1:colcon.colcon_core.environment:checking '/home/nicolas/ws_ros2/install/px4_ros_com/lib'
[1.812s] Level 1:colcon.colcon_core.shell:create_environment_hook('px4_ros_com', 'ld_library_path_lib')
[1.812s] INFO:colcon.colcon_core.shell:Creating environment hook '/home/nicolas/ws_ros2/install/px4_ros_com/share/px4_ros_com/hook/ld_library_path_lib.ps1'
[1.813s] INFO:colcon.colcon_core.shell:Creating environment descriptor '/home/nicolas/ws_ros2/install/px4_ros_com/share/px4_ros_com/hook/ld_library_path_lib.dsv'
[1.813s] INFO:colcon.colcon_core.shell:Creating environment hook '/home/nicolas/ws_ros2/install/px4_ros_com/share/px4_ros_com/hook/ld_library_path_lib.sh'
[1.813s] Level 1:colcon.colcon_core.environment:checking '/home/nicolas/ws_ros2/install/px4_ros_com/bin'
[1.813s] Level 1:colcon.colcon_core.environment:checking '/home/nicolas/ws_ros2/install/px4_ros_com/lib/pkgconfig/px4_ros_com.pc'
[1.814s] Level 1:colcon.colcon_core.environment:checking '/home/nicolas/ws_ros2/install/px4_ros_com/lib/python3.10/site-packages'
[1.814s] Level 1:colcon.colcon_core.environment:checking '/home/nicolas/ws_ros2/install/px4_ros_com/bin'
[1.814s] INFO:colcon.colcon_core.shell:Creating package script '/home/nicolas/ws_ros2/install/px4_ros_com/share/px4_ros_com/package.ps1'
[1.815s] INFO:colcon.colcon_core.shell:Creating package descriptor '/home/nicolas/ws_ros2/install/px4_ros_com/share/px4_ros_com/package.dsv'
[1.815s] INFO:colcon.colcon_core.shell:Creating package script '/home/nicolas/ws_ros2/install/px4_ros_com/share/px4_ros_com/package.sh'
[1.815s] INFO:colcon.colcon_core.shell:Creating package script '/home/nicolas/ws_ros2/install/px4_ros_com/share/px4_ros_com/package.bash'
[1.815s] INFO:colcon.colcon_core.shell:Creating package script '/home/nicolas/ws_ros2/install/px4_ros_com/share/px4_ros_com/package.zsh'
[1.816s] Level 1:colcon.colcon_core.environment:create_file_with_runtime_dependencies(/home/nicolas/ws_ros2/install/px4_ros_com/share/colcon-core/packages/px4_ros_com)
[1.816s] DEBUG:colcon.colcon_parallel_executor.executor.parallel:closing loop
[1.816s] DEBUG:colcon.colcon_parallel_executor.executor.parallel:loop closed
[1.816s] DEBUG:colcon.colcon_parallel_executor.executor.parallel:run_until_complete finished with '0'
[1.816s] DEBUG:colcon.colcon_core.event_reactor:joining thread
[1.820s] INFO:colcon.colcon_core.plugin_system:Skipping extension 'colcon_notification.desktop_notification.terminal_notifier': Not used on non-Darwin systems
[1.820s] INFO:colcon.colcon_core.plugin_system:Skipping extension 'colcon_notification.desktop_notification.win32': Not used on non-Windows systems
[1.820s] INFO:colcon.colcon_notification.desktop_notification:Sending desktop notification using 'notify2'
[1.830s] DEBUG:colcon.colcon_core.event_reactor:joined thread
[1.830s] INFO:colcon.colcon_core.shell:Creating prefix script '/home/nicolas/ws_ros2/install/local_setup.ps1'
[1.831s] INFO:colcon.colcon_core.shell:Creating prefix util module '/home/nicolas/ws_ros2/install/_local_setup_util_ps1.py'
[1.833s] INFO:colcon.colcon_core.shell:Creating prefix chain script '/home/nicolas/ws_ros2/install/setup.ps1'
[1.834s] INFO:colcon.colcon_core.shell:Creating prefix script '/home/nicolas/ws_ros2/install/local_setup.sh'
[1.834s] INFO:colcon.colcon_core.shell:Creating prefix util module '/home/nicolas/ws_ros2/install/_local_setup_util_sh.py'
[1.835s] INFO:colcon.colcon_core.shell:Creating prefix chain script '/home/nicolas/ws_ros2/install/setup.sh'
[1.835s] INFO:colcon.colcon_core.shell:Creating prefix script '/home/nicolas/ws_ros2/install/local_setup.bash'
[1.836s] INFO:colcon.colcon_core.shell:Creating prefix chain script '/home/nicolas/ws_ros2/install/setup.bash'
[1.836s] INFO:colcon.colcon_core.shell:Creating prefix script '/home/nicolas/ws_ros2/install/local_setup.zsh'
[1.837s] INFO:colcon.colcon_core.shell:Creating prefix chain script '/home/nicolas/ws_ros2/install/setup.zsh'
