[0.180s] DEBUG:colcon:Command line arguments: ['/usr/bin/colcon', 'build']
[0.181s] DEBUG:colcon:Parsed command line arguments: Namespace(log_base=None, log_level=None, verb_name='build', build_base='build', install_base='install', merge_install=False, symlink_install=False, test_result_base=None, continue_on_error=False, executor='parallel', parallel_workers=16, event_handlers=None, ignore_user_meta=False, metas=['./colcon.meta'], base_paths=['.'], packages_ignore=None, packages_ignore_regex=None, paths=None, packages_up_to=None, packages_up_to_regex=None, packages_above=None, packages_above_and_dependencies=None, packages_above_depth=None, packages_select_by_dep=None, packages_skip_by_dep=None, packages_skip_up_to=None, packages_select_build_failed=False, packages_skip_build_finished=False, packages_select_test_failures=False, packages_skip_test_passed=False, packages_select=None, packages_skip=None, packages_select_regex=None, packages_skip_regex=None, packages_start=None, packages_end=None, allow_overriding=[], cmake_args=None, cmake_target=None, cmake_target_skip_unavailable=False, cmake_clean_cache=False, cmake_clean_first=False, cmake_force_configure=False, ament_cmake_args=None, catkin_cmake_args=None, catkin_skip_building_tests=False, mixin_files=None, mixin=None, verb_parser=<colcon_mixin.mixin.mixin_argument.MixinArgumentDecorator object at 0x7e548126b2b0>, verb_extension=<colcon_core.verb.build.BuildVerb object at 0x7e548126ac20>, main=<bound method BuildVerb.main of <colcon_core.verb.build.BuildVerb object at 0x7e548126ac20>>, mixin_verb=('build',))
[0.434s] Level 1:colcon.colcon_core.package_discovery:discover_packages(colcon_meta) check parameters
[0.434s] Level 1:colcon.colcon_core.package_discovery:discover_packages(recursive) check parameters
[0.434s] Level 1:colcon.colcon_core.package_discovery:discover_packages(ignore) check parameters
[0.434s] Level 1:colcon.colcon_core.package_discovery:discover_packages(path) check parameters
[0.434s] Level 1:colcon.colcon_core.package_discovery:discover_packages(colcon_meta) discover
[0.435s] Level 1:colcon.colcon_core.package_discovery:discover_packages(recursive) discover
[0.435s] INFO:colcon.colcon_core.package_discovery:Crawling recursively for packages in '/home/nicolas/ws_ros2'
[0.435s] Level 1:colcon.colcon_core.package_identification:_identify(.) by extensions ['ignore', 'ignore_ament_install']
[0.435s] Level 1:colcon.colcon_core.package_identification:_identify(.) by extension 'ignore'
[0.435s] Level 1:colcon.colcon_core.package_identification:_identify(.) by extension 'ignore_ament_install'
[0.435s] Level 1:colcon.colcon_core.package_identification:_identify(.) by extensions ['colcon_pkg']
[0.435s] Level 1:colcon.colcon_core.package_identification:_identify(.) by extension 'colcon_pkg'
[0.435s] Level 1:colcon.colcon_core.package_identification:_identify(.) by extensions ['colcon_meta']
[0.435s] Level 1:colcon.colcon_core.package_identification:_identify(.) by extension 'colcon_meta'
[0.435s] Level 1:colcon.colcon_core.package_identification:_identify(.) by extensions ['ros']
[0.435s] Level 1:colcon.colcon_core.package_identification:_identify(.) by extension 'ros'
[0.454s] Level 1:colcon.colcon_core.package_identification:_identify(.) by extensions ['cmake', 'python']
[0.454s] Level 1:colcon.colcon_core.package_identification:_identify(.) by extension 'cmake'
[0.455s] Level 1:colcon.colcon_core.package_identification:_identify(.) by extension 'python'
[0.455s] Level 1:colcon.colcon_core.package_identification:_identify(.) by extensions ['python_setup_py']
[0.455s] Level 1:colcon.colcon_core.package_identification:_identify(.) by extension 'python_setup_py'
[0.455s] Level 1:colcon.colcon_core.package_identification:_identify(build) by extensions ['ignore', 'ignore_ament_install']
[0.456s] Level 1:colcon.colcon_core.package_identification:_identify(build) by extension 'ignore'
[0.456s] Level 1:colcon.colcon_core.package_identification:_identify(build) ignored
[0.456s] Level 1:colcon.colcon_core.package_identification:_identify(install) by extensions ['ignore', 'ignore_ament_install']
[0.456s] Level 1:colcon.colcon_core.package_identification:_identify(install) by extension 'ignore'
[0.456s] Level 1:colcon.colcon_core.package_identification:_identify(install) ignored
[0.456s] Level 1:colcon.colcon_core.package_identification:_identify(log) by extensions ['ignore', 'ignore_ament_install']
[0.457s] Level 1:colcon.colcon_core.package_identification:_identify(log) by extension 'ignore'
[0.457s] Level 1:colcon.colcon_core.package_identification:_identify(log) ignored
[0.457s] Level 1:colcon.colcon_core.package_identification:_identify(src) by extensions ['ignore', 'ignore_ament_install']
[0.457s] Level 1:colcon.colcon_core.package_identification:_identify(src) by extension 'ignore'
[0.457s] Level 1:colcon.colcon_core.package_identification:_identify(src) by extension 'ignore_ament_install'
[0.457s] Level 1:colcon.colcon_core.package_identification:_identify(src) by extensions ['colcon_pkg']
[0.457s] Level 1:colcon.colcon_core.package_identification:_identify(src) by extension 'colcon_pkg'
[0.457s] Level 1:colcon.colcon_core.package_identification:_identify(src) by extensions ['colcon_meta']
[0.457s] Level 1:colcon.colcon_core.package_identification:_identify(src) by extension 'colcon_meta'
[0.457s] Level 1:colcon.colcon_core.package_identification:_identify(src) by extensions ['ros']
[0.457s] Level 1:colcon.colcon_core.package_identification:_identify(src) by extension 'ros'
[0.457s] Level 1:colcon.colcon_core.package_identification:_identify(src) by extensions ['cmake', 'python']
[0.457s] Level 1:colcon.colcon_core.package_identification:_identify(src) by extension 'cmake'
[0.457s] Level 1:colcon.colcon_core.package_identification:_identify(src) by extension 'python'
[0.457s] Level 1:colcon.colcon_core.package_identification:_identify(src) by extensions ['python_setup_py']
[0.457s] Level 1:colcon.colcon_core.package_identification:_identify(src) by extension 'python_setup_py'
[0.458s] Level 1:colcon.colcon_core.package_identification:_identify(src/my_tf2_package) by extensions ['ignore', 'ignore_ament_install']
[0.458s] Level 1:colcon.colcon_core.package_identification:_identify(src/my_tf2_package) by extension 'ignore'
[0.458s] Level 1:colcon.colcon_core.package_identification:_identify(src/my_tf2_package) by extension 'ignore_ament_install'
[0.458s] Level 1:colcon.colcon_core.package_identification:_identify(src/my_tf2_package) by extensions ['colcon_pkg']
[0.458s] Level 1:colcon.colcon_core.package_identification:_identify(src/my_tf2_package) by extension 'colcon_pkg'
[0.458s] Level 1:colcon.colcon_core.package_identification:_identify(src/my_tf2_package) by extensions ['colcon_meta']
[0.458s] Level 1:colcon.colcon_core.package_identification:_identify(src/my_tf2_package) by extension 'colcon_meta'
[0.458s] Level 1:colcon.colcon_core.package_identification:_identify(src/my_tf2_package) by extensions ['ros']
[0.458s] Level 1:colcon.colcon_core.package_identification:_identify(src/my_tf2_package) by extension 'ros'
[0.461s] DEBUG:colcon.colcon_core.package_identification:Package 'src/my_tf2_package' with type 'ros.ament_python' and name 'my_tf2_package'
[0.462s] Level 1:colcon.colcon_core.package_identification:_identify(src/px4_msgs) by extensions ['ignore', 'ignore_ament_install']
[0.462s] Level 1:colcon.colcon_core.package_identification:_identify(src/px4_msgs) by extension 'ignore'
[0.462s] Level 1:colcon.colcon_core.package_identification:_identify(src/px4_msgs) by extension 'ignore_ament_install'
[0.462s] Level 1:colcon.colcon_core.package_identification:_identify(src/px4_msgs) by extensions ['colcon_pkg']
[0.462s] Level 1:colcon.colcon_core.package_identification:_identify(src/px4_msgs) by extension 'colcon_pkg'
[0.462s] Level 1:colcon.colcon_core.package_identification:_identify(src/px4_msgs) by extensions ['colcon_meta']
[0.462s] Level 1:colcon.colcon_core.package_identification:_identify(src/px4_msgs) by extension 'colcon_meta'
[0.462s] Level 1:colcon.colcon_core.package_identification:_identify(src/px4_msgs) by extensions ['ros']
[0.462s] Level 1:colcon.colcon_core.package_identification:_identify(src/px4_msgs) by extension 'ros'
[0.463s] DEBUG:colcon.colcon_core.package_identification:Package 'src/px4_msgs' with type 'ros.ament_cmake' and name 'px4_msgs'
[0.464s] Level 1:colcon.colcon_core.package_identification:_identify(src/px4_ros_com) by extensions ['ignore', 'ignore_ament_install']
[0.464s] Level 1:colcon.colcon_core.package_identification:_identify(src/px4_ros_com) by extension 'ignore'
[0.464s] Level 1:colcon.colcon_core.package_identification:_identify(src/px4_ros_com) by extension 'ignore_ament_install'
[0.464s] Level 1:colcon.colcon_core.package_identification:_identify(src/px4_ros_com) by extensions ['colcon_pkg']
[0.464s] Level 1:colcon.colcon_core.package_identification:_identify(src/px4_ros_com) by extension 'colcon_pkg'
[0.464s] Level 1:colcon.colcon_core.package_identification:_identify(src/px4_ros_com) by extensions ['colcon_meta']
[0.464s] Level 1:colcon.colcon_core.package_identification:_identify(src/px4_ros_com) by extension 'colcon_meta'
[0.464s] Level 1:colcon.colcon_core.package_identification:_identify(src/px4_ros_com) by extensions ['ros']
[0.464s] Level 1:colcon.colcon_core.package_identification:_identify(src/px4_ros_com) by extension 'ros'
[0.466s] DEBUG:colcon.colcon_core.package_identification:Package 'src/px4_ros_com' with type 'ros.ament_cmake' and name 'px4_ros_com'
[0.466s] Level 1:colcon.colcon_core.package_identification:_identify(src/rtabmap_slam_pkg) by extensions ['ignore', 'ignore_ament_install']
[0.466s] Level 1:colcon.colcon_core.package_identification:_identify(src/rtabmap_slam_pkg) by extension 'ignore'
[0.466s] Level 1:colcon.colcon_core.package_identification:_identify(src/rtabmap_slam_pkg) by extension 'ignore_ament_install'
[0.466s] Level 1:colcon.colcon_core.package_identification:_identify(src/rtabmap_slam_pkg) by extensions ['colcon_pkg']
[0.466s] Level 1:colcon.colcon_core.package_identification:_identify(src/rtabmap_slam_pkg) by extension 'colcon_pkg'
[0.466s] Level 1:colcon.colcon_core.package_identification:_identify(src/rtabmap_slam_pkg) by extensions ['colcon_meta']
[0.466s] Level 1:colcon.colcon_core.package_identification:_identify(src/rtabmap_slam_pkg) by extension 'colcon_meta'
[0.466s] Level 1:colcon.colcon_core.package_identification:_identify(src/rtabmap_slam_pkg) by extensions ['ros']
[0.466s] Level 1:colcon.colcon_core.package_identification:_identify(src/rtabmap_slam_pkg) by extension 'ros'
[0.468s] DEBUG:colcon.colcon_core.package_identification:Package 'src/rtabmap_slam_pkg' with type 'ros.ament_cmake' and name 'rtabmap_slam_pkg'
[0.468s] Level 1:colcon.colcon_core.package_identification:_identify(src/torque_calculator) by extensions ['ignore', 'ignore_ament_install']
[0.468s] Level 1:colcon.colcon_core.package_identification:_identify(src/torque_calculator) by extension 'ignore'
[0.469s] Level 1:colcon.colcon_core.package_identification:_identify(src/torque_calculator) by extension 'ignore_ament_install'
[0.469s] Level 1:colcon.colcon_core.package_identification:_identify(src/torque_calculator) by extensions ['colcon_pkg']
[0.469s] Level 1:colcon.colcon_core.package_identification:_identify(src/torque_calculator) by extension 'colcon_pkg'
[0.469s] Level 1:colcon.colcon_core.package_identification:_identify(src/torque_calculator) by extensions ['colcon_meta']
[0.469s] Level 1:colcon.colcon_core.package_identification:_identify(src/torque_calculator) by extension 'colcon_meta'
[0.469s] Level 1:colcon.colcon_core.package_identification:_identify(src/torque_calculator) by extensions ['ros']
[0.469s] Level 1:colcon.colcon_core.package_identification:_identify(src/torque_calculator) by extension 'ros'
[0.470s] DEBUG:colcon.colcon_core.package_identification:Package 'src/torque_calculator' with type 'ros.ament_python' and name 'torque_calculator'
[0.470s] Level 1:colcon.colcon_core.package_discovery:discover_packages(recursive) using defaults
[0.471s] Level 1:colcon.colcon_core.package_discovery:discover_packages(ignore) discover
[0.471s] Level 1:colcon.colcon_core.package_discovery:discover_packages(ignore) using defaults
[0.471s] Level 1:colcon.colcon_core.package_discovery:discover_packages(path) discover
[0.471s] Level 1:colcon.colcon_core.package_discovery:discover_packages(path) using defaults
[0.526s] Level 1:colcon.colcon_core.package_discovery:discover_packages(prefix_path) check parameters
[0.526s] Level 1:colcon.colcon_core.package_discovery:discover_packages(prefix_path) discover
[0.528s] DEBUG:colcon.colcon_installed_package_information.package_discovery:Found 5 installed packages in /home/nicolas/ws_ros2/install
[0.529s] DEBUG:colcon.colcon_installed_package_information.package_discovery:Found 362 installed packages in /opt/ros/humble
[0.531s] Level 1:colcon.colcon_core.package_discovery:discover_packages(prefix_path) using defaults
[0.630s] Level 5:colcon.colcon_core.verb:set package 'my_tf2_package' build argument 'cmake_args' from command line to 'None'
[0.631s] Level 5:colcon.colcon_core.verb:set package 'my_tf2_package' build argument 'cmake_target' from command line to 'None'
[0.631s] Level 5:colcon.colcon_core.verb:set package 'my_tf2_package' build argument 'cmake_target_skip_unavailable' from command line to 'False'
[0.631s] Level 5:colcon.colcon_core.verb:set package 'my_tf2_package' build argument 'cmake_clean_cache' from command line to 'False'
[0.631s] Level 5:colcon.colcon_core.verb:set package 'my_tf2_package' build argument 'cmake_clean_first' from command line to 'False'
[0.631s] Level 5:colcon.colcon_core.verb:set package 'my_tf2_package' build argument 'cmake_force_configure' from command line to 'False'
[0.631s] Level 5:colcon.colcon_core.verb:set package 'my_tf2_package' build argument 'ament_cmake_args' from command line to 'None'
[0.631s] Level 5:colcon.colcon_core.verb:set package 'my_tf2_package' build argument 'catkin_cmake_args' from command line to 'None'
[0.631s] Level 5:colcon.colcon_core.verb:set package 'my_tf2_package' build argument 'catkin_skip_building_tests' from command line to 'False'
[0.631s] DEBUG:colcon.colcon_core.verb:Building package 'my_tf2_package' with the following arguments: {'ament_cmake_args': None, 'build_base': '/home/nicolas/ws_ros2/build/my_tf2_package', 'catkin_cmake_args': None, 'catkin_skip_building_tests': False, 'cmake_args': None, 'cmake_clean_cache': False, 'cmake_clean_first': False, 'cmake_force_configure': False, 'cmake_target': None, 'cmake_target_skip_unavailable': False, 'install_base': '/home/nicolas/ws_ros2/install/my_tf2_package', 'merge_install': False, 'path': '/home/nicolas/ws_ros2/src/my_tf2_package', 'symlink_install': False, 'test_result_base': None}
[0.631s] Level 5:colcon.colcon_core.verb:set package 'px4_msgs' build argument 'cmake_args' from command line to 'None'
[0.631s] Level 5:colcon.colcon_core.verb:set package 'px4_msgs' build argument 'cmake_target' from command line to 'None'
[0.631s] Level 5:colcon.colcon_core.verb:set package 'px4_msgs' build argument 'cmake_target_skip_unavailable' from command line to 'False'
[0.631s] Level 5:colcon.colcon_core.verb:set package 'px4_msgs' build argument 'cmake_clean_cache' from command line to 'False'
[0.631s] Level 5:colcon.colcon_core.verb:set package 'px4_msgs' build argument 'cmake_clean_first' from command line to 'False'
[0.632s] Level 5:colcon.colcon_core.verb:set package 'px4_msgs' build argument 'cmake_force_configure' from command line to 'False'
[0.632s] Level 5:colcon.colcon_core.verb:set package 'px4_msgs' build argument 'ament_cmake_args' from command line to 'None'
[0.632s] Level 5:colcon.colcon_core.verb:set package 'px4_msgs' build argument 'catkin_cmake_args' from command line to 'None'
[0.632s] Level 5:colcon.colcon_core.verb:set package 'px4_msgs' build argument 'catkin_skip_building_tests' from command line to 'False'
[0.632s] DEBUG:colcon.colcon_core.verb:Building package 'px4_msgs' with the following arguments: {'ament_cmake_args': None, 'build_base': '/home/nicolas/ws_ros2/build/px4_msgs', 'catkin_cmake_args': None, 'catkin_skip_building_tests': False, 'cmake_args': None, 'cmake_clean_cache': False, 'cmake_clean_first': False, 'cmake_force_configure': False, 'cmake_target': None, 'cmake_target_skip_unavailable': False, 'install_base': '/home/nicolas/ws_ros2/install/px4_msgs', 'merge_install': False, 'path': '/home/nicolas/ws_ros2/src/px4_msgs', 'symlink_install': False, 'test_result_base': None}
[0.632s] Level 5:colcon.colcon_core.verb:set package 'rtabmap_slam_pkg' build argument 'cmake_args' from command line to 'None'
[0.632s] Level 5:colcon.colcon_core.verb:set package 'rtabmap_slam_pkg' build argument 'cmake_target' from command line to 'None'
[0.632s] Level 5:colcon.colcon_core.verb:set package 'rtabmap_slam_pkg' build argument 'cmake_target_skip_unavailable' from command line to 'False'
[0.632s] Level 5:colcon.colcon_core.verb:set package 'rtabmap_slam_pkg' build argument 'cmake_clean_cache' from command line to 'False'
[0.632s] Level 5:colcon.colcon_core.verb:set package 'rtabmap_slam_pkg' build argument 'cmake_clean_first' from command line to 'False'
[0.632s] Level 5:colcon.colcon_core.verb:set package 'rtabmap_slam_pkg' build argument 'cmake_force_configure' from command line to 'False'
[0.632s] Level 5:colcon.colcon_core.verb:set package 'rtabmap_slam_pkg' build argument 'ament_cmake_args' from command line to 'None'
[0.632s] Level 5:colcon.colcon_core.verb:set package 'rtabmap_slam_pkg' build argument 'catkin_cmake_args' from command line to 'None'
[0.632s] Level 5:colcon.colcon_core.verb:set package 'rtabmap_slam_pkg' build argument 'catkin_skip_building_tests' from command line to 'False'
[0.632s] DEBUG:colcon.colcon_core.verb:Building package 'rtabmap_slam_pkg' with the following arguments: {'ament_cmake_args': None, 'build_base': '/home/nicolas/ws_ros2/build/rtabmap_slam_pkg', 'catkin_cmake_args': None, 'catkin_skip_building_tests': False, 'cmake_args': None, 'cmake_clean_cache': False, 'cmake_clean_first': False, 'cmake_force_configure': False, 'cmake_target': None, 'cmake_target_skip_unavailable': False, 'install_base': '/home/nicolas/ws_ros2/install/rtabmap_slam_pkg', 'merge_install': False, 'path': '/home/nicolas/ws_ros2/src/rtabmap_slam_pkg', 'symlink_install': False, 'test_result_base': None}
[0.633s] Level 5:colcon.colcon_core.verb:set package 'torque_calculator' build argument 'cmake_args' from command line to 'None'
[0.633s] Level 5:colcon.colcon_core.verb:set package 'torque_calculator' build argument 'cmake_target' from command line to 'None'
[0.633s] Level 5:colcon.colcon_core.verb:set package 'torque_calculator' build argument 'cmake_target_skip_unavailable' from command line to 'False'
[0.633s] Level 5:colcon.colcon_core.verb:set package 'torque_calculator' build argument 'cmake_clean_cache' from command line to 'False'
[0.633s] Level 5:colcon.colcon_core.verb:set package 'torque_calculator' build argument 'cmake_clean_first' from command line to 'False'
[0.633s] Level 5:colcon.colcon_core.verb:set package 'torque_calculator' build argument 'cmake_force_configure' from command line to 'False'
[0.633s] Level 5:colcon.colcon_core.verb:set package 'torque_calculator' build argument 'ament_cmake_args' from command line to 'None'
[0.633s] Level 5:colcon.colcon_core.verb:set package 'torque_calculator' build argument 'catkin_cmake_args' from command line to 'None'
[0.633s] Level 5:colcon.colcon_core.verb:set package 'torque_calculator' build argument 'catkin_skip_building_tests' from command line to 'False'
[0.633s] DEBUG:colcon.colcon_core.verb:Building package 'torque_calculator' with the following arguments: {'ament_cmake_args': None, 'build_base': '/home/nicolas/ws_ros2/build/torque_calculator', 'catkin_cmake_args': None, 'catkin_skip_building_tests': False, 'cmake_args': None, 'cmake_clean_cache': False, 'cmake_clean_first': False, 'cmake_force_configure': False, 'cmake_target': None, 'cmake_target_skip_unavailable': False, 'install_base': '/home/nicolas/ws_ros2/install/torque_calculator', 'merge_install': False, 'path': '/home/nicolas/ws_ros2/src/torque_calculator', 'symlink_install': False, 'test_result_base': None}
[0.634s] Level 5:colcon.colcon_core.verb:set package 'px4_ros_com' build argument 'cmake_args' from command line to 'None'
[0.634s] Level 5:colcon.colcon_core.verb:set package 'px4_ros_com' build argument 'cmake_target' from command line to 'None'
[0.634s] Level 5:colcon.colcon_core.verb:set package 'px4_ros_com' build argument 'cmake_target_skip_unavailable' from command line to 'False'
[0.634s] Level 5:colcon.colcon_core.verb:set package 'px4_ros_com' build argument 'cmake_clean_cache' from command line to 'False'
[0.634s] Level 5:colcon.colcon_core.verb:set package 'px4_ros_com' build argument 'cmake_clean_first' from command line to 'False'
[0.634s] Level 5:colcon.colcon_core.verb:set package 'px4_ros_com' build argument 'cmake_force_configure' from command line to 'False'
[0.634s] Level 5:colcon.colcon_core.verb:set package 'px4_ros_com' build argument 'ament_cmake_args' from command line to 'None'
[0.634s] Level 5:colcon.colcon_core.verb:set package 'px4_ros_com' build argument 'catkin_cmake_args' from command line to 'None'
[0.634s] Level 5:colcon.colcon_core.verb:set package 'px4_ros_com' build argument 'catkin_skip_building_tests' from command line to 'False'
[0.634s] DEBUG:colcon.colcon_core.verb:Building package 'px4_ros_com' with the following arguments: {'ament_cmake_args': None, 'build_base': '/home/nicolas/ws_ros2/build/px4_ros_com', 'catkin_cmake_args': None, 'catkin_skip_building_tests': False, 'cmake_args': None, 'cmake_clean_cache': False, 'cmake_clean_first': False, 'cmake_force_configure': False, 'cmake_target': None, 'cmake_target_skip_unavailable': False, 'install_base': '/home/nicolas/ws_ros2/install/px4_ros_com', 'merge_install': False, 'path': '/home/nicolas/ws_ros2/src/px4_ros_com', 'symlink_install': False, 'test_result_base': None}
[0.634s] INFO:colcon.colcon_core.executor:Executing jobs using 'parallel' executor
[0.636s] DEBUG:colcon.colcon_parallel_executor.executor.parallel:run_until_complete
[0.637s] INFO:colcon.colcon_ros.task.ament_cmake.build:Building ROS package in '/home/nicolas/ws_ros2/src/px4_msgs' with build type 'ament_cmake'
[0.637s] INFO:colcon.colcon_cmake.task.cmake.build:Building CMake package in '/home/nicolas/ws_ros2/src/px4_msgs'
[0.640s] INFO:colcon.colcon_core.plugin_system:Skipping extension 'colcon_core.shell.bat': Not used on non-Windows systems
[0.641s] INFO:colcon.colcon_core.shell:Skip shell extension 'powershell' for command environment: Not usable outside of PowerShell
[0.641s] DEBUG:colcon.colcon_core.shell:Skip shell extension 'dsv' for command environment
[0.645s] INFO:colcon.colcon_ros.task.ament_python.build:Building ROS package in '/home/nicolas/ws_ros2/src/my_tf2_package' with build type 'ament_python'
[0.646s] Level 1:colcon.colcon_core.shell:create_environment_hook('my_tf2_package', 'ament_prefix_path')
[0.646s] INFO:colcon.colcon_core.shell:Creating environment hook '/home/nicolas/ws_ros2/install/my_tf2_package/share/my_tf2_package/hook/ament_prefix_path.ps1'
[0.647s] INFO:colcon.colcon_core.shell:Creating environment descriptor '/home/nicolas/ws_ros2/install/my_tf2_package/share/my_tf2_package/hook/ament_prefix_path.dsv'
[0.648s] INFO:colcon.colcon_core.shell:Creating environment hook '/home/nicolas/ws_ros2/install/my_tf2_package/share/my_tf2_package/hook/ament_prefix_path.sh'
[0.649s] INFO:colcon.colcon_core.shell:Skip shell extension 'powershell' for command environment: Not usable outside of PowerShell
[0.649s] DEBUG:colcon.colcon_core.shell:Skip shell extension 'dsv' for command environment
[0.653s] INFO:colcon.colcon_ros.task.ament_cmake.build:Building ROS package in '/home/nicolas/ws_ros2/src/rtabmap_slam_pkg' with build type 'ament_cmake'
[0.653s] INFO:colcon.colcon_cmake.task.cmake.build:Building CMake package in '/home/nicolas/ws_ros2/src/rtabmap_slam_pkg'
[0.653s] INFO:colcon.colcon_core.shell:Skip shell extension 'powershell' for command environment: Not usable outside of PowerShell
[0.653s] DEBUG:colcon.colcon_core.shell:Skip shell extension 'dsv' for command environment
[0.657s] INFO:colcon.colcon_ros.task.ament_python.build:Building ROS package in '/home/nicolas/ws_ros2/src/torque_calculator' with build type 'ament_python'
[0.658s] Level 1:colcon.colcon_core.shell:create_environment_hook('torque_calculator', 'ament_prefix_path')
[0.658s] INFO:colcon.colcon_core.shell:Creating environment hook '/home/nicolas/ws_ros2/install/torque_calculator/share/torque_calculator/hook/ament_prefix_path.ps1'
[0.660s] INFO:colcon.colcon_core.shell:Creating environment descriptor '/home/nicolas/ws_ros2/install/torque_calculator/share/torque_calculator/hook/ament_prefix_path.dsv'
[0.660s] INFO:colcon.colcon_core.shell:Creating environment hook '/home/nicolas/ws_ros2/install/torque_calculator/share/torque_calculator/hook/ament_prefix_path.sh'
[0.661s] INFO:colcon.colcon_core.shell:Skip shell extension 'powershell' for command environment: Not usable outside of PowerShell
[0.661s] DEBUG:colcon.colcon_core.shell:Skip shell extension 'dsv' for command environment
[0.671s] DEBUG:colcon.colcon_core.event_handler.log_command:Invoking command in '/home/nicolas/ws_ros2/build/px4_msgs': CMAKE_PREFIX_PATH=${CMAKE_PREFIX_PATH}:/home/nicolas/ws_ros2/install/torque_calculator:/home/nicolas/ws_ros2/install/my_tf2_package:/opt/ros/humble /usr/bin/cmake --build /home/nicolas/ws_ros2/build/px4_msgs -- -j16 -l16
[1.016s] INFO:colcon.colcon_core.task.python.build:Building Python package in '/home/nicolas/ws_ros2/src/my_tf2_package'
[1.016s] INFO:colcon.colcon_core.shell:Skip shell extension 'powershell' for command environment: Not usable outside of PowerShell
[1.017s] DEBUG:colcon.colcon_core.shell:Skip shell extension 'dsv' for command environment
[1.028s] DEBUG:colcon.colcon_core.event_handler.log_command:Invoking command in '/home/nicolas/ws_ros2/build/rtabmap_slam_pkg': CMAKE_PREFIX_PATH=${CMAKE_PREFIX_PATH}:/home/nicolas/ws_ros2/install/torque_calculator:/home/nicolas/ws_ros2/install/my_tf2_package:/opt/ros/humble /usr/bin/cmake --build /home/nicolas/ws_ros2/build/rtabmap_slam_pkg -- -j16 -l16
[1.364s] INFO:colcon.colcon_core.task.python.build:Building Python package in '/home/nicolas/ws_ros2/src/torque_calculator'
[1.364s] INFO:colcon.colcon_core.shell:Skip shell extension 'powershell' for command environment: Not usable outside of PowerShell
[1.365s] DEBUG:colcon.colcon_core.shell:Skip shell extension 'dsv' for command environment
[1.374s] DEBUG:colcon.colcon_core.event_handler.log_command:Invoked command in '/home/nicolas/ws_ros2/build/rtabmap_slam_pkg' returned '0': CMAKE_PREFIX_PATH=${CMAKE_PREFIX_PATH}:/home/nicolas/ws_ros2/install/torque_calculator:/home/nicolas/ws_ros2/install/my_tf2_package:/opt/ros/humble /usr/bin/cmake --build /home/nicolas/ws_ros2/build/rtabmap_slam_pkg -- -j16 -l16
[1.389s] DEBUG:colcon.colcon_core.event_handler.log_command:Invoking command in '/home/nicolas/ws_ros2/build/rtabmap_slam_pkg': CMAKE_PREFIX_PATH=${CMAKE_PREFIX_PATH}:/home/nicolas/ws_ros2/install/torque_calculator:/home/nicolas/ws_ros2/install/my_tf2_package:/opt/ros/humble /usr/bin/cmake --install /home/nicolas/ws_ros2/build/rtabmap_slam_pkg
[1.400s] Level 1:colcon.colcon_core.environment:create_environment_scripts_only(rtabmap_slam_pkg)
[1.401s] DEBUG:colcon.colcon_core.event_handler.log_command:Invoked command in '/home/nicolas/ws_ros2/build/rtabmap_slam_pkg' returned '0': CMAKE_PREFIX_PATH=${CMAKE_PREFIX_PATH}:/home/nicolas/ws_ros2/install/torque_calculator:/home/nicolas/ws_ros2/install/my_tf2_package:/opt/ros/humble /usr/bin/cmake --install /home/nicolas/ws_ros2/build/rtabmap_slam_pkg
[1.405s] Level 1:colcon.colcon_core.environment:checking '/home/nicolas/ws_ros2/install/rtabmap_slam_pkg' for CMake module files
[1.405s] Level 1:colcon.colcon_core.environment:checking '/home/nicolas/ws_ros2/install/rtabmap_slam_pkg' for CMake config files
[1.407s] Level 1:colcon.colcon_core.shell:create_environment_hook('rtabmap_slam_pkg', 'cmake_prefix_path')
[1.407s] INFO:colcon.colcon_core.shell:Creating environment hook '/home/nicolas/ws_ros2/install/rtabmap_slam_pkg/share/rtabmap_slam_pkg/hook/cmake_prefix_path.ps1'
[1.408s] INFO:colcon.colcon_core.shell:Creating environment descriptor '/home/nicolas/ws_ros2/install/rtabmap_slam_pkg/share/rtabmap_slam_pkg/hook/cmake_prefix_path.dsv'
[1.408s] INFO:colcon.colcon_core.shell:Creating environment hook '/home/nicolas/ws_ros2/install/rtabmap_slam_pkg/share/rtabmap_slam_pkg/hook/cmake_prefix_path.sh'
[1.409s] Level 1:colcon.colcon_core.environment:checking '/home/nicolas/ws_ros2/install/rtabmap_slam_pkg/bin'
[1.409s] Level 1:colcon.colcon_core.environment:checking '/home/nicolas/ws_ros2/install/rtabmap_slam_pkg/lib/pkgconfig/rtabmap_slam_pkg.pc'
[1.410s] Level 1:colcon.colcon_core.environment:checking '/home/nicolas/ws_ros2/install/rtabmap_slam_pkg/lib/python3.10/site-packages'
[1.410s] Level 1:colcon.colcon_core.environment:checking '/home/nicolas/ws_ros2/install/rtabmap_slam_pkg/bin'
[1.411s] INFO:colcon.colcon_core.shell:Creating package script '/home/nicolas/ws_ros2/install/rtabmap_slam_pkg/share/rtabmap_slam_pkg/package.ps1'
[1.412s] INFO:colcon.colcon_core.shell:Creating package descriptor '/home/nicolas/ws_ros2/install/rtabmap_slam_pkg/share/rtabmap_slam_pkg/package.dsv'
[1.413s] INFO:colcon.colcon_core.shell:Creating package script '/home/nicolas/ws_ros2/install/rtabmap_slam_pkg/share/rtabmap_slam_pkg/package.sh'
[1.414s] INFO:colcon.colcon_core.shell:Creating package script '/home/nicolas/ws_ros2/install/rtabmap_slam_pkg/share/rtabmap_slam_pkg/package.bash'
[1.416s] INFO:colcon.colcon_core.shell:Creating package script '/home/nicolas/ws_ros2/install/rtabmap_slam_pkg/share/rtabmap_slam_pkg/package.zsh'
[1.417s] Level 1:colcon.colcon_core.environment:create_file_with_runtime_dependencies(/home/nicolas/ws_ros2/install/rtabmap_slam_pkg/share/colcon-core/packages/rtabmap_slam_pkg)
[1.418s] Level 1:colcon.colcon_core.environment:create_environment_scripts_only(rtabmap_slam_pkg)
[1.419s] Level 1:colcon.colcon_core.environment:checking '/home/nicolas/ws_ros2/install/rtabmap_slam_pkg' for CMake module files
[1.420s] Level 1:colcon.colcon_core.environment:checking '/home/nicolas/ws_ros2/install/rtabmap_slam_pkg' for CMake config files
[1.421s] Level 1:colcon.colcon_core.shell:create_environment_hook('rtabmap_slam_pkg', 'cmake_prefix_path')
[1.421s] INFO:colcon.colcon_core.shell:Creating environment hook '/home/nicolas/ws_ros2/install/rtabmap_slam_pkg/share/rtabmap_slam_pkg/hook/cmake_prefix_path.ps1'
[1.422s] INFO:colcon.colcon_core.shell:Creating environment descriptor '/home/nicolas/ws_ros2/install/rtabmap_slam_pkg/share/rtabmap_slam_pkg/hook/cmake_prefix_path.dsv'
[1.423s] INFO:colcon.colcon_core.shell:Creating environment hook '/home/nicolas/ws_ros2/install/rtabmap_slam_pkg/share/rtabmap_slam_pkg/hook/cmake_prefix_path.sh'
[1.424s] Level 1:colcon.colcon_core.environment:checking '/home/nicolas/ws_ros2/install/rtabmap_slam_pkg/bin'
[1.424s] Level 1:colcon.colcon_core.environment:checking '/home/nicolas/ws_ros2/install/rtabmap_slam_pkg/lib/pkgconfig/rtabmap_slam_pkg.pc'
[1.424s] Level 1:colcon.colcon_core.environment:checking '/home/nicolas/ws_ros2/install/rtabmap_slam_pkg/lib/python3.10/site-packages'
[1.425s] Level 1:colcon.colcon_core.environment:checking '/home/nicolas/ws_ros2/install/rtabmap_slam_pkg/bin'
[1.426s] INFO:colcon.colcon_core.shell:Creating package script '/home/nicolas/ws_ros2/install/rtabmap_slam_pkg/share/rtabmap_slam_pkg/package.ps1'
[1.427s] INFO:colcon.colcon_core.shell:Creating package descriptor '/home/nicolas/ws_ros2/install/rtabmap_slam_pkg/share/rtabmap_slam_pkg/package.dsv'
[1.428s] INFO:colcon.colcon_core.shell:Creating package script '/home/nicolas/ws_ros2/install/rtabmap_slam_pkg/share/rtabmap_slam_pkg/package.sh'
[1.429s] INFO:colcon.colcon_core.shell:Creating package script '/home/nicolas/ws_ros2/install/rtabmap_slam_pkg/share/rtabmap_slam_pkg/package.bash'
[1.430s] INFO:colcon.colcon_core.shell:Creating package script '/home/nicolas/ws_ros2/install/rtabmap_slam_pkg/share/rtabmap_slam_pkg/package.zsh'
[1.430s] Level 1:colcon.colcon_core.environment:create_file_with_runtime_dependencies(/home/nicolas/ws_ros2/install/rtabmap_slam_pkg/share/colcon-core/packages/rtabmap_slam_pkg)
[1.974s] DEBUG:colcon.colcon_core.event_handler.log_command:Invoking command in '/home/nicolas/ws_ros2/src/my_tf2_package': PYTHONPATH=/home/nicolas/ws_ros2/build/my_tf2_package/prefix_override:/usr/lib/python3/dist-packages/colcon_core/task/python/colcon_distutils_commands:/home/nicolas/ws_ros2/install/my_tf2_package/lib/python3.10/site-packages:${PYTHONPATH} /usr/bin/python3 -W ignore:setup.py install is deprecated -W ignore:easy_install command is deprecated setup.py egg_info --egg-base ../../build/my_tf2_package build --build-base /home/nicolas/ws_ros2/build/my_tf2_package/build install --record /home/nicolas/ws_ros2/build/my_tf2_package/install.log --single-version-externally-managed install_data
[1.982s] DEBUG:colcon.colcon_core.event_handler.log_command:Invoking command in '/home/nicolas/ws_ros2/src/torque_calculator': PYTHONPATH=/home/nicolas/ws_ros2/build/torque_calculator/prefix_override:/usr/lib/python3/dist-packages/colcon_core/task/python/colcon_distutils_commands:/home/nicolas/ws_ros2/install/torque_calculator/lib/python3.10/site-packages:${PYTHONPATH} /usr/bin/python3 -W ignore:setup.py install is deprecated -W ignore:easy_install command is deprecated setup.py egg_info --egg-base ../../build/torque_calculator build --build-base /home/nicolas/ws_ros2/build/torque_calculator/build install --record /home/nicolas/ws_ros2/build/torque_calculator/install.log --single-version-externally-managed install_data
[2.056s] DEBUG:colcon.colcon_core.event_handler.log_command:Invoked command in '/home/nicolas/ws_ros2/build/px4_msgs' returned '0': CMAKE_PREFIX_PATH=${CMAKE_PREFIX_PATH}:/home/nicolas/ws_ros2/install/torque_calculator:/home/nicolas/ws_ros2/install/my_tf2_package:/opt/ros/humble /usr/bin/cmake --build /home/nicolas/ws_ros2/build/px4_msgs -- -j16 -l16
[2.059s] DEBUG:colcon.colcon_core.event_handler.log_command:Invoking command in '/home/nicolas/ws_ros2/build/px4_msgs': CMAKE_PREFIX_PATH=${CMAKE_PREFIX_PATH}:/home/nicolas/ws_ros2/install/torque_calculator:/home/nicolas/ws_ros2/install/my_tf2_package:/opt/ros/humble /usr/bin/cmake --install /home/nicolas/ws_ros2/build/px4_msgs
[2.447s] Level 1:colcon.colcon_core.environment:checking '/home/nicolas/ws_ros2/install/my_tf2_package' for CMake module files
[2.454s] Level 1:colcon.colcon_core.environment:checking '/home/nicolas/ws_ros2/install/my_tf2_package' for CMake config files
[2.468s] Level 1:colcon.colcon_core.environment:checking '/home/nicolas/ws_ros2/install/my_tf2_package/lib'
[2.469s] Level 1:colcon.colcon_core.environment:checking '/home/nicolas/ws_ros2/install/my_tf2_package/bin'
[2.470s] Level 1:colcon.colcon_core.environment:checking '/home/nicolas/ws_ros2/install/my_tf2_package/lib/pkgconfig/my_tf2_package.pc'
[2.471s] Level 1:colcon.colcon_core.environment:checking '/home/nicolas/ws_ros2/install/my_tf2_package/lib/python3.10/site-packages'
[2.473s] Level 1:colcon.colcon_core.shell:create_environment_hook('my_tf2_package', 'pythonpath')
[2.474s] INFO:colcon.colcon_core.shell:Creating environment hook '/home/nicolas/ws_ros2/install/my_tf2_package/share/my_tf2_package/hook/pythonpath.ps1'
[2.476s] INFO:colcon.colcon_core.shell:Creating environment descriptor '/home/nicolas/ws_ros2/install/my_tf2_package/share/my_tf2_package/hook/pythonpath.dsv'
[2.479s] INFO:colcon.colcon_core.shell:Creating environment hook '/home/nicolas/ws_ros2/install/my_tf2_package/share/my_tf2_package/hook/pythonpath.sh'
[2.481s] Level 1:colcon.colcon_core.environment:checking '/home/nicolas/ws_ros2/install/my_tf2_package/bin'
[2.482s] Level 1:colcon.colcon_core.environment:create_environment_scripts_only(my_tf2_package)
[2.483s] INFO:colcon.colcon_core.shell:Creating package script '/home/nicolas/ws_ros2/install/my_tf2_package/share/my_tf2_package/package.ps1'
[2.487s] INFO:colcon.colcon_core.shell:Creating package descriptor '/home/nicolas/ws_ros2/install/my_tf2_package/share/my_tf2_package/package.dsv'
[2.491s] INFO:colcon.colcon_core.shell:Creating package script '/home/nicolas/ws_ros2/install/my_tf2_package/share/my_tf2_package/package.sh'
[2.493s] INFO:colcon.colcon_core.shell:Creating package script '/home/nicolas/ws_ros2/install/my_tf2_package/share/my_tf2_package/package.bash'
[2.497s] INFO:colcon.colcon_core.shell:Creating package script '/home/nicolas/ws_ros2/install/my_tf2_package/share/my_tf2_package/package.zsh'
[2.502s] Level 1:colcon.colcon_core.environment:create_file_with_runtime_dependencies(/home/nicolas/ws_ros2/install/my_tf2_package/share/colcon-core/packages/my_tf2_package)
[2.516s] Level 1:colcon.colcon_core.environment:checking '/home/nicolas/ws_ros2/install/torque_calculator' for CMake module files
[2.519s] Level 1:colcon.colcon_core.environment:checking '/home/nicolas/ws_ros2/install/torque_calculator' for CMake config files
[2.527s] Level 1:colcon.colcon_core.environment:checking '/home/nicolas/ws_ros2/install/torque_calculator/lib'
[2.528s] Level 1:colcon.colcon_core.environment:checking '/home/nicolas/ws_ros2/install/torque_calculator/bin'
[2.528s] Level 1:colcon.colcon_core.environment:checking '/home/nicolas/ws_ros2/install/torque_calculator/lib/pkgconfig/torque_calculator.pc'
[2.529s] Level 1:colcon.colcon_core.environment:checking '/home/nicolas/ws_ros2/install/torque_calculator/lib/python3.10/site-packages'
[2.529s] Level 1:colcon.colcon_core.shell:create_environment_hook('torque_calculator', 'pythonpath')
[2.529s] INFO:colcon.colcon_core.shell:Creating environment hook '/home/nicolas/ws_ros2/install/torque_calculator/share/torque_calculator/hook/pythonpath.ps1'
[2.533s] INFO:colcon.colcon_core.shell:Creating environment descriptor '/home/nicolas/ws_ros2/install/torque_calculator/share/torque_calculator/hook/pythonpath.dsv'
[2.534s] INFO:colcon.colcon_core.shell:Creating environment hook '/home/nicolas/ws_ros2/install/torque_calculator/share/torque_calculator/hook/pythonpath.sh'
[2.537s] Level 1:colcon.colcon_core.environment:checking '/home/nicolas/ws_ros2/install/torque_calculator/bin'
[2.537s] Level 1:colcon.colcon_core.environment:create_environment_scripts_only(torque_calculator)
[2.538s] INFO:colcon.colcon_core.shell:Creating package script '/home/nicolas/ws_ros2/install/torque_calculator/share/torque_calculator/package.ps1'
[2.540s] INFO:colcon.colcon_core.shell:Creating package descriptor '/home/nicolas/ws_ros2/install/torque_calculator/share/torque_calculator/package.dsv'
[2.541s] INFO:colcon.colcon_core.shell:Creating package script '/home/nicolas/ws_ros2/install/torque_calculator/share/torque_calculator/package.sh'
[2.542s] INFO:colcon.colcon_core.shell:Creating package script '/home/nicolas/ws_ros2/install/torque_calculator/share/torque_calculator/package.bash'
[2.544s] INFO:colcon.colcon_core.shell:Creating package script '/home/nicolas/ws_ros2/install/torque_calculator/share/torque_calculator/package.zsh'
[2.546s] Level 1:colcon.colcon_core.environment:create_file_with_runtime_dependencies(/home/nicolas/ws_ros2/install/torque_calculator/share/colcon-core/packages/torque_calculator)
[2.554s] DEBUG:colcon.colcon_core.event_handler.log_command:Invoked command in '/home/nicolas/ws_ros2/src/my_tf2_package' returned '0': PYTHONPATH=/home/nicolas/ws_ros2/build/my_tf2_package/prefix_override:/usr/lib/python3/dist-packages/colcon_core/task/python/colcon_distutils_commands:/home/nicolas/ws_ros2/install/my_tf2_package/lib/python3.10/site-packages:${PYTHONPATH} /usr/bin/python3 -W ignore:setup.py install is deprecated -W ignore:easy_install command is deprecated setup.py egg_info --egg-base ../../build/my_tf2_package build --build-base /home/nicolas/ws_ros2/build/my_tf2_package/build install --record /home/nicolas/ws_ros2/build/my_tf2_package/install.log --single-version-externally-managed install_data
[2.564s] DEBUG:colcon.colcon_core.event_handler.log_command:Invoked command in '/home/nicolas/ws_ros2/src/torque_calculator' returned '0': PYTHONPATH=/home/nicolas/ws_ros2/build/torque_calculator/prefix_override:/usr/lib/python3/dist-packages/colcon_core/task/python/colcon_distutils_commands:/home/nicolas/ws_ros2/install/torque_calculator/lib/python3.10/site-packages:${PYTHONPATH} /usr/bin/python3 -W ignore:setup.py install is deprecated -W ignore:easy_install command is deprecated setup.py egg_info --egg-base ../../build/torque_calculator build --build-base /home/nicolas/ws_ros2/build/torque_calculator/build install --record /home/nicolas/ws_ros2/build/torque_calculator/install.log --single-version-externally-managed install_data
[2.596s] Level 1:colcon.colcon_core.environment:create_environment_scripts_only(px4_msgs)
[2.597s] Level 1:colcon.colcon_core.environment:checking '/home/nicolas/ws_ros2/install/px4_msgs' for CMake module files
[2.597s] DEBUG:colcon.colcon_core.event_handler.log_command:Invoked command in '/home/nicolas/ws_ros2/build/px4_msgs' returned '0': CMAKE_PREFIX_PATH=${CMAKE_PREFIX_PATH}:/home/nicolas/ws_ros2/install/torque_calculator:/home/nicolas/ws_ros2/install/my_tf2_package:/opt/ros/humble /usr/bin/cmake --install /home/nicolas/ws_ros2/build/px4_msgs
[2.598s] Level 1:colcon.colcon_core.environment:checking '/home/nicolas/ws_ros2/install/px4_msgs' for CMake config files
[2.604s] Level 1:colcon.colcon_core.shell:create_environment_hook('px4_msgs', 'cmake_prefix_path')
[2.604s] INFO:colcon.colcon_core.shell:Creating environment hook '/home/nicolas/ws_ros2/install/px4_msgs/share/px4_msgs/hook/cmake_prefix_path.ps1'
[2.605s] INFO:colcon.colcon_core.shell:Creating environment descriptor '/home/nicolas/ws_ros2/install/px4_msgs/share/px4_msgs/hook/cmake_prefix_path.dsv'
[2.606s] INFO:colcon.colcon_core.shell:Creating environment hook '/home/nicolas/ws_ros2/install/px4_msgs/share/px4_msgs/hook/cmake_prefix_path.sh'
[2.606s] Level 1:colcon.colcon_core.environment:checking '/home/nicolas/ws_ros2/install/px4_msgs/lib'
[2.606s] Level 1:colcon.colcon_core.shell:create_environment_hook('px4_msgs', 'ld_library_path_lib')
[2.607s] INFO:colcon.colcon_core.shell:Creating environment hook '/home/nicolas/ws_ros2/install/px4_msgs/share/px4_msgs/hook/ld_library_path_lib.ps1'
[2.607s] INFO:colcon.colcon_core.shell:Creating environment descriptor '/home/nicolas/ws_ros2/install/px4_msgs/share/px4_msgs/hook/ld_library_path_lib.dsv'
[2.608s] INFO:colcon.colcon_core.shell:Creating environment hook '/home/nicolas/ws_ros2/install/px4_msgs/share/px4_msgs/hook/ld_library_path_lib.sh'
[2.608s] Level 1:colcon.colcon_core.environment:checking '/home/nicolas/ws_ros2/install/px4_msgs/bin'
[2.608s] Level 1:colcon.colcon_core.environment:checking '/home/nicolas/ws_ros2/install/px4_msgs/lib/pkgconfig/px4_msgs.pc'
[2.609s] Level 1:colcon.colcon_core.environment:checking '/home/nicolas/ws_ros2/install/px4_msgs/lib/python3.10/site-packages'
[2.609s] Level 1:colcon.colcon_core.environment:checking '/home/nicolas/ws_ros2/install/px4_msgs/bin'
[2.609s] INFO:colcon.colcon_core.shell:Creating package script '/home/nicolas/ws_ros2/install/px4_msgs/share/px4_msgs/package.ps1'
[2.610s] INFO:colcon.colcon_core.shell:Creating package descriptor '/home/nicolas/ws_ros2/install/px4_msgs/share/px4_msgs/package.dsv'
[2.610s] INFO:colcon.colcon_core.shell:Creating package script '/home/nicolas/ws_ros2/install/px4_msgs/share/px4_msgs/package.sh'
[2.611s] INFO:colcon.colcon_core.shell:Creating package script '/home/nicolas/ws_ros2/install/px4_msgs/share/px4_msgs/package.bash'
[2.611s] INFO:colcon.colcon_core.shell:Creating package script '/home/nicolas/ws_ros2/install/px4_msgs/share/px4_msgs/package.zsh'
[2.612s] Level 1:colcon.colcon_core.environment:create_file_with_runtime_dependencies(/home/nicolas/ws_ros2/install/px4_msgs/share/colcon-core/packages/px4_msgs)
[2.613s] Level 1:colcon.colcon_core.environment:create_environment_scripts_only(px4_msgs)
[2.613s] Level 1:colcon.colcon_core.environment:checking '/home/nicolas/ws_ros2/install/px4_msgs' for CMake module files
[2.614s] Level 1:colcon.colcon_core.environment:checking '/home/nicolas/ws_ros2/install/px4_msgs' for CMake config files
[2.617s] Level 1:colcon.colcon_core.shell:create_environment_hook('px4_msgs', 'cmake_prefix_path')
[2.618s] INFO:colcon.colcon_core.shell:Creating environment hook '/home/nicolas/ws_ros2/install/px4_msgs/share/px4_msgs/hook/cmake_prefix_path.ps1'
[2.618s] INFO:colcon.colcon_core.shell:Creating environment descriptor '/home/nicolas/ws_ros2/install/px4_msgs/share/px4_msgs/hook/cmake_prefix_path.dsv'
[2.619s] INFO:colcon.colcon_core.shell:Creating environment hook '/home/nicolas/ws_ros2/install/px4_msgs/share/px4_msgs/hook/cmake_prefix_path.sh'
[2.619s] Level 1:colcon.colcon_core.environment:checking '/home/nicolas/ws_ros2/install/px4_msgs/lib'
[2.619s] Level 1:colcon.colcon_core.shell:create_environment_hook('px4_msgs', 'ld_library_path_lib')
[2.620s] INFO:colcon.colcon_core.shell:Creating environment hook '/home/nicolas/ws_ros2/install/px4_msgs/share/px4_msgs/hook/ld_library_path_lib.ps1'
[2.620s] INFO:colcon.colcon_core.shell:Creating environment descriptor '/home/nicolas/ws_ros2/install/px4_msgs/share/px4_msgs/hook/ld_library_path_lib.dsv'
[2.620s] INFO:colcon.colcon_core.shell:Creating environment hook '/home/nicolas/ws_ros2/install/px4_msgs/share/px4_msgs/hook/ld_library_path_lib.sh'
[2.621s] Level 1:colcon.colcon_core.environment:checking '/home/nicolas/ws_ros2/install/px4_msgs/bin'
[2.621s] Level 1:colcon.colcon_core.environment:checking '/home/nicolas/ws_ros2/install/px4_msgs/lib/pkgconfig/px4_msgs.pc'
[2.621s] Level 1:colcon.colcon_core.environment:checking '/home/nicolas/ws_ros2/install/px4_msgs/lib/python3.10/site-packages'
[2.622s] Level 1:colcon.colcon_core.environment:checking '/home/nicolas/ws_ros2/install/px4_msgs/bin'
[2.622s] INFO:colcon.colcon_core.shell:Creating package script '/home/nicolas/ws_ros2/install/px4_msgs/share/px4_msgs/package.ps1'
[2.623s] INFO:colcon.colcon_core.shell:Creating package descriptor '/home/nicolas/ws_ros2/install/px4_msgs/share/px4_msgs/package.dsv'
[2.623s] INFO:colcon.colcon_core.shell:Creating package script '/home/nicolas/ws_ros2/install/px4_msgs/share/px4_msgs/package.sh'
[2.624s] INFO:colcon.colcon_core.shell:Creating package script '/home/nicolas/ws_ros2/install/px4_msgs/share/px4_msgs/package.bash'
[2.624s] INFO:colcon.colcon_core.shell:Creating package script '/home/nicolas/ws_ros2/install/px4_msgs/share/px4_msgs/package.zsh'
[2.625s] Level 1:colcon.colcon_core.environment:create_file_with_runtime_dependencies(/home/nicolas/ws_ros2/install/px4_msgs/share/colcon-core/packages/px4_msgs)
[2.626s] INFO:colcon.colcon_ros.task.ament_cmake.build:Building ROS package in '/home/nicolas/ws_ros2/src/px4_ros_com' with build type 'ament_cmake'
[2.626s] INFO:colcon.colcon_cmake.task.cmake.build:Building CMake package in '/home/nicolas/ws_ros2/src/px4_ros_com'
[2.626s] INFO:colcon.colcon_core.shell:Skip shell extension 'powershell' for command environment: Not usable outside of PowerShell
[2.626s] DEBUG:colcon.colcon_core.shell:Skip shell extension 'dsv' for command environment
[2.646s] DEBUG:colcon.colcon_core.event_handler.log_command:Invoking command in '/home/nicolas/ws_ros2/build/px4_ros_com': CMAKE_PREFIX_PATH=/home/nicolas/ws_ros2/install/px4_msgs:/home/nicolas/ws_ros2/install/rtabmap_slam_pkg:/home/nicolas/ws_ros2/install/px4_ros_com:/home/nicolas/ws_ros2/install/torque_calculator:/home/nicolas/ws_ros2/install/my_tf2_package:/opt/ros/humble LD_LIBRARY_PATH=/home/nicolas/ws_ros2/install/px4_msgs/lib:/home/nicolas/ws_ros2/install/px4_ros_com/lib:/opt/ros/humble/opt/rviz_ogre_vendor/lib:/opt/ros/humble/lib/x86_64-linux-gnu:/opt/ros/humble/lib /usr/bin/cmake --build /home/nicolas/ws_ros2/build/px4_ros_com -- -j16 -l16
[3.109s] DEBUG:colcon.colcon_core.event_handler.log_command:Invoked command in '/home/nicolas/ws_ros2/build/px4_ros_com' returned '0': CMAKE_PREFIX_PATH=/home/nicolas/ws_ros2/install/px4_msgs:/home/nicolas/ws_ros2/install/rtabmap_slam_pkg:/home/nicolas/ws_ros2/install/px4_ros_com:/home/nicolas/ws_ros2/install/torque_calculator:/home/nicolas/ws_ros2/install/my_tf2_package:/opt/ros/humble LD_LIBRARY_PATH=/home/nicolas/ws_ros2/install/px4_msgs/lib:/home/nicolas/ws_ros2/install/px4_ros_com/lib:/opt/ros/humble/opt/rviz_ogre_vendor/lib:/opt/ros/humble/lib/x86_64-linux-gnu:/opt/ros/humble/lib /usr/bin/cmake --build /home/nicolas/ws_ros2/build/px4_ros_com -- -j16 -l16
[3.113s] DEBUG:colcon.colcon_core.event_handler.log_command:Invoking command in '/home/nicolas/ws_ros2/build/px4_ros_com': CMAKE_PREFIX_PATH=/home/nicolas/ws_ros2/install/px4_msgs:/home/nicolas/ws_ros2/install/rtabmap_slam_pkg:/home/nicolas/ws_ros2/install/px4_ros_com:/home/nicolas/ws_ros2/install/torque_calculator:/home/nicolas/ws_ros2/install/my_tf2_package:/opt/ros/humble LD_LIBRARY_PATH=/home/nicolas/ws_ros2/install/px4_msgs/lib:/home/nicolas/ws_ros2/install/px4_ros_com/lib:/opt/ros/humble/opt/rviz_ogre_vendor/lib:/opt/ros/humble/lib/x86_64-linux-gnu:/opt/ros/humble/lib /usr/bin/cmake --install /home/nicolas/ws_ros2/build/px4_ros_com
[3.186s] Level 1:colcon.colcon_core.environment:create_environment_scripts_only(px4_ros_com)
[3.187s] Level 1:colcon.colcon_core.environment:checking '/home/nicolas/ws_ros2/install/px4_ros_com' for CMake module files
[3.187s] DEBUG:colcon.colcon_core.event_handler.log_command:Invoked command in '/home/nicolas/ws_ros2/build/px4_ros_com' returned '0': CMAKE_PREFIX_PATH=/home/nicolas/ws_ros2/install/px4_msgs:/home/nicolas/ws_ros2/install/rtabmap_slam_pkg:/home/nicolas/ws_ros2/install/px4_ros_com:/home/nicolas/ws_ros2/install/torque_calculator:/home/nicolas/ws_ros2/install/my_tf2_package:/opt/ros/humble LD_LIBRARY_PATH=/home/nicolas/ws_ros2/install/px4_msgs/lib:/home/nicolas/ws_ros2/install/px4_ros_com/lib:/opt/ros/humble/opt/rviz_ogre_vendor/lib:/opt/ros/humble/lib/x86_64-linux-gnu:/opt/ros/humble/lib /usr/bin/cmake --install /home/nicolas/ws_ros2/build/px4_ros_com
[3.189s] Level 1:colcon.colcon_core.environment:checking '/home/nicolas/ws_ros2/install/px4_ros_com' for CMake config files
[3.190s] Level 1:colcon.colcon_core.shell:create_environment_hook('px4_ros_com', 'cmake_prefix_path')
[3.190s] INFO:colcon.colcon_core.shell:Creating environment hook '/home/nicolas/ws_ros2/install/px4_ros_com/share/px4_ros_com/hook/cmake_prefix_path.ps1'
[3.191s] INFO:colcon.colcon_core.shell:Creating environment descriptor '/home/nicolas/ws_ros2/install/px4_ros_com/share/px4_ros_com/hook/cmake_prefix_path.dsv'
[3.192s] INFO:colcon.colcon_core.shell:Creating environment hook '/home/nicolas/ws_ros2/install/px4_ros_com/share/px4_ros_com/hook/cmake_prefix_path.sh'
[3.193s] Level 1:colcon.colcon_core.environment:checking '/home/nicolas/ws_ros2/install/px4_ros_com/lib'
[3.193s] Level 1:colcon.colcon_core.shell:create_environment_hook('px4_ros_com', 'ld_library_path_lib')
[3.194s] INFO:colcon.colcon_core.shell:Creating environment hook '/home/nicolas/ws_ros2/install/px4_ros_com/share/px4_ros_com/hook/ld_library_path_lib.ps1'
[3.195s] INFO:colcon.colcon_core.shell:Creating environment descriptor '/home/nicolas/ws_ros2/install/px4_ros_com/share/px4_ros_com/hook/ld_library_path_lib.dsv'
[3.195s] INFO:colcon.colcon_core.shell:Creating environment hook '/home/nicolas/ws_ros2/install/px4_ros_com/share/px4_ros_com/hook/ld_library_path_lib.sh'
[3.196s] Level 1:colcon.colcon_core.environment:checking '/home/nicolas/ws_ros2/install/px4_ros_com/bin'
[3.196s] Level 1:colcon.colcon_core.environment:checking '/home/nicolas/ws_ros2/install/px4_ros_com/lib/pkgconfig/px4_ros_com.pc'
[3.196s] Level 1:colcon.colcon_core.environment:checking '/home/nicolas/ws_ros2/install/px4_ros_com/lib/python3.10/site-packages'
[3.196s] Level 1:colcon.colcon_core.environment:checking '/home/nicolas/ws_ros2/install/px4_ros_com/bin'
[3.197s] INFO:colcon.colcon_core.shell:Creating package script '/home/nicolas/ws_ros2/install/px4_ros_com/share/px4_ros_com/package.ps1'
[3.198s] INFO:colcon.colcon_core.shell:Creating package descriptor '/home/nicolas/ws_ros2/install/px4_ros_com/share/px4_ros_com/package.dsv'
[3.198s] INFO:colcon.colcon_core.shell:Creating package script '/home/nicolas/ws_ros2/install/px4_ros_com/share/px4_ros_com/package.sh'
[3.198s] INFO:colcon.colcon_core.shell:Creating package script '/home/nicolas/ws_ros2/install/px4_ros_com/share/px4_ros_com/package.bash'
[3.199s] INFO:colcon.colcon_core.shell:Creating package script '/home/nicolas/ws_ros2/install/px4_ros_com/share/px4_ros_com/package.zsh'
[3.199s] Level 1:colcon.colcon_core.environment:create_file_with_runtime_dependencies(/home/nicolas/ws_ros2/install/px4_ros_com/share/colcon-core/packages/px4_ros_com)
[3.200s] Level 1:colcon.colcon_core.environment:create_environment_scripts_only(px4_ros_com)
[3.200s] Level 1:colcon.colcon_core.environment:checking '/home/nicolas/ws_ros2/install/px4_ros_com' for CMake module files
[3.200s] Level 1:colcon.colcon_core.environment:checking '/home/nicolas/ws_ros2/install/px4_ros_com' for CMake config files
[3.201s] Level 1:colcon.colcon_core.shell:create_environment_hook('px4_ros_com', 'cmake_prefix_path')
[3.201s] INFO:colcon.colcon_core.shell:Creating environment hook '/home/nicolas/ws_ros2/install/px4_ros_com/share/px4_ros_com/hook/cmake_prefix_path.ps1'
[3.202s] INFO:colcon.colcon_core.shell:Creating environment descriptor '/home/nicolas/ws_ros2/install/px4_ros_com/share/px4_ros_com/hook/cmake_prefix_path.dsv'
[3.203s] INFO:colcon.colcon_core.shell:Creating environment hook '/home/nicolas/ws_ros2/install/px4_ros_com/share/px4_ros_com/hook/cmake_prefix_path.sh'
[3.204s] Level 1:colcon.colcon_core.environment:checking '/home/nicolas/ws_ros2/install/px4_ros_com/lib'
[3.204s] Level 1:colcon.colcon_core.shell:create_environment_hook('px4_ros_com', 'ld_library_path_lib')
[3.204s] INFO:colcon.colcon_core.shell:Creating environment hook '/home/nicolas/ws_ros2/install/px4_ros_com/share/px4_ros_com/hook/ld_library_path_lib.ps1'
[3.205s] INFO:colcon.colcon_core.shell:Creating environment descriptor '/home/nicolas/ws_ros2/install/px4_ros_com/share/px4_ros_com/hook/ld_library_path_lib.dsv'
[3.206s] INFO:colcon.colcon_core.shell:Creating environment hook '/home/nicolas/ws_ros2/install/px4_ros_com/share/px4_ros_com/hook/ld_library_path_lib.sh'
[3.207s] Level 1:colcon.colcon_core.environment:checking '/home/nicolas/ws_ros2/install/px4_ros_com/bin'
[3.207s] Level 1:colcon.colcon_core.environment:checking '/home/nicolas/ws_ros2/install/px4_ros_com/lib/pkgconfig/px4_ros_com.pc'
[3.208s] Level 1:colcon.colcon_core.environment:checking '/home/nicolas/ws_ros2/install/px4_ros_com/lib/python3.10/site-packages'
[3.208s] Level 1:colcon.colcon_core.environment:checking '/home/nicolas/ws_ros2/install/px4_ros_com/bin'
[3.209s] INFO:colcon.colcon_core.shell:Creating package script '/home/nicolas/ws_ros2/install/px4_ros_com/share/px4_ros_com/package.ps1'
[3.210s] INFO:colcon.colcon_core.shell:Creating package descriptor '/home/nicolas/ws_ros2/install/px4_ros_com/share/px4_ros_com/package.dsv'
[3.211s] INFO:colcon.colcon_core.shell:Creating package script '/home/nicolas/ws_ros2/install/px4_ros_com/share/px4_ros_com/package.sh'
[3.212s] INFO:colcon.colcon_core.shell:Creating package script '/home/nicolas/ws_ros2/install/px4_ros_com/share/px4_ros_com/package.bash'
[3.212s] INFO:colcon.colcon_core.shell:Creating package script '/home/nicolas/ws_ros2/install/px4_ros_com/share/px4_ros_com/package.zsh'
[3.213s] Level 1:colcon.colcon_core.environment:create_file_with_runtime_dependencies(/home/nicolas/ws_ros2/install/px4_ros_com/share/colcon-core/packages/px4_ros_com)
[3.214s] DEBUG:colcon.colcon_parallel_executor.executor.parallel:closing loop
[3.214s] DEBUG:colcon.colcon_parallel_executor.executor.parallel:loop closed
[3.214s] DEBUG:colcon.colcon_parallel_executor.executor.parallel:run_until_complete finished with '0'
[3.214s] DEBUG:colcon.colcon_core.event_reactor:joining thread
[3.229s] INFO:colcon.colcon_core.plugin_system:Skipping extension 'colcon_notification.desktop_notification.terminal_notifier': Not used on non-Darwin systems
[3.229s] INFO:colcon.colcon_core.plugin_system:Skipping extension 'colcon_notification.desktop_notification.win32': Not used on non-Windows systems
[3.229s] INFO:colcon.colcon_notification.desktop_notification:Sending desktop notification using 'notify2'
[3.248s] DEBUG:colcon.colcon_core.event_reactor:joined thread
[3.249s] INFO:colcon.colcon_core.shell:Creating prefix script '/home/nicolas/ws_ros2/install/local_setup.ps1'
[3.250s] INFO:colcon.colcon_core.shell:Creating prefix util module '/home/nicolas/ws_ros2/install/_local_setup_util_ps1.py'
[3.252s] INFO:colcon.colcon_core.shell:Creating prefix chain script '/home/nicolas/ws_ros2/install/setup.ps1'
[3.254s] INFO:colcon.colcon_core.shell:Creating prefix script '/home/nicolas/ws_ros2/install/local_setup.sh'
[3.256s] INFO:colcon.colcon_core.shell:Creating prefix util module '/home/nicolas/ws_ros2/install/_local_setup_util_sh.py'
[3.257s] INFO:colcon.colcon_core.shell:Creating prefix chain script '/home/nicolas/ws_ros2/install/setup.sh'
[3.259s] INFO:colcon.colcon_core.shell:Creating prefix script '/home/nicolas/ws_ros2/install/local_setup.bash'
[3.260s] INFO:colcon.colcon_core.shell:Creating prefix chain script '/home/nicolas/ws_ros2/install/setup.bash'
[3.261s] INFO:colcon.colcon_core.shell:Creating prefix script '/home/nicolas/ws_ros2/install/local_setup.zsh'
[3.262s] INFO:colcon.colcon_core.shell:Creating prefix chain script '/home/nicolas/ws_ros2/install/setup.zsh'
