[0.007s] Invoking command in '/home/nicolas/ws_ros2/build/px4_ros_com': AMENT_PREFIX_PATH=/home/nicolas/ws_ros2/install/px4_msgs:${AMENT_PREFIX_PATH} CMAKE_PREFIX_PATH=/home/nicolas/ws_ros2/install/px4_msgs:/opt/ros/humble LD_LIBRARY_PATH=/home/nicolas/ws_ros2/install/px4_msgs/lib:${LD_LIBRARY_PATH} PYTHONPATH=/home/nicolas/ws_ros2/install/px4_msgs/local/lib/python3.10/dist-packages:${PYTHONPATH} /usr/bin/cmake --build /home/nicolas/ws_ros2/build/px4_ros_com -- -j16 -l16
[0.050s] [ 16%] Built target frame_transforms
[0.050s] [ 33%] Built target sensor_combined_listener
[0.050s] [ 50%] Built target vehicle_gps_position_listener
[0.051s] [ 66%] Built target offboard_control
[0.051s] [ 83%] Built target debug_vect_advertiser
[0.052s] [100%] Built target offboard_control_srv
[0.053s] [100%] Built target ament_cmake_python_copy_px4_ros_com
[0.230s] running egg_info
[0.230s] writing px4_ros_com.egg-info/PKG-INFO
[0.230s] writing dependency_links to px4_ros_com.egg-info/dependency_links.txt
[0.231s] writing top-level names to px4_ros_com.egg-info/top_level.txt
[0.232s] reading manifest file 'px4_ros_com.egg-info/SOURCES.txt'
[0.232s] writing manifest file 'px4_ros_com.egg-info/SOURCES.txt'
[0.253s] [100%] Built target ament_cmake_python_build_px4_ros_com_egg
[0.261s] Invoked command in '/home/nicolas/ws_ros2/build/px4_ros_com' returned '0': AMENT_PREFIX_PATH=/home/nicolas/ws_ros2/install/px4_msgs:${AMENT_PREFIX_PATH} CMAKE_PREFIX_PATH=/home/nicolas/ws_ros2/install/px4_msgs:/opt/ros/humble LD_LIBRARY_PATH=/home/nicolas/ws_ros2/install/px4_msgs/lib:${LD_LIBRARY_PATH} PYTHONPATH=/home/nicolas/ws_ros2/install/px4_msgs/local/lib/python3.10/dist-packages:${PYTHONPATH} /usr/bin/cmake --build /home/nicolas/ws_ros2/build/px4_ros_com -- -j16 -l16
[0.263s] Invoking command in '/home/nicolas/ws_ros2/build/px4_ros_com': AMENT_PREFIX_PATH=/home/nicolas/ws_ros2/install/px4_msgs:${AMENT_PREFIX_PATH} CMAKE_PREFIX_PATH=/home/nicolas/ws_ros2/install/px4_msgs:/opt/ros/humble LD_LIBRARY_PATH=/home/nicolas/ws_ros2/install/px4_msgs/lib:${LD_LIBRARY_PATH} PYTHONPATH=/home/nicolas/ws_ros2/install/px4_msgs/local/lib/python3.10/dist-packages:${PYTHONPATH} /usr/bin/cmake --install /home/nicolas/ws_ros2/build/px4_ros_com
[0.268s] -- Install configuration: ""
[0.268s] -- Up-to-date: /home/nicolas/ws_ros2/install/px4_ros_com/lib/px4_ros_com/sensor_combined_listener
[0.268s] -- Up-to-date: /home/nicolas/ws_ros2/install/px4_ros_com/lib/px4_ros_com/vehicle_gps_position_listener
[0.268s] -- Up-to-date: /home/nicolas/ws_ros2/install/px4_ros_com/lib/px4_ros_com/debug_vect_advertiser
[0.268s] -- Up-to-date: /home/nicolas/ws_ros2/install/px4_ros_com/lib/px4_ros_com/offboard_control
[0.269s] -- Up-to-date: /home/nicolas/ws_ros2/install/px4_ros_com/lib/px4_ros_com/offboard_control_srv
[0.269s] -- Up-to-date: /home/nicolas/ws_ros2/install/px4_ros_com/share/px4_ros_com/environment/library_path.sh
[0.269s] -- Up-to-date: /home/nicolas/ws_ros2/install/px4_ros_com/share/px4_ros_com/environment/library_path.dsv
[0.269s] -- Up-to-date: /home/nicolas/ws_ros2/install/px4_ros_com/include/px4_ros_com
[0.269s] -- Up-to-date: /home/nicolas/ws_ros2/install/px4_ros_com/include/px4_ros_com/frame_transforms.h
[0.269s] -- Up-to-date: /home/nicolas/ws_ros2/install/px4_ros_com/lib/libframe_transforms.so
[0.269s] -- Up-to-date: /home/nicolas/ws_ros2/install/px4_ros_com/share/px4_ros_com//launch
[0.269s] -- Up-to-date: /home/nicolas/ws_ros2/install/px4_ros_com/share/px4_ros_com//launch/sensor_combined_listener.launch.py
[0.269s] -- Up-to-date: /home/nicolas/ws_ros2/install/px4_ros_com/share/px4_ros_com//launch/offboard_control_launch.yaml
[0.269s] -- Up-to-date: /home/nicolas/ws_ros2/install/px4_ros_com/share/px4_ros_com//test
[0.269s] -- Up-to-date: /home/nicolas/ws_ros2/install/px4_ros_com/share/px4_ros_com//test/test_output.py
[0.269s] -- Up-to-date: /home/nicolas/ws_ros2/install/px4_ros_com/share/px4_ros_com//test/__init__.py
[0.269s] -- Up-to-date: /home/nicolas/ws_ros2/install/px4_ros_com/share/px4_ros_com//test/pipeline_io_test.py
[0.269s] -- Up-to-date: /home/nicolas/ws_ros2/install/px4_ros_com/share/px4_ros_com//test/test_input.py
[0.270s] -- Up-to-date: /home/nicolas/ws_ros2/install/px4_ros_com/share/px4_ros_com/environment/pythonpath.sh
[0.270s] -- Up-to-date: /home/nicolas/ws_ros2/install/px4_ros_com/share/px4_ros_com/environment/pythonpath.dsv
[0.270s] -- Up-to-date: /home/nicolas/ws_ros2/install/px4_ros_com/local/lib/python3.10/dist-packages/px4_ros_com-0.1.0-py3.10.egg-info
[0.270s] -- Installing: /home/nicolas/ws_ros2/install/px4_ros_com/local/lib/python3.10/dist-packages/px4_ros_com-0.1.0-py3.10.egg-info/SOURCES.txt
[0.270s] -- Installing: /home/nicolas/ws_ros2/install/px4_ros_com/local/lib/python3.10/dist-packages/px4_ros_com-0.1.0-py3.10.egg-info/top_level.txt
[0.270s] -- Installing: /home/nicolas/ws_ros2/install/px4_ros_com/local/lib/python3.10/dist-packages/px4_ros_com-0.1.0-py3.10.egg-info/dependency_links.txt
[0.270s] -- Installing: /home/nicolas/ws_ros2/install/px4_ros_com/local/lib/python3.10/dist-packages/px4_ros_com-0.1.0-py3.10.egg-info/PKG-INFO
[0.270s] -- Up-to-date: /home/nicolas/ws_ros2/install/px4_ros_com/local/lib/python3.10/dist-packages/px4_ros_com
[0.270s] -- Up-to-date: /home/nicolas/ws_ros2/install/px4_ros_com/local/lib/python3.10/dist-packages/px4_ros_com/__init__.py
[0.270s] -- Up-to-date: /home/nicolas/ws_ros2/install/px4_ros_com/local/lib/python3.10/dist-packages/px4_ros_com/module_to_import.py
[0.295s] Listing '/home/nicolas/ws_ros2/install/px4_ros_com/local/lib/python3.10/dist-packages/px4_ros_com'...
[0.298s] -- Up-to-date: /home/nicolas/ws_ros2/install/px4_ros_com/lib/px4_ros_com/offboard_control.py
[0.298s] -- Up-to-date: /home/nicolas/ws_ros2/install/px4_ros_com/share/ament_index/resource_index/package_run_dependencies/px4_ros_com
[0.299s] -- Up-to-date: /home/nicolas/ws_ros2/install/px4_ros_com/share/ament_index/resource_index/parent_prefix_path/px4_ros_com
[0.299s] -- Up-to-date: /home/nicolas/ws_ros2/install/px4_ros_com/share/px4_ros_com/environment/ament_prefix_path.sh
[0.299s] -- Up-to-date: /home/nicolas/ws_ros2/install/px4_ros_com/share/px4_ros_com/environment/ament_prefix_path.dsv
[0.299s] -- Up-to-date: /home/nicolas/ws_ros2/install/px4_ros_com/share/px4_ros_com/environment/path.sh
[0.299s] -- Up-to-date: /home/nicolas/ws_ros2/install/px4_ros_com/share/px4_ros_com/environment/path.dsv
[0.299s] -- Up-to-date: /home/nicolas/ws_ros2/install/px4_ros_com/share/px4_ros_com/local_setup.bash
[0.299s] -- Up-to-date: /home/nicolas/ws_ros2/install/px4_ros_com/share/px4_ros_com/local_setup.sh
[0.299s] -- Up-to-date: /home/nicolas/ws_ros2/install/px4_ros_com/share/px4_ros_com/local_setup.zsh
[0.299s] -- Up-to-date: /home/nicolas/ws_ros2/install/px4_ros_com/share/px4_ros_com/local_setup.dsv
[0.299s] -- Installing: /home/nicolas/ws_ros2/install/px4_ros_com/share/px4_ros_com/package.dsv
[0.299s] -- Up-to-date: /home/nicolas/ws_ros2/install/px4_ros_com/share/ament_index/resource_index/packages/px4_ros_com
[0.299s] -- Up-to-date: /home/nicolas/ws_ros2/install/px4_ros_com/share/px4_ros_com/cmake/export_frame_transformsExport.cmake
[0.299s] -- Up-to-date: /home/nicolas/ws_ros2/install/px4_ros_com/share/px4_ros_com/cmake/export_frame_transformsExport-noconfig.cmake
[0.299s] -- Up-to-date: /home/nicolas/ws_ros2/install/px4_ros_com/share/px4_ros_com/cmake/ament_cmake_export_dependencies-extras.cmake
[0.299s] -- Up-to-date: /home/nicolas/ws_ros2/install/px4_ros_com/share/px4_ros_com/cmake/ament_cmake_export_targets-extras.cmake
[0.299s] -- Up-to-date: /home/nicolas/ws_ros2/install/px4_ros_com/share/px4_ros_com/cmake/ament_cmake_export_include_directories-extras.cmake
[0.299s] -- Up-to-date: /home/nicolas/ws_ros2/install/px4_ros_com/share/px4_ros_com/cmake/ament_cmake_export_libraries-extras.cmake
[0.299s] -- Up-to-date: /home/nicolas/ws_ros2/install/px4_ros_com/share/px4_ros_com/cmake/px4_ros_comConfig.cmake
[0.299s] -- Up-to-date: /home/nicolas/ws_ros2/install/px4_ros_com/share/px4_ros_com/cmake/px4_ros_comConfig-version.cmake
[0.299s] -- Up-to-date: /home/nicolas/ws_ros2/install/px4_ros_com/share/px4_ros_com/package.xml
[0.301s] Invoked command in '/home/nicolas/ws_ros2/build/px4_ros_com' returned '0': AMENT_PREFIX_PATH=/home/nicolas/ws_ros2/install/px4_msgs:${AMENT_PREFIX_PATH} CMAKE_PREFIX_PATH=/home/nicolas/ws_ros2/install/px4_msgs:/opt/ros/humble LD_LIBRARY_PATH=/home/nicolas/ws_ros2/install/px4_msgs/lib:${LD_LIBRARY_PATH} PYTHONPATH=/home/nicolas/ws_ros2/install/px4_msgs/local/lib/python3.10/dist-packages:${PYTHONPATH} /usr/bin/cmake --install /home/nicolas/ws_ros2/build/px4_ros_com
