running egg_info
writing ../../build/my_tf2_package/my_tf2_package.egg-info/PKG-INFO
writing dependency_links to ../../build/my_tf2_package/my_tf2_package.egg-info/dependency_links.txt
writing entry points to ../../build/my_tf2_package/my_tf2_package.egg-info/entry_points.txt
writing requirements to ../../build/my_tf2_package/my_tf2_package.egg-info/requires.txt
writing top-level names to ../../build/my_tf2_package/my_tf2_package.egg-info/top_level.txt
package init file 'my_tf2_package/__init__.py' not found (or not a regular file)
reading manifest file '../../build/my_tf2_package/my_tf2_package.egg-info/SOURCES.txt'
writing manifest file '../../build/my_tf2_package/my_tf2_package.egg-info/SOURCES.txt'
running build
running build_py
copying my_tf2_package/init.py -> /home/nicolas/ws_ros2/build/my_tf2_package/build/lib/my_tf2_package
running install
running install_lib
copying /home/nicolas/ws_ros2/build/my_tf2_package/build/lib/my_tf2_package/init.py -> /home/nicolas/ws_ros2/install/my_tf2_package/lib/python3.10/site-packages/my_tf2_package
byte-compiling /home/nicolas/ws_ros2/install/my_tf2_package/lib/python3.10/site-packages/my_tf2_package/init.py to init.cpython-310.pyc
running install_data
running install_egg_info
removing '/home/nicolas/ws_ros2/install/my_tf2_package/lib/python3.10/site-packages/my_tf2_package-0.0.0-py3.10.egg-info' (and everything under it)
Copying ../../build/my_tf2_package/my_tf2_package.egg-info to /home/nicolas/ws_ros2/install/my_tf2_package/lib/python3.10/site-packages/my_tf2_package-0.0.0-py3.10.egg-info
running install_scripts
Installing drone_tf_node script to /home/nicolas/ws_ros2/install/my_tf2_package/lib/my_tf2_package
writing list of installed files to '/home/nicolas/ws_ros2/build/my_tf2_package/install.log'
